Archive member included because of file (symbol)

.\CortexM0\ARM_GCC_493\Debug\Sensor-PSoC.a(cyfitter_cfg.o)
                              .\CortexM0\ARM_GCC_493\Debug\Cm0Start.o (cyfitter_cfg)
.\CortexM0\ARM_GCC_493\Debug\Sensor-PSoC.a(CyLib.o)
                              .\CortexM0\ARM_GCC_493\Debug\Sensor-PSoC.a(cyfitter_cfg.o) (CyIntEnable)
.\CortexM0\ARM_GCC_493\Debug\Sensor-PSoC.a(CyLFClk.o)
                              .\CortexM0\ARM_GCC_493\Debug\Sensor-PSoC.a(cyfitter_cfg.o) (CySysWdtIsr)
.\CortexM0\ARM_GCC_493\Debug\Sensor-PSoC.a(DistTimer.o)
                              .\CortexM0\ARM_GCC_493\Debug\main.o (DistTimer_ReadCapture)
.\CortexM0\ARM_GCC_493\Debug\Sensor-PSoC.a(DistTimerInt.o)
                              .\CortexM0\ARM_GCC_493\Debug\main.o (DistTimerInt_StartEx)
.\CortexM0\ARM_GCC_493\Debug\Sensor-PSoC.a(PIR_Trig.o)
                              .\CortexM0\ARM_GCC_493\Debug\main.o (PIR_Trig_Read)
.\CortexM0\ARM_GCC_493\Debug\Sensor-PSoC.a(MetronomeISR.o)
                              .\CortexM0\ARM_GCC_493\Debug\main.o (MetronomeISR_StartEx)
.\CortexM0\ARM_GCC_493\Debug\Sensor-PSoC.a(MetronomeTimer.o)
                              .\CortexM0\ARM_GCC_493\Debug\main.o (MetronomeTimer_ReadStatusRegister)
.\CortexM0\ARM_GCC_493\Debug\Sensor-PSoC.a(DistReset.o)
                              .\CortexM0\ARM_GCC_493\Debug\main.o (DistReset_Write)
.\CortexM0\ARM_GCC_493\Debug\Sensor-PSoC.a(DistTrigger.o)
                              .\CortexM0\ARM_GCC_493\Debug\main.o (DistTrigger_Write)
.\CortexM0\ARM_GCC_493\Debug\Sensor-PSoC.a(DEBUG.o)
                              .\CortexM0\ARM_GCC_493\Debug\main.o (DEBUG_PutString)
.\CortexM0\ARM_GCC_493\Debug\Sensor-PSoC.a(DEBUG_AsmGnu.o)
                              .\CortexM0\ARM_GCC_493\Debug\Sensor-PSoC.a(DEBUG.o) (DEBUG_PutChar)
.\CortexM0\ARM_GCC_493\Debug\Sensor-PSoC.a(LumenCom.o)
                              .\CortexM0\ARM_GCC_493\Debug\LumenSensor.o (LumenCom_Start)
.\CortexM0\ARM_GCC_493\Debug\Sensor-PSoC.a(LumenCom_I2C.o)
                              .\CortexM0\ARM_GCC_493\Debug\Sensor-PSoC.a(LumenCom.o) (LumenCom_I2CInit)
.\CortexM0\ARM_GCC_493\Debug\Sensor-PSoC.a(LumenCom_I2C_MASTER.o)
                              .\CortexM0\ARM_GCC_493\Debug\Sensor-PSoC.a(LumenCom_I2C.o) (LumenCom_mstrRdBufIndex)
.\CortexM0\ARM_GCC_493\Debug\Sensor-PSoC.a(LumenCom_sda.o)
                              .\CortexM0\ARM_GCC_493\Debug\LumenSensor.o (LumenCom_sda_SetDriveMode)
.\CortexM0\ARM_GCC_493\Debug\Sensor-PSoC.a(LumenCom_scl.o)
                              .\CortexM0\ARM_GCC_493\Debug\LumenSensor.o (LumenCom_scl_SetDriveMode)
.\CortexM0\ARM_GCC_493\Debug\Sensor-PSoC.a(GreenPWM.o)
                              .\CortexM0\ARM_GCC_493\Debug\main.o (GreenPWM_Stop)
.\CortexM0\ARM_GCC_493\Debug\Sensor-PSoC.a(RedPWM.o)
                              .\CortexM0\ARM_GCC_493\Debug\main.o (RedPWM_Stop)
.\CortexM0\ARM_GCC_493\Debug\Sensor-PSoC.a(BluePWM.o)
                              .\CortexM0\ARM_GCC_493\Debug\main.o (BluePWM_Stop)
.\CortexM0\ARM_GCC_493\Debug\Sensor-PSoC.a(I2CS.o)
                              .\CortexM0\ARM_GCC_493\Debug\i2c.o (I2CS_Start)
.\CortexM0\ARM_GCC_493\Debug\Sensor-PSoC.a(I2CS_I2C.o)
                              .\CortexM0\ARM_GCC_493\Debug\Sensor-PSoC.a(I2CS.o) (I2CS_I2CInit)
.\CortexM0\ARM_GCC_493\Debug\Sensor-PSoC.a(I2CS_I2C_SLAVE.o)
                              .\CortexM0\ARM_GCC_493\Debug\i2c.o (I2CS_I2CSlaveStatus)
.\CortexM0\ARM_GCC_493\Debug\Sensor-PSoC.a(DistInterruptPin.o)
                              .\CortexM0\ARM_GCC_493\Debug\main.o (DistInterruptPin_Write)
.\CortexM0\ARM_GCC_493\Debug\Sensor-PSoC.a(CyBootAsmGnu.o)
                              .\CortexM0\ARM_GCC_493\Debug\Sensor-PSoC.a(CyLib.o) (CyDelayCycles)
.\CortexM0\ARM_GCC_493\Debug\Sensor-PSoC.a(LumenCom_I2C_INT.o)
                              .\CortexM0\ARM_GCC_493\Debug\Sensor-PSoC.a(LumenCom_I2C.o) (LumenCom_I2C_ISR)
.\CortexM0\ARM_GCC_493\Debug\Sensor-PSoC.a(I2CS_I2C_INT.o)
                              .\CortexM0\ARM_GCC_493\Debug\Sensor-PSoC.a(I2CS_I2C.o) (I2CS_I2C_ISR)
c:/program files (x86)/cypress/psoc creator/3.3/psoc creator/import/gnu/arm/4.9.3/bin/../lib/gcc/arm-none-eabi/4.9.3/armv6-m\libgcc.a(_udivsi3.o)
                              .\CortexM0\ARM_GCC_493\Debug\lux.o (__aeabi_uidiv)
c:/program files (x86)/cypress/psoc creator/3.3/psoc creator/import/gnu/arm/4.9.3/bin/../lib/gcc/arm-none-eabi/4.9.3/armv6-m\libgcc.a(_divsi3.o)
                              .\CortexM0\ARM_GCC_493\Debug\main.o (__aeabi_idiv)
c:/program files (x86)/cypress/psoc creator/3.3/psoc creator/import/gnu/arm/4.9.3/bin/../lib/gcc/arm-none-eabi/4.9.3/armv6-m\libgcc.a(_dvmd_tls.o)
                              c:/program files (x86)/cypress/psoc creator/3.3/psoc creator/import/gnu/arm/4.9.3/bin/../lib/gcc/arm-none-eabi/4.9.3/armv6-m\libgcc.a(_udivsi3.o) (__aeabi_idiv0)
[...]
Memory Configuration

Name             Origin             Length             Attributes
rom              0x00000000         0x00008000         xr
ram              0x20000000         0x00001000         xrw
*default*        0x00000000         0xffffffff

Linker script and memory map

LOAD c:/program files (x86)/cypress/psoc creator/3.3/psoc creator/import/gnu/arm/4.9.3/bin/../lib/gcc/arm-none-eabi/4.9.3/armv6-m/crti.o
LOAD c:/program files (x86)/cypress/psoc creator/3.3/psoc creator/import/gnu/arm/4.9.3/bin/../lib/gcc/arm-none-eabi/4.9.3/armv6-m/crtbegin.o
LOAD c:/program files (x86)/cypress/psoc creator/3.3/psoc creator/import/gnu/arm/4.9.3/bin/../lib/gcc/arm-none-eabi/4.9.3/../../../../arm-none-eabi/lib/armv6-m/crt0.o
START GROUP
LOAD .\CortexM0\ARM_GCC_493\Debug\main.o
LOAD .\CortexM0\ARM_GCC_493\Debug\CircularMean.o
LOAD .\CortexM0\ARM_GCC_493\Debug\lux.o
LOAD .\CortexM0\ARM_GCC_493\Debug\i2c.o
LOAD .\CortexM0\ARM_GCC_493\Debug\queue.o
LOAD .\CortexM0\ARM_GCC_493\Debug\handler.o
LOAD .\CortexM0\ARM_GCC_493\Debug\SensorData.o
LOAD .\CortexM0\ARM_GCC_493\Debug\LumenSensor.o
LOAD .\CortexM0\ARM_GCC_493\Debug\cymetadata.o
LOAD .\CortexM0\ARM_GCC_493\Debug\Cm0Start.o
LOAD .\CortexM0\ARM_GCC_493\Debug\Sensor-PSoC.a
LOAD C:\Program Files (x86)\Cypress\PSoC Creator\3.3\PSoC Creator\psoc\content\cycomponentlibrary\CyComponentLibrary.cylib\CortexM0\ARM_GCC_493\Debug\CyComponentLibrary.a
END GROUP
START GROUP
LOAD c:/program files (x86)/cypress/psoc creator/3.3/psoc creator/import/gnu/arm/4.9.3/bin/../lib/gcc/arm-none-eabi/4.9.3/armv6-m\libgcc.a
LOAD c:/program files (x86)/cypress/psoc creator/3.3/psoc creator/import/gnu/arm/4.9.3/bin/../lib/gcc/arm-none-eabi/4.9.3/../../../../arm-none-eabi/lib/armv6-m\libg_nano.a
LOAD c:/program files (x86)/cypress/psoc creator/3.3/psoc creator/import/gnu/arm/4.9.3/bin/../lib/gcc/arm-none-eabi/4.9.3/../../../../arm-none-eabi/lib/armv6-m\libc_nano.a
END GROUP
START GROUP
LOAD c:/program files (x86)/cypress/psoc creator/3.3/psoc creator/import/gnu/arm/4.9.3/bin/../lib/gcc/arm-none-eabi/4.9.3/armv6-m\libgcc.a
LOAD c:/program files (x86)/cypress/psoc creator/3.3/psoc creator/import/gnu/arm/4.9.3/bin/../lib/gcc/arm-none-eabi/4.9.3/../../../../arm-none-eabi/lib/armv6-m\libc_nano.a
END GROUP
LOAD c:/program files (x86)/cypress/psoc creator/3.3/psoc creator/import/gnu/arm/4.9.3/bin/../lib/gcc/arm-none-eabi/4.9.3/armv6-m/crtend.o
LOAD c:/program files (x86)/cypress/psoc creator/3.3/psoc creator/import/gnu/arm/4.9.3/bin/../lib/gcc/arm-none-eabi/4.9.3/armv6-m/crtn.o
START GROUP
LOAD c:/program files (x86)/cypress/psoc creator/3.3/psoc creator/import/gnu/arm/4.9.3/bin/../lib/gcc/arm-none-eabi/4.9.3/armv6-m\libgcc.a
LOAD c:/program files (x86)/cypress/psoc creator/3.3/psoc creator/import/gnu/arm/4.9.3/bin/../lib/gcc/arm-none-eabi/4.9.3/../../../../arm-none-eabi/lib/armv6-m\libc.a
LOAD c:/program files (x86)/cypress/psoc creator/3.3/psoc creator/import/gnu/arm/4.9.3/bin/../lib/gcc/arm-none-eabi/4.9.3/../../../../arm-none-eabi/lib/armv6-m\libnosys.a
END GROUP
                0x00000000                CY_APPL_ORIGIN = 0x0
                0x00000080                CY_FLASH_ROW_SIZE = 0x80
                0x00000001                CY_APPL_NUM = 0x1
                0x00000001                CY_APPL_MAX = 0x1
                0x00000040                CY_METADATA_SIZE = 0x40
                0x00000000                CY_APPL_LOADABLE = 0x0
                0x00000000                CY_CHECKSUM_EXCLUDE_SIZE = ALIGN (0x0, CY_FLASH_ROW_SIZE)
                0x00000000                CY_APP_FOR_STACK_AND_COPIER = 0x0
                0x200002b8                PROVIDE (__cy_heap_start, _end)
                0x00000001                PROVIDE (__cy_region_num, ((__cy_regions_end - __cy_regions) / 0x10))
                0x20001000                PROVIDE (__cy_stack, (ORIGIN (ram) + 0x1000))
                0x20000c00                PROVIDE (__cy_heap_end, (__cy_stack - 0x400))

.cybootloader   0x00000000        0x0
 *(.cybootloader)
                0x00000000                appl1_start = CY_APPL_ORIGIN?CY_APPL_ORIGIN:ALIGN (CY_FLASH_ROW_SIZE)
                0x00003f80                appl2_start = (appl1_start + ALIGN ((((0x8000 - appl1_start) - (0x2 * CY_FLASH_ROW_SIZE)) / 0x2), CY_FLASH_ROW_SIZE))
                0x00000000                appl_start = (CY_APPL_NUM == 0x1)?appl1_start:appl2_start
                0x00000001                cy_project_type_bootloader = (appl_start == 0x0)?0x1:0x0
                0x00000000                cy_project_type_app_for_stack_and_copier = (CY_APP_FOR_STACK_AND_COPIER == 0x1)?0x1:0x0

.text           0x00000000     0x31a2
 CREATE_OBJECT_SYMBOLS
                0x00000000                PROVIDE (__cy_interrupt_vector, RomVectors)
 *(.romvectors)
 .romvectors    0x00000000       0x10 .\CortexM0\ARM_GCC_493\Debug\Cm0Start.o
                0x00000000                RomVectors
                0x00000001                ASSERT ((. != __cy_interrupt_vector), No interrupt vector)
                0x00000001                ASSERT (CY_APPL_ORIGIN?(SIZEOF (.cybootloader) <= CY_APPL_ORIGIN):0x1, Wrong image location)
                0x00000010                PROVIDE (__cy_reset, Reset)
 *(.text.Reset)
 .text.Reset    0x00000010        0x8 .\CortexM0\ARM_GCC_493\Debug\Cm0Start.o
                0x00000010                Reset
                0x00000001                ASSERT ((. != __cy_reset), No reset code)
 *(.psocinit)
 .psocinit      0x00000018      0x244 .\CortexM0\ARM_GCC_493\Debug\Sensor-PSoC.a(cyfitter_cfg.o)
                0x000000f8                cyfitter_cfg
                0x0000025c                . = MAX (., 0x100)
 *(.text .text.* .gnu.linkonce.t.*)
 .text          0x0000025c       0x60 c:/program files (x86)/cypress/psoc creator/3.3/psoc creator/import/gnu/arm/4.9.3/bin/../lib/gcc/arm-none-eabi/4.9.3/armv6-m/crtbegin.o
 .text.DistTimer_Interrupt
                0x000002bc       0x54 .\CortexM0\ARM_GCC_493\Debug\main.o
                0x000002bc                DistTimer_Interrupt
 .text.initCtrlFlags
                0x00000310       0x18 .\CortexM0\ARM_GCC_493\Debug\main.o
                0x00000310                initCtrlFlags
 .text.incrCtrlFlag
                0x00000328       0x28 .\CortexM0\ARM_GCC_493\Debug\main.o
                0x00000328                incrCtrlFlag
 .text.Metronome_Interrupt
                0x00000350       0x20 .\CortexM0\ARM_GCC_493\Debug\main.o
                0x00000350                Metronome_Interrupt
 .text.scaleLedPWM
                0x00000370       0x64 .\CortexM0\ARM_GCC_493\Debug\main.o
                0x00000370                scaleLedPWM
 .text.main     0x000003d4      0x1c8 .\CortexM0\ARM_GCC_493\Debug\main.o
                0x000003d4                main
 .text.initCircularMean
                0x0000059c       0x20 .\CortexM0\ARM_GCC_493\Debug\CircularMean.o
                0x0000059c                initCircularMean
 .text.insertValue
                0x000005bc       0x2c .\CortexM0\ARM_GCC_493\Debug\CircularMean.o
                0x000005bc                insertValue
 .text.getMeanValue
                0x000005e8       0x2c .\CortexM0\ARM_GCC_493\Debug\CircularMean.o
                0x000005e8                getMeanValue
 .text.CalculateLux
                0x00000614      0x158 .\CortexM0\ARM_GCC_493\Debug\lux.o
                0x00000614                CalculateLux
 .text.isr_i2c_rx
                0x0000076c       0x40 .\CortexM0\ARM_GCC_493\Debug\i2c.o
                0x0000076c                isr_i2c_rx
 .text.i2c_init
                0x000007ac       0x3c .\CortexM0\ARM_GCC_493\Debug\i2c.o
                0x000007ac                i2c_init
 .text.i2c_tx   0x000007e8       0x14 .\CortexM0\ARM_GCC_493\Debug\i2c.o
                0x000007e8                i2c_tx
 .text.queue_init
                0x000007fc       0x18 .\CortexM0\ARM_GCC_493\Debug\queue.o
                0x000007fc                queue_init
 .text.frontQueue
                0x00000814       0x14 .\CortexM0\ARM_GCC_493\Debug\queue.o
                0x00000814                frontQueue
 .text.isEmptyQueue
                0x00000828       0x14 .\CortexM0\ARM_GCC_493\Debug\queue.o
                0x00000828                isEmptyQueue
 .text.headInsert
                0x0000083c       0x28 .\CortexM0\ARM_GCC_493\Debug\queue.o
                0x0000083c                headInsert
 .text.headRemove
                0x00000864       0x14 .\CortexM0\ARM_GCC_493\Debug\queue.o
                0x00000864                headRemove
 .text.popQueue
                0x00000878       0x20 .\CortexM0\ARM_GCC_493\Debug\queue.o
                0x00000878                popQueue
 .text.backInsert
                0x00000898       0x2c .\CortexM0\ARM_GCC_493\Debug\queue.o
                0x00000898                backInsert
 .text.pushQueue
                0x000008c4       0x44 .\CortexM0\ARM_GCC_493\Debug\queue.o
                0x000008c4                pushQueue
 .text.handler  0x00000908      0x270 .\CortexM0\ARM_GCC_493\Debug\handler.o
                0x00000908                handler
 .text.initSensorData
                0x00000b78       0x2c .\CortexM0\ARM_GCC_493\Debug\SensorData.o
                0x00000b78                initSensorData
 .text.initLumenSensor
                0x00000ba4       0x34 .\CortexM0\ARM_GCC_493\Debug\LumenSensor.o
                0x00000ba4                initLumenSensor
 .text.readLumenSensor
                0x00000bd8       0x84 .\CortexM0\ARM_GCC_493\Debug\LumenSensor.o
                0x00000bd8                readLumenSensor
 .text.scaleLuxToFF
                0x00000c5c       0x14 .\CortexM0\ARM_GCC_493\Debug\LumenSensor.o
                0x00000c5c                scaleLuxToFF
 .text.scaleFFtoLux
                0x00000c70        0x8 .\CortexM0\ARM_GCC_493\Debug\LumenSensor.o
                0x00000c70                scaleFFtoLux
 .text.IntDefaultHandler
                0x00000c78        0x4 .\CortexM0\ARM_GCC_493\Debug\Cm0Start.o
                0x00000c78                IntDefaultHandler
 .text._sbrk    0x00000c7c       0x30 .\CortexM0\ARM_GCC_493\Debug\Cm0Start.o
                0x00000c7c                _sbrk
 .text.Start_c  0x00000cac       0x48 .\CortexM0\ARM_GCC_493\Debug\Cm0Start.o
                0x00000cac                Start_c
 .text.initialize_psoc
                0x00000cf4       0x48 .\CortexM0\ARM_GCC_493\Debug\Cm0Start.o
                0x00000cf4                initialize_psoc
 .text.cfg_write_bytes32
                0x00000d3c       0x34 .\CortexM0\ARM_GCC_493\Debug\Sensor-PSoC.a(cyfitter_cfg.o)
 .text.CYMEMZERO
                0x00000d70        0xc .\CortexM0\ARM_GCC_493\Debug\Sensor-PSoC.a(cyfitter_cfg.o)
 .text.CyIntEnable
                0x00000d7c       0x14 .\CortexM0\ARM_GCC_493\Debug\Sensor-PSoC.a(CyLib.o)
                0x00000d7c                CyIntEnable
 .text.CyIntDisable
                0x00000d90       0x14 .\CortexM0\ARM_GCC_493\Debug\Sensor-PSoC.a(CyLib.o)
                0x00000d90                CyIntDisable
 .text.CyHalt   0x00000da4        0x4 .\CortexM0\ARM_GCC_493\Debug\Sensor-PSoC.a(CyLib.o)
                0x00000da4                CyHalt
 .text.CyIntSetVector
                0x00000da8       0x24 .\CortexM0\ARM_GCC_493\Debug\Sensor-PSoC.a(CyLib.o)
                0x00000da8                CyIntSetVector
 .text.CyIntSetPriority
                0x00000dcc       0x4c .\CortexM0\ARM_GCC_493\Debug\Sensor-PSoC.a(CyLib.o)
                0x00000dcc                CyIntSetPriority
 .text.CyDelayUs
                0x00000e18       0x14 .\CortexM0\ARM_GCC_493\Debug\Sensor-PSoC.a(CyLib.o)
                0x00000e18                CyDelayUs
 .text.CySysClkWriteImoFreq
                0x00000e2c      0x164 .\CortexM0\ARM_GCC_493\Debug\Sensor-PSoC.a(CyLib.o)
                0x00000e2c                CySysClkWriteImoFreq
 .text.CySysWdtLocked
                0x00000f90       0x14 .\CortexM0\ARM_GCC_493\Debug\Sensor-PSoC.a(CyLFClk.o)
 .text.CySysWdtLock
                0x00000fa4       0x1c .\CortexM0\ARM_GCC_493\Debug\Sensor-PSoC.a(CyLFClk.o)
                0x00000fa4                CySysWdtLock
 .text.CySysWdtUnlock
                0x00000fc0       0x30 .\CortexM0\ARM_GCC_493\Debug\Sensor-PSoC.a(CyLFClk.o)
                0x00000fc0                CySysWdtUnlock
 .text.CySysWdtClearInterrupt
                0x00000ff0       0x4c .\CortexM0\ARM_GCC_493\Debug\Sensor-PSoC.a(CyLFClk.o)
                0x00000ff0                CySysWdtClearInterrupt
 .text.CySysWdtIsr
                0x0000103c       0xa4 .\CortexM0\ARM_GCC_493\Debug\Sensor-PSoC.a(CyLFClk.o)
                0x0000103c                CySysWdtIsr
 .text.DistTimer_SetInterruptMode
                0x000010e0        0xc .\CortexM0\ARM_GCC_493\Debug\Sensor-PSoC.a(DistTimer.o)
                0x000010e0                DistTimer_SetInterruptMode
 .text.DistTimer_ReadStatusRegister
                0x000010ec        0xc .\CortexM0\ARM_GCC_493\Debug\Sensor-PSoC.a(DistTimer.o)
                0x000010ec                DistTimer_ReadStatusRegister
 .text.DistTimer_WritePeriod
                0x000010f8        0xc .\CortexM0\ARM_GCC_493\Debug\Sensor-PSoC.a(DistTimer.o)
                0x000010f8                DistTimer_WritePeriod
 .text.DistTimer_ReadCapture
                0x00001104        0xc .\CortexM0\ARM_GCC_493\Debug\Sensor-PSoC.a(DistTimer.o)
                0x00001104                DistTimer_ReadCapture
 .text.DistTimer_WriteCounter
                0x00001110        0xc .\CortexM0\ARM_GCC_493\Debug\Sensor-PSoC.a(DistTimer.o)
                0x00001110                DistTimer_WriteCounter
 .text.DistTimer_ClearFIFO
                0x0000111c       0x14 .\CortexM0\ARM_GCC_493\Debug\Sensor-PSoC.a(DistTimer.o)
                0x0000111c                DistTimer_ClearFIFO
 .text.DistTimer_Init
                0x00001130       0x38 .\CortexM0\ARM_GCC_493\Debug\Sensor-PSoC.a(DistTimer.o)
                0x00001130                DistTimer_Init
 .text.DistTimer_Start
                0x00001168       0x1c .\CortexM0\ARM_GCC_493\Debug\Sensor-PSoC.a(DistTimer.o)
                0x00001168                DistTimer_Start
 .text.DistTimerInt_SetVector
                0x00001184        0xc .\CortexM0\ARM_GCC_493\Debug\Sensor-PSoC.a(DistTimerInt.o)
                0x00001184                DistTimerInt_SetVector
 .text.DistTimerInt_SetPriority
                0x00001190       0x20 .\CortexM0\ARM_GCC_493\Debug\Sensor-PSoC.a(DistTimerInt.o)
                0x00001190                DistTimerInt_SetPriority
 .text.DistTimerInt_Enable
                0x000011b0        0xc .\CortexM0\ARM_GCC_493\Debug\Sensor-PSoC.a(DistTimerInt.o)
                0x000011b0                DistTimerInt_Enable
 .text.DistTimerInt_Disable
                0x000011bc        0xc .\CortexM0\ARM_GCC_493\Debug\Sensor-PSoC.a(DistTimerInt.o)
                0x000011bc                DistTimerInt_Disable
 .text.DistTimerInt_StartEx
                0x000011c8       0x1c .\CortexM0\ARM_GCC_493\Debug\Sensor-PSoC.a(DistTimerInt.o)
                0x000011c8                DistTimerInt_StartEx
 .text.PIR_Trig_Read
                0x000011e4       0x10 .\CortexM0\ARM_GCC_493\Debug\Sensor-PSoC.a(PIR_Trig.o)
                0x000011e4                PIR_Trig_Read
 .text.MetronomeISR_SetVector
                0x000011f4        0xc .\CortexM0\ARM_GCC_493\Debug\Sensor-PSoC.a(MetronomeISR.o)
                0x000011f4                MetronomeISR_SetVector
 .text.MetronomeISR_SetPriority
                0x00001200       0x24 .\CortexM0\ARM_GCC_493\Debug\Sensor-PSoC.a(MetronomeISR.o)
                0x00001200                MetronomeISR_SetPriority
 .text.MetronomeISR_Enable
                0x00001224        0xc .\CortexM0\ARM_GCC_493\Debug\Sensor-PSoC.a(MetronomeISR.o)
                0x00001224                MetronomeISR_Enable
 .text.MetronomeISR_Disable
                0x00001230        0xc .\CortexM0\ARM_GCC_493\Debug\Sensor-PSoC.a(MetronomeISR.o)
                0x00001230                MetronomeISR_Disable
 .text.MetronomeISR_StartEx
                0x0000123c       0x1c .\CortexM0\ARM_GCC_493\Debug\Sensor-PSoC.a(MetronomeISR.o)
                0x0000123c                MetronomeISR_StartEx
 .text.MetronomeTimer_Enable
                0x00001258       0x10 .\CortexM0\ARM_GCC_493\Debug\Sensor-PSoC.a(MetronomeTimer.o)
                0x00001258                MetronomeTimer_Enable
 .text.MetronomeTimer_SetInterruptMode
                0x00001268        0xc .\CortexM0\ARM_GCC_493\Debug\Sensor-PSoC.a(MetronomeTimer.o)
                0x00001268                MetronomeTimer_SetInterruptMode
 .text.MetronomeTimer_ReadStatusRegister
                0x00001274        0xc .\CortexM0\ARM_GCC_493\Debug\Sensor-PSoC.a(MetronomeTimer.o)
                0x00001274                MetronomeTimer_ReadStatusRegister
 .text.MetronomeTimer_WritePeriod
                0x00001280        0xc .\CortexM0\ARM_GCC_493\Debug\Sensor-PSoC.a(MetronomeTimer.o)
                0x00001280                MetronomeTimer_WritePeriod
 .text.MetronomeTimer_ReadCapture
                0x0000128c        0xc .\CortexM0\ARM_GCC_493\Debug\Sensor-PSoC.a(MetronomeTimer.o)
                0x0000128c                MetronomeTimer_ReadCapture
 .text.MetronomeTimer_WriteCounter
                0x00001298        0xc .\CortexM0\ARM_GCC_493\Debug\Sensor-PSoC.a(MetronomeTimer.o)
                0x00001298                MetronomeTimer_WriteCounter
 .text.MetronomeTimer_ClearFIFO
                0x000012a4       0x14 .\CortexM0\ARM_GCC_493\Debug\Sensor-PSoC.a(MetronomeTimer.o)
                0x000012a4                MetronomeTimer_ClearFIFO
 .text.MetronomeTimer_Init
                0x000012b8       0x30 .\CortexM0\ARM_GCC_493\Debug\Sensor-PSoC.a(MetronomeTimer.o)
                0x000012b8                MetronomeTimer_Init
 .text.MetronomeTimer_Start
                0x000012e8       0x20 .\CortexM0\ARM_GCC_493\Debug\Sensor-PSoC.a(MetronomeTimer.o)
                0x000012e8                MetronomeTimer_Start
 .text.DistReset_Write
                0x00001308       0x18 .\CortexM0\ARM_GCC_493\Debug\Sensor-PSoC.a(DistReset.o)
                0x00001308                DistReset_Write
 .text.DistTrigger_Write
                0x00001320       0x18 .\CortexM0\ARM_GCC_493\Debug\Sensor-PSoC.a(DistTrigger.o)
                0x00001320                DistTrigger_Write
 .text.DEBUG_PutString
                0x00001338       0x1c .\CortexM0\ARM_GCC_493\Debug\Sensor-PSoC.a(DEBUG.o)
                0x00001338                DEBUG_PutString
 .text.DEBUG_PutHexByte
                0x00001354       0x20 .\CortexM0\ARM_GCC_493\Debug\Sensor-PSoC.a(DEBUG.o)
                0x00001354                DEBUG_PutHexByte
 .text.DEBUG_PutCRLF
                0x00001374       0x10 .\CortexM0\ARM_GCC_493\Debug\Sensor-PSoC.a(DEBUG.o)
                0x00001374                DEBUG_PutCRLF
 *fill*         0x00001384       0x1c 
 .text          0x000013a0       0xe0 .\CortexM0\ARM_GCC_493\Debug\Sensor-PSoC.a(DEBUG_AsmGnu.o)
                0x000013a0                DEBUG_PutChar
 .text.LumenCom_ScbEnableIntr
                0x00001480        0xc .\CortexM0\ARM_GCC_493\Debug\Sensor-PSoC.a(LumenCom.o)
 .text.LumenCom_Init
                0x0000148c        0x8 .\CortexM0\ARM_GCC_493\Debug\Sensor-PSoC.a(LumenCom.o)
                0x0000148c                LumenCom_Init
 .text.LumenCom_Enable
                0x00001494       0x18 .\CortexM0\ARM_GCC_493\Debug\Sensor-PSoC.a(LumenCom.o)
                0x00001494                LumenCom_Enable
 .text.LumenCom_Start
                0x000014ac       0x20 .\CortexM0\ARM_GCC_493\Debug\Sensor-PSoC.a(LumenCom.o)
                0x000014ac                LumenCom_Start
 .text.LumenCom_I2CInit
                0x000014cc       0xcc .\CortexM0\ARM_GCC_493\Debug\Sensor-PSoC.a(LumenCom_I2C.o)
                0x000014cc                LumenCom_I2CInit
 .text.LumenCom_I2CMasterStatus
                0x00001598       0x30 .\CortexM0\ARM_GCC_493\Debug\Sensor-PSoC.a(LumenCom_I2C_MASTER.o)
                0x00001598                LumenCom_I2CMasterStatus
 .text.LumenCom_I2CReStartGeneration
                0x000015c8       0x90 .\CortexM0\ARM_GCC_493\Debug\Sensor-PSoC.a(LumenCom_I2C_MASTER.o)
                0x000015c8                LumenCom_I2CReStartGeneration
 .text.LumenCom_I2CMasterWriteBuf
                0x00001658       0xec .\CortexM0\ARM_GCC_493\Debug\Sensor-PSoC.a(LumenCom_I2C_MASTER.o)
                0x00001658                LumenCom_I2CMasterWriteBuf
 .text.LumenCom_I2CMasterReadBuf
                0x00001744       0xfc .\CortexM0\ARM_GCC_493\Debug\Sensor-PSoC.a(LumenCom_I2C_MASTER.o)
                0x00001744                LumenCom_I2CMasterReadBuf
 .text.LumenCom_sda_SetDriveMode
                0x00001840       0x14 .\CortexM0\ARM_GCC_493\Debug\Sensor-PSoC.a(LumenCom_sda.o)
                0x00001840                LumenCom_sda_SetDriveMode
 .text.LumenCom_sda_Read
                0x00001854       0x10 .\CortexM0\ARM_GCC_493\Debug\Sensor-PSoC.a(LumenCom_sda.o)
                0x00001854                LumenCom_sda_Read
 .text.LumenCom_scl_SetDriveMode
                0x00001864       0x14 .\CortexM0\ARM_GCC_493\Debug\Sensor-PSoC.a(LumenCom_scl.o)
                0x00001864                LumenCom_scl_SetDriveMode
 .text.LumenCom_scl_Write
                0x00001878       0x18 .\CortexM0\ARM_GCC_493\Debug\Sensor-PSoC.a(LumenCom_scl.o)
                0x00001878                LumenCom_scl_Write
 .text.LumenCom_scl_Read
                0x00001890       0x10 .\CortexM0\ARM_GCC_493\Debug\Sensor-PSoC.a(LumenCom_scl.o)
                0x00001890                LumenCom_scl_Read
 .text.GreenPWM_Stop
                0x000018a0       0x1c .\CortexM0\ARM_GCC_493\Debug\Sensor-PSoC.a(GreenPWM.o)
                0x000018a0                GreenPWM_Stop
 .text.GreenPWM_WriteCounter
                0x000018bc       0x10 .\CortexM0\ARM_GCC_493\Debug\Sensor-PSoC.a(GreenPWM.o)
                0x000018bc                GreenPWM_WriteCounter
 .text.GreenPWM_WritePeriod
                0x000018cc       0x10 .\CortexM0\ARM_GCC_493\Debug\Sensor-PSoC.a(GreenPWM.o)
                0x000018cc                GreenPWM_WritePeriod
 .text.GreenPWM_WriteCompare
                0x000018dc       0x10 .\CortexM0\ARM_GCC_493\Debug\Sensor-PSoC.a(GreenPWM.o)
                0x000018dc                GreenPWM_WriteCompare
 .text.GreenPWM_TriggerCommand
                0x000018ec       0x1c .\CortexM0\ARM_GCC_493\Debug\Sensor-PSoC.a(GreenPWM.o)
                0x000018ec                GreenPWM_TriggerCommand
 .text.GreenPWM_Enable
                0x00001908       0x24 .\CortexM0\ARM_GCC_493\Debug\Sensor-PSoC.a(GreenPWM.o)
                0x00001908                GreenPWM_Enable
 .text.GreenPWM_SetInterruptMode
                0x0000192c        0xc .\CortexM0\ARM_GCC_493\Debug\Sensor-PSoC.a(GreenPWM.o)
                0x0000192c                GreenPWM_SetInterruptMode
 .text.GreenPWM_Init
                0x00001938       0x4c .\CortexM0\ARM_GCC_493\Debug\Sensor-PSoC.a(GreenPWM.o)
                0x00001938                GreenPWM_Init
 .text.GreenPWM_Start
                0x00001984       0x20 .\CortexM0\ARM_GCC_493\Debug\Sensor-PSoC.a(GreenPWM.o)
                0x00001984                GreenPWM_Start
 .text.RedPWM_Stop
                0x000019a4       0x1c .\CortexM0\ARM_GCC_493\Debug\Sensor-PSoC.a(RedPWM.o)
                0x000019a4                RedPWM_Stop
 .text.RedPWM_WriteCounter
                0x000019c0       0x10 .\CortexM0\ARM_GCC_493\Debug\Sensor-PSoC.a(RedPWM.o)
                0x000019c0                RedPWM_WriteCounter
 .text.RedPWM_WritePeriod
                0x000019d0       0x10 .\CortexM0\ARM_GCC_493\Debug\Sensor-PSoC.a(RedPWM.o)
                0x000019d0                RedPWM_WritePeriod
 .text.RedPWM_WriteCompare
                0x000019e0       0x10 .\CortexM0\ARM_GCC_493\Debug\Sensor-PSoC.a(RedPWM.o)
                0x000019e0                RedPWM_WriteCompare
 .text.RedPWM_TriggerCommand
                0x000019f0       0x1c .\CortexM0\ARM_GCC_493\Debug\Sensor-PSoC.a(RedPWM.o)
                0x000019f0                RedPWM_TriggerCommand
 .text.RedPWM_Enable
                0x00001a0c       0x24 .\CortexM0\ARM_GCC_493\Debug\Sensor-PSoC.a(RedPWM.o)
                0x00001a0c                RedPWM_Enable
 .text.RedPWM_SetInterruptMode
                0x00001a30        0xc .\CortexM0\ARM_GCC_493\Debug\Sensor-PSoC.a(RedPWM.o)
                0x00001a30                RedPWM_SetInterruptMode
 .text.RedPWM_Init
                0x00001a3c       0x4c .\CortexM0\ARM_GCC_493\Debug\Sensor-PSoC.a(RedPWM.o)
                0x00001a3c                RedPWM_Init
 .text.RedPWM_Start
                0x00001a88       0x20 .\CortexM0\ARM_GCC_493\Debug\Sensor-PSoC.a(RedPWM.o)
                0x00001a88                RedPWM_Start
 .text.BluePWM_Stop
                0x00001aa8       0x1c .\CortexM0\ARM_GCC_493\Debug\Sensor-PSoC.a(BluePWM.o)
                0x00001aa8                BluePWM_Stop
 .text.BluePWM_WriteCounter
                0x00001ac4       0x10 .\CortexM0\ARM_GCC_493\Debug\Sensor-PSoC.a(BluePWM.o)
                0x00001ac4                BluePWM_WriteCounter
 .text.BluePWM_WritePeriod
                0x00001ad4       0x10 .\CortexM0\ARM_GCC_493\Debug\Sensor-PSoC.a(BluePWM.o)
                0x00001ad4                BluePWM_WritePeriod
 .text.BluePWM_WriteCompare
                0x00001ae4       0x10 .\CortexM0\ARM_GCC_493\Debug\Sensor-PSoC.a(BluePWM.o)
                0x00001ae4                BluePWM_WriteCompare
 .text.BluePWM_TriggerCommand
                0x00001af4       0x1c .\CortexM0\ARM_GCC_493\Debug\Sensor-PSoC.a(BluePWM.o)
                0x00001af4                BluePWM_TriggerCommand
 .text.BluePWM_Enable
                0x00001b10       0x24 .\CortexM0\ARM_GCC_493\Debug\Sensor-PSoC.a(BluePWM.o)
                0x00001b10                BluePWM_Enable
 .text.BluePWM_SetInterruptMode
                0x00001b34        0xc .\CortexM0\ARM_GCC_493\Debug\Sensor-PSoC.a(BluePWM.o)
                0x00001b34                BluePWM_SetInterruptMode
 .text.BluePWM_Init
                0x00001b40       0x4c .\CortexM0\ARM_GCC_493\Debug\Sensor-PSoC.a(BluePWM.o)
                0x00001b40                BluePWM_Init
 .text.BluePWM_Start
                0x00001b8c       0x20 .\CortexM0\ARM_GCC_493\Debug\Sensor-PSoC.a(BluePWM.o)
                0x00001b8c                BluePWM_Start
 .text.I2CS_ScbEnableIntr
                0x00001bac        0xc .\CortexM0\ARM_GCC_493\Debug\Sensor-PSoC.a(I2CS.o)
 .text.I2CS_Init
                0x00001bb8        0x8 .\CortexM0\ARM_GCC_493\Debug\Sensor-PSoC.a(I2CS.o)
                0x00001bb8                I2CS_Init
 .text.I2CS_Enable
                0x00001bc0       0x18 .\CortexM0\ARM_GCC_493\Debug\Sensor-PSoC.a(I2CS.o)
                0x00001bc0                I2CS_Enable
 .text.I2CS_Start
                0x00001bd8       0x20 .\CortexM0\ARM_GCC_493\Debug\Sensor-PSoC.a(I2CS.o)
                0x00001bd8                I2CS_Start
 .text.I2CS_SetCustomInterruptHandler
                0x00001bf8        0xc .\CortexM0\ARM_GCC_493\Debug\Sensor-PSoC.a(I2CS.o)
                0x00001bf8                I2CS_SetCustomInterruptHandler
 .text.I2CS_I2CSlaveNackGeneration
                0x00001c04       0x3c .\CortexM0\ARM_GCC_493\Debug\Sensor-PSoC.a(I2CS.o)
                0x00001c04                I2CS_I2CSlaveNackGeneration
 .text.I2CS_I2CInit
                0x00001c40       0xd8 .\CortexM0\ARM_GCC_493\Debug\Sensor-PSoC.a(I2CS_I2C.o)
                0x00001c40                I2CS_I2CInit
 .text.I2CS_I2CSlaveStatus
                0x00001d18        0xc .\CortexM0\ARM_GCC_493\Debug\Sensor-PSoC.a(I2CS_I2C_SLAVE.o)
                0x00001d18                I2CS_I2CSlaveStatus
 .text.I2CS_I2CSlaveClearReadStatus
                0x00001d24       0x28 .\CortexM0\ARM_GCC_493\Debug\Sensor-PSoC.a(I2CS_I2C_SLAVE.o)
                0x00001d24                I2CS_I2CSlaveClearReadStatus
 .text.I2CS_I2CSlaveClearWriteStatus
                0x00001d4c       0x28 .\CortexM0\ARM_GCC_493\Debug\Sensor-PSoC.a(I2CS_I2C_SLAVE.o)
                0x00001d4c                I2CS_I2CSlaveClearWriteStatus
 .text.I2CS_I2CSlaveInitReadBuf
                0x00001d74       0x3c .\CortexM0\ARM_GCC_493\Debug\Sensor-PSoC.a(I2CS_I2C_SLAVE.o)
                0x00001d74                I2CS_I2CSlaveInitReadBuf
 .text.I2CS_I2CSlaveInitWriteBuf
                0x00001db0       0x34 .\CortexM0\ARM_GCC_493\Debug\Sensor-PSoC.a(I2CS_I2C_SLAVE.o)
                0x00001db0                I2CS_I2CSlaveInitWriteBuf
 .text.I2CS_I2CSlaveGetWriteBufSize
                0x00001de4        0xc .\CortexM0\ARM_GCC_493\Debug\Sensor-PSoC.a(I2CS_I2C_SLAVE.o)
                0x00001de4                I2CS_I2CSlaveGetWriteBufSize
 .text.I2CS_I2CSlaveClearReadBuf
                0x00001df0        0xc .\CortexM0\ARM_GCC_493\Debug\Sensor-PSoC.a(I2CS_I2C_SLAVE.o)
                0x00001df0                I2CS_I2CSlaveClearReadBuf
 .text.I2CS_I2CSlaveClearWriteBuf
                0x00001dfc        0xc .\CortexM0\ARM_GCC_493\Debug\Sensor-PSoC.a(I2CS_I2C_SLAVE.o)
                0x00001dfc                I2CS_I2CSlaveClearWriteBuf
 .text.DistInterruptPin_Write
                0x00001e08       0x18 .\CortexM0\ARM_GCC_493\Debug\Sensor-PSoC.a(DistInterruptPin.o)
                0x00001e08                DistInterruptPin_Write
 .text          0x00001e20       0x28 .\CortexM0\ARM_GCC_493\Debug\Sensor-PSoC.a(CyBootAsmGnu.o)
                0x00001e20                CyDelayCycles
                0x00001e34                CyEnterCriticalSection
                0x00001e3c                CyExitCriticalSection
 .text.LumenCom_I2C_ISR
                0x00001e48      0x3a0 .\CortexM0\ARM_GCC_493\Debug\Sensor-PSoC.a(LumenCom_I2C_INT.o)
                0x00001e48                LumenCom_I2C_ISR
 .text.I2CS_I2C_ISR
                0x000021e8      0x418 .\CortexM0\ARM_GCC_493\Debug\Sensor-PSoC.a(I2CS_I2C_INT.o)
                0x000021e8                I2CS_I2C_ISR
 .text          0x00002600      0x120 c:/program files (x86)/cypress/psoc creator/3.3/psoc creator/import/gnu/arm/4.9.3/bin/../lib/gcc/arm-none-eabi/4.9.3/armv6-m\libgcc.a(_udivsi3.o)
                0x00002600                __aeabi_uidiv
                0x00002600                __udivsi3
                0x0000270c                __aeabi_uidivmod
 .text          0x00002720      0x1e0 c:/program files (x86)/cypress/psoc creator/3.3/psoc creator/import/gnu/arm/4.9.3/bin/../lib/gcc/arm-none-eabi/4.9.3/armv6-m\libgcc.a(_divsi3.o)
                0x00002720                __divsi3
                0x00002720                __aeabi_idiv
                0x000028ec                __aeabi_idivmod
 .text          0x00002900        0x4 c:/program files (x86)/cypress/psoc creator/3.3/psoc creator/import/gnu/arm/4.9.3/bin/../lib/gcc/arm-none-eabi/4.9.3/armv6-m\libgcc.a(_dvmd_tls.o)
                0x00002900                __aeabi_idiv0
                0x00002900                __aeabi_ldiv0
 .text.__errno  0x00002904        0xc c:/program files (x86)/cypress/psoc creator/3.3/psoc creator/import/gnu/arm/4.9.3/bin/../lib/gcc/arm-none-eabi/4.9.3/../../../../arm-none-eabi/lib/armv6-m\libg_nano.a(lib_a-errno.o)
                0x00002904                __errno
 .text.__libc_init_array
                0x00002910       0x4c c:/program files (x86)/cypress/psoc creator/3.3/psoc creator/import/gnu/arm/4.9.3/bin/../lib/gcc/arm-none-eabi/4.9.3/../../../../arm-none-eabi/lib/armv6-m\libg_nano.a(lib_a-init.o)
                0x00002910                __libc_init_array
 .text.malloc   0x0000295c       0x14 c:/program files (x86)/cypress/psoc creator/3.3/psoc creator/import/gnu/arm/4.9.3/bin/../lib/gcc/arm-none-eabi/4.9.3/../../../../arm-none-eabi/lib/armv6-m\libg_nano.a(lib_a-malloc.o)
                0x0000295c                malloc
 .text.free     0x00002970       0x14 c:/program files (x86)/cypress/psoc creator/3.3/psoc creator/import/gnu/arm/4.9.3/bin/../lib/gcc/arm-none-eabi/4.9.3/../../../../arm-none-eabi/lib/armv6-m\libg_nano.a(lib_a-malloc.o)
                0x00002970                free
 .text.memset   0x00002984       0x10 c:/program files (x86)/cypress/psoc creator/3.3/psoc creator/import/gnu/arm/4.9.3/bin/../lib/gcc/arm-none-eabi/4.9.3/../../../../arm-none-eabi/lib/armv6-m\libg_nano.a(lib_a-memset.o)
                0x00002984                memset
 .text._free_r  0x00002994       0x8c c:/program files (x86)/cypress/psoc creator/3.3/psoc creator/import/gnu/arm/4.9.3/bin/../lib/gcc/arm-none-eabi/4.9.3/../../../../arm-none-eabi/lib/armv6-m\libg_nano.a(lib_a-nano-freer.o)
                0x00002994                _free_r
 .text._malloc_r
                0x00002a20       0xb0 c:/program files (x86)/cypress/psoc creator/3.3/psoc creator/import/gnu/arm/4.9.3/bin/../lib/gcc/arm-none-eabi/4.9.3/../../../../arm-none-eabi/lib/armv6-m\libg_nano.a(lib_a-nano-mallocr.o)
                0x00002a20                _malloc_r
 .text._sbrk_r  0x00002ad0       0x24 c:/program files (x86)/cypress/psoc creator/3.3/psoc creator/import/gnu/arm/4.9.3/bin/../lib/gcc/arm-none-eabi/4.9.3/../../../../arm-none-eabi/lib/armv6-m\libg_nano.a(lib_a-sbrkr.o)
                0x00002ad0                _sbrk_r
 .text.sprintf  0x00002af4       0x44 c:/program files (x86)/cypress/psoc creator/3.3/psoc creator/import/gnu/arm/4.9.3/bin/../lib/gcc/arm-none-eabi/4.9.3/../../../../arm-none-eabi/lib/armv6-m\libg_nano.a(lib_a-sprintf.o)
                0x00002af4                siprintf
                0x00002af4                sprintf
 .text.__ssputs_r
                0x00002b38       0xc0 c:/program files (x86)/cypress/psoc creator/3.3/psoc creator/import/gnu/arm/4.9.3/bin/../lib/gcc/arm-none-eabi/4.9.3/../../../../arm-none-eabi/lib/armv6-m\libg_nano.a(lib_a-nano-svfprintf.o)
                0x00002b38                __ssputs_r
 .text._svfprintf_r
                0x00002bf8      0x1ec c:/program files (x86)/cypress/psoc creator/3.3/psoc creator/import/gnu/arm/4.9.3/bin/../lib/gcc/arm-none-eabi/4.9.3/../../../../arm-none-eabi/lib/armv6-m\libg_nano.a(lib_a-nano-svfprintf.o)
                0x00002bf8                _svfiprintf_r
                0x00002bf8                _svfprintf_r
 .text._printf_common
                0x00002de4       0xdc c:/program files (x86)/cypress/psoc creator/3.3/psoc creator/import/gnu/arm/4.9.3/bin/../lib/gcc/arm-none-eabi/4.9.3/../../../../arm-none-eabi/lib/armv6-m\libg_nano.a(lib_a-nano-vfprintf_i.o)
                0x00002de4                _printf_common
 .text._printf_i
                0x00002ec0      0x230 c:/program files (x86)/cypress/psoc creator/3.3/psoc creator/import/gnu/arm/4.9.3/bin/../lib/gcc/arm-none-eabi/4.9.3/../../../../arm-none-eabi/lib/armv6-m\libg_nano.a(lib_a-nano-vfprintf_i.o)
                0x00002ec0                _printf_i
 .text.memchr   0x000030f0       0x16 c:/program files (x86)/cypress/psoc creator/3.3/psoc creator/import/gnu/arm/4.9.3/bin/../lib/gcc/arm-none-eabi/4.9.3/../../../../arm-none-eabi/lib/armv6-m\libg_nano.a(lib_a-memchr.o)
                0x000030f0                memchr
 .text.memcpy   0x00003106       0x12 c:/program files (x86)/cypress/psoc creator/3.3/psoc creator/import/gnu/arm/4.9.3/bin/../lib/gcc/arm-none-eabi/4.9.3/../../../../arm-none-eabi/lib/armv6-m\libg_nano.a(lib_a-memcpy.o)
                0x00003106                memcpy
 .text.memmove  0x00003118       0x28 c:/program files (x86)/cypress/psoc creator/3.3/psoc creator/import/gnu/arm/4.9.3/bin/../lib/gcc/arm-none-eabi/4.9.3/../../../../arm-none-eabi/lib/armv6-m\libg_nano.a(lib_a-memmove.o)
                0x00003118                memmove
 .text._realloc_r
                0x00003140       0x4c c:/program files (x86)/cypress/psoc creator/3.3/psoc creator/import/gnu/arm/4.9.3/bin/../lib/gcc/arm-none-eabi/4.9.3/../../../../arm-none-eabi/lib/armv6-m\libg_nano.a(lib_a-nano-reallocr.o)
                0x00003140                _realloc_r
 .text._malloc_usable_size_r
                0x0000318c       0x16 c:/program files (x86)/cypress/psoc creator/3.3/psoc creator/import/gnu/arm/4.9.3/bin/../lib/gcc/arm-none-eabi/4.9.3/../../../../arm-none-eabi/lib/armv6-m\libg_nano.a(lib_a-nano-msizer.o)
                0x0000318c                _malloc_usable_size_r
 *(.plt)
 *(.gnu.warning)
 *(.glue_7t)
 .glue_7t       0x00000000        0x0 linker stubs
 *(.glue_7)
 .glue_7        0x00000000        0x0 linker stubs
 *(.vfp11_veneer)
 .vfp11_veneer  0x00000000        0x0 linker stubs
 *(.bootloader)
 *(.ARM.extab* .gnu.linkonce.armextab.*)
 *(.gcc_except_table)

.v4_bx          0x000031a4        0x0
 .v4_bx         0x00000000        0x0 linker stubs

.iplt           0x000031a4        0x0
 .iplt          0x00000000        0x0 c:/program files (x86)/cypress/psoc creator/3.3/psoc creator/import/gnu/arm/4.9.3/bin/../lib/gcc/arm-none-eabi/4.9.3/armv6-m/crtbegin.o

.eh_frame_hdr
 *(.eh_frame_hdr)

.eh_frame       0x000031a4        0x4
 *(.eh_frame)
 .eh_frame      0x000031a4        0x0 c:/program files (x86)/cypress/psoc creator/3.3/psoc creator/import/gnu/arm/4.9.3/bin/../lib/gcc/arm-none-eabi/4.9.3/armv6-m/crtbegin.o
 .eh_frame      0x000031a4        0x4 c:/program files (x86)/cypress/psoc creator/3.3/psoc creator/import/gnu/arm/4.9.3/bin/../lib/gcc/arm-none-eabi/4.9.3/armv6-m/crtend.o
                0x000031a8                PROVIDE (__exidx_start, .)

.ARM.exidx
 *(.ARM.exidx* .gnu.linkonce.armexidx.*)
                0x000031a8                __exidx_end = .

.rodata         0x000031a8      0x4a0
 *(.rodata .rodata.* .gnu.linkonce.r.*)
 .rodata.cst2   0x000031a8        0x2 .\CortexM0\ARM_GCC_493\Debug\main.o
 *fill*         0x000031aa        0x2 
 .rodata.str1.4
                0x000031ac       0x14 .\CortexM0\ARM_GCC_493\Debug\main.o
 .rodata        0x000031c0       0x58 .\CortexM0\ARM_GCC_493\Debug\handler.o
 .rodata.str1.4
                0x00003218       0xf8 .\CortexM0\ARM_GCC_493\Debug\handler.o
 .rodata        0x00003310      0x284 .\CortexM0\ARM_GCC_493\Debug\Sensor-PSoC.a(cyfitter_cfg.o)
 .rodata        0x00003594       0x30 .\CortexM0\ARM_GCC_493\Debug\Sensor-PSoC.a(CyLib.o)
                0x00003594                cyImoFreqMhz2Reg
 .rodata        0x000035c4       0x14 .\CortexM0\ARM_GCC_493\Debug\Sensor-PSoC.a(DEBUG.o)
 .rodata.str1.1
                0x000035d8        0x2 c:/program files (x86)/cypress/psoc creator/3.3/psoc creator/import/gnu/arm/4.9.3/bin/../lib/gcc/arm-none-eabi/4.9.3/../../../../arm-none-eabi/lib/armv6-m\libg_nano.a(lib_a-impure.o)
 .rodata.str1.1
                0x000035da       0x11 c:/program files (x86)/cypress/psoc creator/3.3/psoc creator/import/gnu/arm/4.9.3/bin/../lib/gcc/arm-none-eabi/4.9.3/../../../../arm-none-eabi/lib/armv6-m\libg_nano.a(lib_a-nano-svfprintf.o)
 .rodata.str1.1
                0x000035eb       0x22 c:/program files (x86)/cypress/psoc creator/3.3/psoc creator/import/gnu/arm/4.9.3/bin/../lib/gcc/arm-none-eabi/4.9.3/../../../../arm-none-eabi/lib/armv6-m\libg_nano.a(lib_a-nano-vfprintf_i.o)
                0x00003610                . = ALIGN (0x4)
 *fill*         0x0000360d        0x3 
 *(.init)
 .init          0x00003610        0x4 c:/program files (x86)/cypress/psoc creator/3.3/psoc creator/import/gnu/arm/4.9.3/bin/../lib/gcc/arm-none-eabi/4.9.3/armv6-m/crti.o
                0x00003610                _init
 .init          0x00003614        0x8 c:/program files (x86)/cypress/psoc creator/3.3/psoc creator/import/gnu/arm/4.9.3/bin/../lib/gcc/arm-none-eabi/4.9.3/armv6-m/crtn.o
                0x0000361c                . = ALIGN (0x4)
                0x0000361c                __preinit_array_start = .
 *(.preinit_array)
                0x0000361c                __preinit_array_end = .
                0x0000361c                . = ALIGN (0x4)
                0x0000361c                __init_array_start = .
 *(SORT(.init_array.*))
 *(.init_array)
 .init_array    0x0000361c        0x4 c:/program files (x86)/cypress/psoc creator/3.3/psoc creator/import/gnu/arm/4.9.3/bin/../lib/gcc/arm-none-eabi/4.9.3/armv6-m/crtbegin.o
 .init_array    0x00003620        0x4 .\CortexM0\ARM_GCC_493\Debug\Cm0Start.o
                0x00003624                __init_array_end = .
                0x00003624                . = ALIGN (0x4)
 *(.fini)
 .fini          0x00003624        0x4 c:/program files (x86)/cypress/psoc creator/3.3/psoc creator/import/gnu/arm/4.9.3/bin/../lib/gcc/arm-none-eabi/4.9.3/armv6-m/crti.o
                0x00003624                _fini
 .fini          0x00003628        0x8 c:/program files (x86)/cypress/psoc creator/3.3/psoc creator/import/gnu/arm/4.9.3/bin/../lib/gcc/arm-none-eabi/4.9.3/armv6-m/crtn.o
                0x00003630                . = ALIGN (0x4)
                0x00003630                __fini_array_start = .
 *(.fini_array)
 .fini_array    0x00003630        0x4 c:/program files (x86)/cypress/psoc creator/3.3/psoc creator/import/gnu/arm/4.9.3/bin/../lib/gcc/arm-none-eabi/4.9.3/armv6-m/crtbegin.o
 *(SORT(.fini_array.*))
                0x00003634                __fini_array_end = .
                0x00003634                . = ALIGN (0x4)
 *crtbegin.o(.ctors)
 *(EXCLUDE_FILE(*crtend.o) .ctors)
 *(SORT(.ctors.*))
 *crtend.o(.ctors)
                0x00003634                . = ALIGN (0x4)
 *crtbegin.o(.dtors)
 *(EXCLUDE_FILE(*crtend.o) .dtors)
 *(SORT(.dtors.*))
 *crtend.o(.dtors)
                0x00003634                . = ALIGN (0x4)
                0x00003634                __cy_regions = .
                0x00003634        0x4 LONG 0x3648 __cy_region_init_ram
                0x00003638        0x4 LONG 0x200000c8 __cy_region_start_data
                0x0000363c        0x4 LONG 0xa0 __cy_region_init_size_ram
                0x00003640        0x4 LONG 0x150 __cy_region_zero_size_ram
                0x00003644                __cy_regions_end = .
                0x00003648                . = ALIGN (0x8)
 *fill*         0x00003644        0x4 
                0x00003648                _etext = .

.cy_checksum_exclude
                0x00003648        0x0
 *(.cy_checksum_exclude)

.ramvectors     0x20000000       0xc0
                0x20000000                __cy_region_start_ram = .
 *(.ramvectors)
 .ramvectors    0x20000000       0xc0 .\CortexM0\ARM_GCC_493\Debug\Cm0Start.o
                0x20000000                CyRamVectors

.noinit         0x200000c0        0x4
 *(.noinit)
 .noinit        0x200000c0        0x4 .\CortexM0\ARM_GCC_493\Debug\Cm0Start.o

.data           0x200000c8       0xa0 load address 0x00003648
                0x200000c8                __cy_region_start_data = .
 *(.jcr)
 .jcr           0x200000c8        0x0 c:/program files (x86)/cypress/psoc creator/3.3/psoc creator/import/gnu/arm/4.9.3/bin/../lib/gcc/arm-none-eabi/4.9.3/armv6-m/crtbegin.o
 .jcr           0x200000c8        0x4 c:/program files (x86)/cypress/psoc creator/3.3/psoc creator/import/gnu/arm/4.9.3/bin/../lib/gcc/arm-none-eabi/4.9.3/armv6-m/crtend.o
 *(.got.plt)
 *(.got)
 *(.shdata)
 *(.data .data.* .gnu.linkonce.d.*)
 .data          0x200000cc       0x10 .\CortexM0\ARM_GCC_493\Debug\main.o
                0x200000cc                controlFlags
 .data          0x200000dc        0x4 .\CortexM0\ARM_GCC_493\Debug\i2c.o
                0x200000dc                i2cTxBuffer
 .data          0x200000e0        0x4 .\CortexM0\ARM_GCC_493\Debug\Cm0Start.o
 .data          0x200000e4       0x10 .\CortexM0\ARM_GCC_493\Debug\Sensor-PSoC.a(CyLib.o)
                0x200000e4                cydelay32kMs
                0x200000e8                cydelayFreqKhz
                0x200000ec                cydelayFreqMhz
                0x200000f0                cydelayFreqHz
 .data          0x200000f4        0x4 .\CortexM0\ARM_GCC_493\Debug\Sensor-PSoC.a(CyLFClk.o)
 .data          0x200000f8        0xc .\CortexM0\ARM_GCC_493\Debug\Sensor-PSoC.a(DEBUG.o)
                0x200000f8                DEBUG_pinDrAdress
                0x200000fc                DEBUG_pinPortNumber
                0x20000100                DEBUG_pinNumber
 .data.impure_data
                0x20000104       0x60 c:/program files (x86)/cypress/psoc creator/3.3/psoc creator/import/gnu/arm/4.9.3/bin/../lib/gcc/arm-none-eabi/4.9.3/../../../../arm-none-eabi/lib/armv6-m\libg_nano.a(lib_a-impure.o)
 .data._impure_ptr
                0x20000164        0x4 c:/program files (x86)/cypress/psoc creator/3.3/psoc creator/import/gnu/arm/4.9.3/bin/../lib/gcc/arm-none-eabi/4.9.3/../../../../arm-none-eabi/lib/armv6-m\libg_nano.a(lib_a-impure.o)
                0x20000164                _impure_ptr
                0x20000168                . = ALIGN (0x8)
 *(.ram)
                0x20000168                _edata = .

.igot.plt       0x20000168        0x0 load address 0x000036e8
 .igot.plt      0x00000000        0x0 c:/program files (x86)/cypress/psoc creator/3.3/psoc creator/import/gnu/arm/4.9.3/bin/../lib/gcc/arm-none-eabi/4.9.3/armv6-m/crtbegin.o

.bss            0x20000168      0x150 load address 0x000036e8
                0x20000168                PROVIDE (__bss_start__, .)
 *(.shbss)
 *(.bss .bss.* .gnu.linkonce.b.*)
 .bss           0x20000168       0x1c c:/program files (x86)/cypress/psoc creator/3.3/psoc creator/import/gnu/arm/4.9.3/bin/../lib/gcc/arm-none-eabi/4.9.3/armv6-m/crtbegin.o
 .bss           0x20000184        0x1 .\CortexM0\ARM_GCC_493\Debug\main.o
                0x20000184                distAlertTriggered
 *fill*         0x20000185        0x3 
 .bss           0x20000188       0x1c .\CortexM0\ARM_GCC_493\Debug\Sensor-PSoC.a(CyLFClk.o)
 .bss           0x200001a4        0x1 .\CortexM0\ARM_GCC_493\Debug\Sensor-PSoC.a(DistTimer.o)
                0x200001a4                DistTimer_initVar
 .bss           0x200001a5        0x1 .\CortexM0\ARM_GCC_493\Debug\Sensor-PSoC.a(MetronomeTimer.o)
                0x200001a5                MetronomeTimer_initVar
 *fill*         0x200001a6        0x2 
 .bss           0x200001a8        0x8 .\CortexM0\ARM_GCC_493\Debug\Sensor-PSoC.a(LumenCom.o)
                0x200001a8                LumenCom_initVar
                0x200001ac                LumenCom_customIntrHandler
 .bss           0x200001b0        0x1 .\CortexM0\ARM_GCC_493\Debug\Sensor-PSoC.a(GreenPWM.o)
                0x200001b0                GreenPWM_initVar
 .bss           0x200001b1        0x1 .\CortexM0\ARM_GCC_493\Debug\Sensor-PSoC.a(RedPWM.o)
                0x200001b1                RedPWM_initVar
 .bss           0x200001b2        0x1 .\CortexM0\ARM_GCC_493\Debug\Sensor-PSoC.a(BluePWM.o)
                0x200001b2                BluePWM_initVar
 *fill*         0x200001b3        0x1 
 .bss           0x200001b4        0x8 .\CortexM0\ARM_GCC_493\Debug\Sensor-PSoC.a(I2CS.o)
                0x200001b4                I2CS_initVar
                0x200001b8                I2CS_customIntrHandler
 .bss.__malloc_sbrk_start
                0x200001bc        0x4 c:/program files (x86)/cypress/psoc creator/3.3/psoc creator/import/gnu/arm/4.9.3/bin/../lib/gcc/arm-none-eabi/4.9.3/../../../../arm-none-eabi/lib/armv6-m\libg_nano.a(lib_a-nano-mallocr.o)
                0x200001bc                __malloc_sbrk_start
 .bss.__malloc_free_list
                0x200001c0        0x4 c:/program files (x86)/cypress/psoc creator/3.3/psoc creator/import/gnu/arm/4.9.3/bin/../lib/gcc/arm-none-eabi/4.9.3/../../../../arm-none-eabi/lib/armv6-m\libg_nano.a(lib_a-nano-mallocr.o)
                0x200001c0                __malloc_free_list
 *(COMMON)
 COMMON         0x200001c4       0xa0 .\CortexM0\ARM_GCC_493\Debug\main.o
                0x200001c4                frontOfQueuePtr
                0x200001c8                sensorData
                0x2000025c                backOfQueuePtr
                0x20000260                i2cRxBuffer
 COMMON         0x20000264        0x1 .\CortexM0\ARM_GCC_493\Debug\Sensor-PSoC.a(LumenCom_I2C.o)
                0x20000264                LumenCom_state
 *fill*         0x20000265        0x3 
 COMMON         0x20000268       0x24 .\CortexM0\ARM_GCC_493\Debug\Sensor-PSoC.a(LumenCom_I2C_MASTER.o)
                0x20000268                LumenCom_mstrWrBufIndex
                0x2000026c                LumenCom_mstrWrBufPtr
                0x20000270                LumenCom_mstrRdBufSize
                0x20000274                LumenCom_mstrWrBufSize
                0x20000278                LumenCom_mstrRdBufIndex
                0x2000027c                LumenCom_mstrStatus
                0x20000280                LumenCom_mstrWrBufIndexTmp
                0x20000284                LumenCom_mstrControl
                0x20000288                LumenCom_mstrRdBufPtr
 COMMON         0x2000028c        0x1 .\CortexM0\ARM_GCC_493\Debug\Sensor-PSoC.a(I2CS_I2C.o)
                0x2000028c                I2CS_state
 *fill*         0x2000028d        0x3 
 COMMON         0x20000290       0x21 .\CortexM0\ARM_GCC_493\Debug\Sensor-PSoC.a(I2CS_I2C_SLAVE.o)
                0x20000290                I2CS_slRdBufIndex
                0x20000294                I2CS_slWrBufIndex
                0x20000298                I2CS_slWrBufSize
                0x2000029c                I2CS_slRdBufSize
                0x200002a0                I2CS_slRdBufPtr
                0x200002a4                I2CS_slStatus
                0x200002a8                I2CS_slRdBufIndexTmp
                0x200002ac                I2CS_slWrBufPtr
                0x200002b0                I2CS_slOverFlowCount
 *fill*         0x200002b1        0x3 
 COMMON         0x200002b4        0x4 c:/program files (x86)/cypress/psoc creator/3.3/psoc creator/import/gnu/arm/4.9.3/bin/../lib/gcc/arm-none-eabi/4.9.3/../../../../arm-none-eabi/lib/armv6-m\libg_nano.a(lib_a-reent.o)
                0x200002b4                errno
                0x200002b8                . = ALIGN (0x8)
 *(.ram.b)
                0x200002b8                _end = .
                0x200002b8                __end = .
                0x200002b8                PROVIDE (end, .)
                0x200002b8                PROVIDE (__bss_end__, .)
                0x00003648                __cy_region_init_ram = LOADADDR (.data)
                0x000000a0                __cy_region_init_size_ram = (_edata - ADDR (.data))
                0x00000150                __cy_region_zero_size_ram = (_end - _edata)

.heap           0x200002b8       0x80 load address 0x000036e8
                0x200002b8                . = _end
                0x20000338                . = (. + 0x80)
 *fill*         0x200002b8       0x80 
                0x20000338                __cy_heap_limit = .

.stack          0x20000c00      0x400
                0x20000c00                __cy_stack_limit = .
                0x20001000                . = (. + 0x400)
 *fill*         0x20000c00      0x400 
                0x00000001                ASSERT ((__cy_stack_limit >= __cy_heap_limit), region RAM overflowed with stack)
                0x00000000                cy_checksum_exclude_size = (CY_APPL_LOADABLE == 0x1)?SIZEOF (.cy_checksum_exclude):0x0
                0x00000001                ASSERT ((cy_checksum_exclude_size <= CY_CHECKSUM_EXCLUDE_SIZE), CY_BOOT: Section .cy_checksum_exclude size exceedes specified limit.)
                0x00007fc0                cyloadermeta_start = (cy_project_type_bootloader || cy_project_type_app_for_stack_and_copier)?(0x8000 - CY_METADATA_SIZE):0xf0000000

.cyloadermeta
 *(.cyloadermeta)
                0x00007fc0                cyloadablemeta_start = cy_project_type_app_for_stack_and_copier?((0x8000 - CY_FLASH_ROW_SIZE) - CY_METADATA_SIZE):((0x8000 - (CY_FLASH_ROW_SIZE * (CY_APPL_NUM - 0x1))) - CY_METADATA_SIZE)

.cyloadablemeta
 *(.cyloadablemeta)

.cyflashprotect
                0x90400000       0x20
 *(.cyflashprotect)
 .cyflashprotect
                0x90400000       0x20 .\CortexM0\ARM_GCC_493\Debug\cymetadata.o
                0x90400000                cy_meta_flashprotect

.cymeta         0x90500000        0xc
 *(.cymeta)
 .cymeta        0x90500000        0xc .\CortexM0\ARM_GCC_493\Debug\cymetadata.o
                0x90500000                cy_metadata

.cychipprotect  0x90600000        0x4
 *(.cychipprotect)
 .cychipprotect
                0x90600000        0x4 .\CortexM0\ARM_GCC_493\Debug\cymetadata.o
                0x90600000                cy_meta_chipprotect

.rel.dyn        0x000036e8        0x0 load address 0x90600004
 .rel.iplt      0x00000000        0x0 c:/program files (x86)/cypress/psoc creator/3.3/psoc creator/import/gnu/arm/4.9.3/bin/../lib/gcc/arm-none-eabi/4.9.3/armv6-m/crtbegin.o

.stab
 *(.stab)

.stabstr
 *(.stabstr)

.debug
 *(.debug)

.line
 *(.line)

.debug_srcinfo
 *(.debug_srcinfo)

.debug_sfnames
 *(.debug_sfnames)

.debug_aranges  0x00000000      0xf90
 *(.debug_aranges)
 .debug_aranges
                0x00000000       0x48 .\CortexM0\ARM_GCC_493\Debug\main.o
 .debug_aranges
                0x00000048       0x30 .\CortexM0\ARM_GCC_493\Debug\CircularMean.o
 .debug_aranges
                0x00000078       0x20 .\CortexM0\ARM_GCC_493\Debug\lux.o
 .debug_aranges
                0x00000098       0x30 .\CortexM0\ARM_GCC_493\Debug\i2c.o
 .debug_aranges
                0x000000c8       0x58 .\CortexM0\ARM_GCC_493\Debug\queue.o
 .debug_aranges
                0x00000120       0x20 .\CortexM0\ARM_GCC_493\Debug\handler.o
 .debug_aranges
                0x00000140       0x20 .\CortexM0\ARM_GCC_493\Debug\SensorData.o
 .debug_aranges
                0x00000160       0x38 .\CortexM0\ARM_GCC_493\Debug\LumenSensor.o
 .debug_aranges
                0x00000198       0x18 .\CortexM0\ARM_GCC_493\Debug\cymetadata.o
 .debug_aranges
                0x000001b0       0x48 .\CortexM0\ARM_GCC_493\Debug\Cm0Start.o
 .debug_aranges
                0x000001f8       0x38 .\CortexM0\ARM_GCC_493\Debug\Sensor-PSoC.a(cyfitter_cfg.o)
 .debug_aranges
                0x00000230      0x178 .\CortexM0\ARM_GCC_493\Debug\Sensor-PSoC.a(CyLib.o)
 .debug_aranges
                0x000003a8      0x120 .\CortexM0\ARM_GCC_493\Debug\Sensor-PSoC.a(CyLFClk.o)
 .debug_aranges
                0x000004c8       0x98 .\CortexM0\ARM_GCC_493\Debug\Sensor-PSoC.a(DistTimer.o)
 .debug_aranges
                0x00000560       0x80 .\CortexM0\ARM_GCC_493\Debug\Sensor-PSoC.a(DistTimerInt.o)
 .debug_aranges
                0x000005e0       0x48 .\CortexM0\ARM_GCC_493\Debug\Sensor-PSoC.a(PIR_Trig.o)
 .debug_aranges
                0x00000628       0x80 .\CortexM0\ARM_GCC_493\Debug\Sensor-PSoC.a(MetronomeISR.o)
 .debug_aranges
                0x000006a8       0x90 .\CortexM0\ARM_GCC_493\Debug\Sensor-PSoC.a(MetronomeTimer.o)
 .debug_aranges
                0x00000738       0x48 .\CortexM0\ARM_GCC_493\Debug\Sensor-PSoC.a(DistReset.o)
 .debug_aranges
                0x00000780       0x48 .\CortexM0\ARM_GCC_493\Debug\Sensor-PSoC.a(DistTrigger.o)
 .debug_aranges
                0x000007c8       0x50 .\CortexM0\ARM_GCC_493\Debug\Sensor-PSoC.a(DEBUG.o)
 .debug_aranges
                0x00000818       0x20 .\CortexM0\ARM_GCC_493\Debug\Sensor-PSoC.a(DEBUG_AsmGnu.o)
 .debug_aranges
                0x00000838       0x68 .\CortexM0\ARM_GCC_493\Debug\Sensor-PSoC.a(LumenCom.o)
 .debug_aranges
                0x000008a0       0x28 .\CortexM0\ARM_GCC_493\Debug\Sensor-PSoC.a(LumenCom_I2C.o)
 .debug_aranges
                0x000008c8       0x88 .\CortexM0\ARM_GCC_493\Debug\Sensor-PSoC.a(LumenCom_I2C_MASTER.o)
 .debug_aranges
                0x00000950       0x48 .\CortexM0\ARM_GCC_493\Debug\Sensor-PSoC.a(LumenCom_sda.o)
 .debug_aranges
                0x00000998       0x48 .\CortexM0\ARM_GCC_493\Debug\Sensor-PSoC.a(LumenCom_scl.o)
 .debug_aranges
                0x000009e0      0x158 .\CortexM0\ARM_GCC_493\Debug\Sensor-PSoC.a(GreenPWM.o)
 .debug_aranges
                0x00000b38      0x158 .\CortexM0\ARM_GCC_493\Debug\Sensor-PSoC.a(RedPWM.o)
 .debug_aranges
                0x00000c90      0x158 .\CortexM0\ARM_GCC_493\Debug\Sensor-PSoC.a(BluePWM.o)
 .debug_aranges
                0x00000de8       0x68 .\CortexM0\ARM_GCC_493\Debug\Sensor-PSoC.a(I2CS.o)
 .debug_aranges
                0x00000e50       0x28 .\CortexM0\ARM_GCC_493\Debug\Sensor-PSoC.a(I2CS_I2C.o)
 .debug_aranges
                0x00000e78       0x70 .\CortexM0\ARM_GCC_493\Debug\Sensor-PSoC.a(I2CS_I2C_SLAVE.o)
 .debug_aranges
                0x00000ee8       0x48 .\CortexM0\ARM_GCC_493\Debug\Sensor-PSoC.a(DistInterruptPin.o)
 .debug_aranges
                0x00000f30       0x20 .\CortexM0\ARM_GCC_493\Debug\Sensor-PSoC.a(CyBootAsmGnu.o)
 .debug_aranges
                0x00000f50       0x20 .\CortexM0\ARM_GCC_493\Debug\Sensor-PSoC.a(LumenCom_I2C_INT.o)
 .debug_aranges
                0x00000f70       0x20 .\CortexM0\ARM_GCC_493\Debug\Sensor-PSoC.a(I2CS_I2C_INT.o)

.debug_pubnames
 *(.debug_pubnames)

.debug_info     0x00000000     0x870f
 *(.debug_info .gnu.linkonce.wi.*)
 .debug_info    0x00000000      0x8dd .\CortexM0\ARM_GCC_493\Debug\main.o
 .debug_info    0x000008dd      0x127 .\CortexM0\ARM_GCC_493\Debug\CircularMean.o
 .debug_info    0x00000a04      0x11e .\CortexM0\ARM_GCC_493\Debug\lux.o
 .debug_info    0x00000b22      0x307 .\CortexM0\ARM_GCC_493\Debug\i2c.o
 .debug_info    0x00000e29      0x2ec .\CortexM0\ARM_GCC_493\Debug\queue.o
 .debug_info    0x00001115      0x677 .\CortexM0\ARM_GCC_493\Debug\handler.o
 .debug_info    0x0000178c      0x1b7 .\CortexM0\ARM_GCC_493\Debug\SensorData.o
 .debug_info    0x00001943      0x45f .\CortexM0\ARM_GCC_493\Debug\LumenSensor.o
 .debug_info    0x00001da2       0xfe .\CortexM0\ARM_GCC_493\Debug\cymetadata.o
 .debug_info    0x00001ea0      0x38e .\CortexM0\ARM_GCC_493\Debug\Cm0Start.o
 .debug_info    0x0000222e      0x3be .\CortexM0\ARM_GCC_493\Debug\Sensor-PSoC.a(cyfitter_cfg.o)
 .debug_info    0x000025ec      0xad1 .\CortexM0\ARM_GCC_493\Debug\Sensor-PSoC.a(CyLib.o)
 .debug_info    0x000030bd      0xc23 .\CortexM0\ARM_GCC_493\Debug\Sensor-PSoC.a(CyLFClk.o)
 .debug_info    0x00003ce0      0x2f0 .\CortexM0\ARM_GCC_493\Debug\Sensor-PSoC.a(DistTimer.o)
 .debug_info    0x00003fd0      0x300 .\CortexM0\ARM_GCC_493\Debug\Sensor-PSoC.a(DistTimerInt.o)
 .debug_info    0x000042d0      0x19d .\CortexM0\ARM_GCC_493\Debug\Sensor-PSoC.a(PIR_Trig.o)
 .debug_info    0x0000446d      0x300 .\CortexM0\ARM_GCC_493\Debug\Sensor-PSoC.a(MetronomeISR.o)
 .debug_info    0x0000476d      0x2cc .\CortexM0\ARM_GCC_493\Debug\Sensor-PSoC.a(MetronomeTimer.o)
 .debug_info    0x00004a39      0x19d .\CortexM0\ARM_GCC_493\Debug\Sensor-PSoC.a(DistReset.o)
 .debug_info    0x00004bd6      0x19d .\CortexM0\ARM_GCC_493\Debug\Sensor-PSoC.a(DistTrigger.o)
 .debug_info    0x00004d73      0x2c6 .\CortexM0\ARM_GCC_493\Debug\Sensor-PSoC.a(DEBUG.o)
 .debug_info    0x00005039       0x96 .\CortexM0\ARM_GCC_493\Debug\Sensor-PSoC.a(DEBUG_AsmGnu.o)
 .debug_info    0x000050cf      0x2a9 .\CortexM0\ARM_GCC_493\Debug\Sensor-PSoC.a(LumenCom.o)
 .debug_info    0x00005378      0x1ab .\CortexM0\ARM_GCC_493\Debug\Sensor-PSoC.a(LumenCom_I2C.o)
 .debug_info    0x00005523      0x685 .\CortexM0\ARM_GCC_493\Debug\Sensor-PSoC.a(LumenCom_I2C_MASTER.o)
 .debug_info    0x00005ba8      0x19d .\CortexM0\ARM_GCC_493\Debug\Sensor-PSoC.a(LumenCom_sda.o)
 .debug_info    0x00005d45      0x19b .\CortexM0\ARM_GCC_493\Debug\Sensor-PSoC.a(LumenCom_scl.o)
 .debug_info    0x00005ee0      0x903 .\CortexM0\ARM_GCC_493\Debug\Sensor-PSoC.a(GreenPWM.o)
 .debug_info    0x000067e3      0x903 .\CortexM0\ARM_GCC_493\Debug\Sensor-PSoC.a(RedPWM.o)
 .debug_info    0x000070e6      0x903 .\CortexM0\ARM_GCC_493\Debug\Sensor-PSoC.a(BluePWM.o)
 .debug_info    0x000079e9      0x2a9 .\CortexM0\ARM_GCC_493\Debug\Sensor-PSoC.a(I2CS.o)
 .debug_info    0x00007c92      0x1a5 .\CortexM0\ARM_GCC_493\Debug\Sensor-PSoC.a(I2CS_I2C.o)
 .debug_info    0x00007e37      0x38b .\CortexM0\ARM_GCC_493\Debug\Sensor-PSoC.a(I2CS_I2C_SLAVE.o)
 .debug_info    0x000081c2      0x19d .\CortexM0\ARM_GCC_493\Debug\Sensor-PSoC.a(DistInterruptPin.o)
 .debug_info    0x0000835f       0x96 .\CortexM0\ARM_GCC_493\Debug\Sensor-PSoC.a(CyBootAsmGnu.o)
 .debug_info    0x000083f5      0x18d .\CortexM0\ARM_GCC_493\Debug\Sensor-PSoC.a(LumenCom_I2C_INT.o)
 .debug_info    0x00008582      0x18d .\CortexM0\ARM_GCC_493\Debug\Sensor-PSoC.a(I2CS_I2C_INT.o)

.debug_abbrev   0x00000000     0x2b12
 *(.debug_abbrev)
 .debug_abbrev  0x00000000      0x260 .\CortexM0\ARM_GCC_493\Debug\main.o
 .debug_abbrev  0x00000260       0xfc .\CortexM0\ARM_GCC_493\Debug\CircularMean.o
 .debug_abbrev  0x0000035c       0xaf .\CortexM0\ARM_GCC_493\Debug\lux.o
 .debug_abbrev  0x0000040b      0x125 .\CortexM0\ARM_GCC_493\Debug\i2c.o
 .debug_abbrev  0x00000530      0x16a .\CortexM0\ARM_GCC_493\Debug\queue.o
 .debug_abbrev  0x0000069a      0x15b .\CortexM0\ARM_GCC_493\Debug\handler.o
 .debug_abbrev  0x000007f5       0xd9 .\CortexM0\ARM_GCC_493\Debug\SensorData.o
 .debug_abbrev  0x000008ce      0x1cb .\CortexM0\ARM_GCC_493\Debug\LumenSensor.o
 .debug_abbrev  0x00000a99       0x5d .\CortexM0\ARM_GCC_493\Debug\cymetadata.o
 .debug_abbrev  0x00000af6      0x1d5 .\CortexM0\ARM_GCC_493\Debug\Cm0Start.o
 .debug_abbrev  0x00000ccb      0x1de .\CortexM0\ARM_GCC_493\Debug\Sensor-PSoC.a(cyfitter_cfg.o)
 .debug_abbrev  0x00000ea9      0x20d .\CortexM0\ARM_GCC_493\Debug\Sensor-PSoC.a(CyLib.o)
 .debug_abbrev  0x000010b6      0x226 .\CortexM0\ARM_GCC_493\Debug\Sensor-PSoC.a(CyLFClk.o)
 .debug_abbrev  0x000012dc      0x154 .\CortexM0\ARM_GCC_493\Debug\Sensor-PSoC.a(DistTimer.o)
 .debug_abbrev  0x00001430      0x1b4 .\CortexM0\ARM_GCC_493\Debug\Sensor-PSoC.a(DistTimerInt.o)
 .debug_abbrev  0x000015e4       0xc8 .\CortexM0\ARM_GCC_493\Debug\Sensor-PSoC.a(PIR_Trig.o)
 .debug_abbrev  0x000016ac      0x1b4 .\CortexM0\ARM_GCC_493\Debug\Sensor-PSoC.a(MetronomeISR.o)
 .debug_abbrev  0x00001860      0x145 .\CortexM0\ARM_GCC_493\Debug\Sensor-PSoC.a(MetronomeTimer.o)
 .debug_abbrev  0x000019a5       0xc8 .\CortexM0\ARM_GCC_493\Debug\Sensor-PSoC.a(DistReset.o)
 .debug_abbrev  0x00001a6d       0xc8 .\CortexM0\ARM_GCC_493\Debug\Sensor-PSoC.a(DistTrigger.o)
 .debug_abbrev  0x00001b35      0x110 .\CortexM0\ARM_GCC_493\Debug\Sensor-PSoC.a(DEBUG.o)
 .debug_abbrev  0x00001c45       0x14 .\CortexM0\ARM_GCC_493\Debug\Sensor-PSoC.a(DEBUG_AsmGnu.o)
 .debug_abbrev  0x00001c59      0x15b .\CortexM0\ARM_GCC_493\Debug\Sensor-PSoC.a(LumenCom.o)
 .debug_abbrev  0x00001db4       0xf3 .\CortexM0\ARM_GCC_493\Debug\Sensor-PSoC.a(LumenCom_I2C.o)
 .debug_abbrev  0x00001ea7      0x17c .\CortexM0\ARM_GCC_493\Debug\Sensor-PSoC.a(LumenCom_I2C_MASTER.o)
 .debug_abbrev  0x00002023       0xc8 .\CortexM0\ARM_GCC_493\Debug\Sensor-PSoC.a(LumenCom_sda.o)
 .debug_abbrev  0x000020eb       0xc8 .\CortexM0\ARM_GCC_493\Debug\Sensor-PSoC.a(LumenCom_scl.o)
 .debug_abbrev  0x000021b3      0x133 .\CortexM0\ARM_GCC_493\Debug\Sensor-PSoC.a(GreenPWM.o)
 .debug_abbrev  0x000022e6      0x133 .\CortexM0\ARM_GCC_493\Debug\Sensor-PSoC.a(RedPWM.o)
 .debug_abbrev  0x00002419      0x133 .\CortexM0\ARM_GCC_493\Debug\Sensor-PSoC.a(BluePWM.o)
 .debug_abbrev  0x0000254c      0x15b .\CortexM0\ARM_GCC_493\Debug\Sensor-PSoC.a(I2CS.o)
 .debug_abbrev  0x000026a7       0xf3 .\CortexM0\ARM_GCC_493\Debug\Sensor-PSoC.a(I2CS_I2C.o)
 .debug_abbrev  0x0000279a      0x170 .\CortexM0\ARM_GCC_493\Debug\Sensor-PSoC.a(I2CS_I2C_SLAVE.o)
 .debug_abbrev  0x0000290a       0xc8 .\CortexM0\ARM_GCC_493\Debug\Sensor-PSoC.a(DistInterruptPin.o)
 .debug_abbrev  0x000029d2       0x14 .\CortexM0\ARM_GCC_493\Debug\Sensor-PSoC.a(CyBootAsmGnu.o)
 .debug_abbrev  0x000029e6       0x88 .\CortexM0\ARM_GCC_493\Debug\Sensor-PSoC.a(LumenCom_I2C_INT.o)
 .debug_abbrev  0x00002a6e       0xa4 .\CortexM0\ARM_GCC_493\Debug\Sensor-PSoC.a(I2CS_I2C_INT.o)

.debug_line     0x00000000     0x388e
 *(.debug_line)
 .debug_line    0x00000000      0x2c1 .\CortexM0\ARM_GCC_493\Debug\main.o
 .debug_line    0x000002c1       0xa4 .\CortexM0\ARM_GCC_493\Debug\CircularMean.o
 .debug_line    0x00000365       0x7f .\CortexM0\ARM_GCC_493\Debug\lux.o
 .debug_line    0x000003e4       0xbc .\CortexM0\ARM_GCC_493\Debug\i2c.o
 .debug_line    0x000004a0      0x1ce .\CortexM0\ARM_GCC_493\Debug\queue.o
 .debug_line    0x0000066e      0x17d .\CortexM0\ARM_GCC_493\Debug\handler.o
 .debug_line    0x000007eb       0x93 .\CortexM0\ARM_GCC_493\Debug\SensorData.o
 .debug_line    0x0000087e      0x142 .\CortexM0\ARM_GCC_493\Debug\LumenSensor.o
 .debug_line    0x000009c0       0x53 .\CortexM0\ARM_GCC_493\Debug\cymetadata.o
 .debug_line    0x00000a13      0x248 .\CortexM0\ARM_GCC_493\Debug\Cm0Start.o
 .debug_line    0x00000c5b      0x17b .\CortexM0\ARM_GCC_493\Debug\Sensor-PSoC.a(cyfitter_cfg.o)
 .debug_line    0x00000dd6      0x44b .\CortexM0\ARM_GCC_493\Debug\Sensor-PSoC.a(CyLib.o)
 .debug_line    0x00001221      0x3fe .\CortexM0\ARM_GCC_493\Debug\Sensor-PSoC.a(CyLFClk.o)
 .debug_line    0x0000161f      0x18f .\CortexM0\ARM_GCC_493\Debug\Sensor-PSoC.a(DistTimer.o)
 .debug_line    0x000017ae      0x16d .\CortexM0\ARM_GCC_493\Debug\Sensor-PSoC.a(DistTimerInt.o)
 .debug_line    0x0000191b       0xc2 .\CortexM0\ARM_GCC_493\Debug\Sensor-PSoC.a(PIR_Trig.o)
 .debug_line    0x000019dd      0x171 .\CortexM0\ARM_GCC_493\Debug\Sensor-PSoC.a(MetronomeISR.o)
 .debug_line    0x00001b4e      0x184 .\CortexM0\ARM_GCC_493\Debug\Sensor-PSoC.a(MetronomeTimer.o)
 .debug_line    0x00001cd2       0xc3 .\CortexM0\ARM_GCC_493\Debug\Sensor-PSoC.a(DistReset.o)
 .debug_line    0x00001d95       0xc5 .\CortexM0\ARM_GCC_493\Debug\Sensor-PSoC.a(DistTrigger.o)
 .debug_line    0x00001e5a       0xee .\CortexM0\ARM_GCC_493\Debug\Sensor-PSoC.a(DEBUG.o)
 .debug_line    0x00001f48       0xa0 .\CortexM0\ARM_GCC_493\Debug\Sensor-PSoC.a(DEBUG_AsmGnu.o)
 .debug_line    0x00001fe8      0x166 .\CortexM0\ARM_GCC_493\Debug\Sensor-PSoC.a(LumenCom.o)
 .debug_line    0x0000214e       0xc7 .\CortexM0\ARM_GCC_493\Debug\Sensor-PSoC.a(LumenCom_I2C.o)
 .debug_line    0x00002215      0x2e5 .\CortexM0\ARM_GCC_493\Debug\Sensor-PSoC.a(LumenCom_I2C_MASTER.o)
 .debug_line    0x000024fa       0xc6 .\CortexM0\ARM_GCC_493\Debug\Sensor-PSoC.a(LumenCom_sda.o)
 .debug_line    0x000025c0       0xc5 .\CortexM0\ARM_GCC_493\Debug\Sensor-PSoC.a(LumenCom_scl.o)
 .debug_line    0x00002685      0x383 .\CortexM0\ARM_GCC_493\Debug\Sensor-PSoC.a(GreenPWM.o)
 .debug_line    0x00002a08      0x381 .\CortexM0\ARM_GCC_493\Debug\Sensor-PSoC.a(RedPWM.o)
 .debug_line    0x00002d89      0x382 .\CortexM0\ARM_GCC_493\Debug\Sensor-PSoC.a(BluePWM.o)
 .debug_line    0x0000310b      0x15e .\CortexM0\ARM_GCC_493\Debug\Sensor-PSoC.a(I2CS.o)
 .debug_line    0x00003269       0xc0 .\CortexM0\ARM_GCC_493\Debug\Sensor-PSoC.a(I2CS_I2C.o)
 .debug_line    0x00003329      0x156 .\CortexM0\ARM_GCC_493\Debug\Sensor-PSoC.a(I2CS_I2C_SLAVE.o)
 .debug_line    0x0000347f       0xca .\CortexM0\ARM_GCC_493\Debug\Sensor-PSoC.a(DistInterruptPin.o)
 .debug_line    0x00003549       0x69 .\CortexM0\ARM_GCC_493\Debug\Sensor-PSoC.a(CyBootAsmGnu.o)
 .debug_line    0x000035b2      0x18f .\CortexM0\ARM_GCC_493\Debug\Sensor-PSoC.a(LumenCom_I2C_INT.o)
 .debug_line    0x00003741      0x14d .\CortexM0\ARM_GCC_493\Debug\Sensor-PSoC.a(I2CS_I2C_INT.o)

.debug_frame    0x00000000     0x2748
 *(.debug_frame)
 .debug_frame   0x00000000       0xb8 .\CortexM0\ARM_GCC_493\Debug\main.o
 .debug_frame   0x000000b8       0x5c .\CortexM0\ARM_GCC_493\Debug\CircularMean.o
 .debug_frame   0x00000114       0x30 .\CortexM0\ARM_GCC_493\Debug\lux.o
 .debug_frame   0x00000144       0x64 .\CortexM0\ARM_GCC_493\Debug\i2c.o
 .debug_frame   0x000001a8       0xe4 .\CortexM0\ARM_GCC_493\Debug\queue.o
 .debug_frame   0x0000028c       0x30 .\CortexM0\ARM_GCC_493\Debug\handler.o
 .debug_frame   0x000002bc       0x2c .\CortexM0\ARM_GCC_493\Debug\SensorData.o
 .debug_frame   0x000002e8       0x74 .\CortexM0\ARM_GCC_493\Debug\LumenSensor.o
 .debug_frame   0x0000035c       0xb0 .\CortexM0\ARM_GCC_493\Debug\Cm0Start.o
 .debug_frame   0x0000040c       0x8c .\CortexM0\ARM_GCC_493\Debug\Sensor-PSoC.a(cyfitter_cfg.o)
 .debug_frame   0x00000498      0x3d0 .\CortexM0\ARM_GCC_493\Debug\Sensor-PSoC.a(CyLib.o)
 .debug_frame   0x00000868      0x368 .\CortexM0\ARM_GCC_493\Debug\Sensor-PSoC.a(CyLFClk.o)
 .debug_frame   0x00000bd0      0x134 .\CortexM0\ARM_GCC_493\Debug\Sensor-PSoC.a(DistTimer.o)
 .debug_frame   0x00000d04      0x110 .\CortexM0\ARM_GCC_493\Debug\Sensor-PSoC.a(DistTimerInt.o)
 .debug_frame   0x00000e14       0x70 .\CortexM0\ARM_GCC_493\Debug\Sensor-PSoC.a(PIR_Trig.o)
 .debug_frame   0x00000e84      0x110 .\CortexM0\ARM_GCC_493\Debug\Sensor-PSoC.a(MetronomeISR.o)
 .debug_frame   0x00000f94      0x124 .\CortexM0\ARM_GCC_493\Debug\Sensor-PSoC.a(MetronomeTimer.o)
 .debug_frame   0x000010b8       0x70 .\CortexM0\ARM_GCC_493\Debug\Sensor-PSoC.a(DistReset.o)
 .debug_frame   0x00001128       0x70 .\CortexM0\ARM_GCC_493\Debug\Sensor-PSoC.a(DistTrigger.o)
 .debug_frame   0x00001198       0xc8 .\CortexM0\ARM_GCC_493\Debug\Sensor-PSoC.a(DEBUG.o)
 .debug_frame   0x00001260       0xf8 .\CortexM0\ARM_GCC_493\Debug\Sensor-PSoC.a(LumenCom.o)
 .debug_frame   0x00001358       0x3c .\CortexM0\ARM_GCC_493\Debug\Sensor-PSoC.a(LumenCom_I2C.o)
 .debug_frame   0x00001394      0x178 .\CortexM0\ARM_GCC_493\Debug\Sensor-PSoC.a(LumenCom_I2C_MASTER.o)
 .debug_frame   0x0000150c       0x70 .\CortexM0\ARM_GCC_493\Debug\Sensor-PSoC.a(LumenCom_sda.o)
 .debug_frame   0x0000157c       0x70 .\CortexM0\ARM_GCC_493\Debug\Sensor-PSoC.a(LumenCom_scl.o)
 .debug_frame   0x000015ec      0x390 .\CortexM0\ARM_GCC_493\Debug\Sensor-PSoC.a(GreenPWM.o)
 .debug_frame   0x0000197c      0x390 .\CortexM0\ARM_GCC_493\Debug\Sensor-PSoC.a(RedPWM.o)
 .debug_frame   0x00001d0c      0x390 .\CortexM0\ARM_GCC_493\Debug\Sensor-PSoC.a(BluePWM.o)
 .debug_frame   0x0000209c       0xf8 .\CortexM0\ARM_GCC_493\Debug\Sensor-PSoC.a(I2CS.o)
 .debug_frame   0x00002194       0x3c .\CortexM0\ARM_GCC_493\Debug\Sensor-PSoC.a(I2CS_I2C.o)
 .debug_frame   0x000021d0       0xf8 .\CortexM0\ARM_GCC_493\Debug\Sensor-PSoC.a(I2CS_I2C_SLAVE.o)
 .debug_frame   0x000022c8       0x70 .\CortexM0\ARM_GCC_493\Debug\Sensor-PSoC.a(DistInterruptPin.o)
 .debug_frame   0x00002338       0x2c .\CortexM0\ARM_GCC_493\Debug\Sensor-PSoC.a(LumenCom_I2C_INT.o)
 .debug_frame   0x00002364       0x2c .\CortexM0\ARM_GCC_493\Debug\Sensor-PSoC.a(I2CS_I2C_INT.o)
 .debug_frame   0x00002390       0x20 c:/program files (x86)/cypress/psoc creator/3.3/psoc creator/import/gnu/arm/4.9.3/bin/../lib/gcc/arm-none-eabi/4.9.3/armv6-m\libgcc.a(_udivsi3.o)
 .debug_frame   0x000023b0       0x20 c:/program files (x86)/cypress/psoc creator/3.3/psoc creator/import/gnu/arm/4.9.3/bin/../lib/gcc/arm-none-eabi/4.9.3/armv6-m\libgcc.a(_divsi3.o)
 .debug_frame   0x000023d0       0x20 c:/program files (x86)/cypress/psoc creator/3.3/psoc creator/import/gnu/arm/4.9.3/bin/../lib/gcc/arm-none-eabi/4.9.3/../../../../arm-none-eabi/lib/armv6-m\libg_nano.a(lib_a-errno.o)
 .debug_frame   0x000023f0       0x28 c:/program files (x86)/cypress/psoc creator/3.3/psoc creator/import/gnu/arm/4.9.3/bin/../lib/gcc/arm-none-eabi/4.9.3/../../../../arm-none-eabi/lib/armv6-m\libg_nano.a(lib_a-exit.o)
 .debug_frame   0x00002418       0x2c c:/program files (x86)/cypress/psoc creator/3.3/psoc creator/import/gnu/arm/4.9.3/bin/../lib/gcc/arm-none-eabi/4.9.3/../../../../arm-none-eabi/lib/armv6-m\libg_nano.a(lib_a-init.o)
 .debug_frame   0x00002444       0x40 c:/program files (x86)/cypress/psoc creator/3.3/psoc creator/import/gnu/arm/4.9.3/bin/../lib/gcc/arm-none-eabi/4.9.3/../../../../arm-none-eabi/lib/armv6-m\libg_nano.a(lib_a-malloc.o)
 .debug_frame   0x00002484       0x20 c:/program files (x86)/cypress/psoc creator/3.3/psoc creator/import/gnu/arm/4.9.3/bin/../lib/gcc/arm-none-eabi/4.9.3/../../../../arm-none-eabi/lib/armv6-m\libg_nano.a(lib_a-memset.o)
 .debug_frame   0x000024a4       0x2c c:/program files (x86)/cypress/psoc creator/3.3/psoc creator/import/gnu/arm/4.9.3/bin/../lib/gcc/arm-none-eabi/4.9.3/../../../../arm-none-eabi/lib/armv6-m\libg_nano.a(lib_a-nano-freer.o)
 .debug_frame   0x000024d0       0x2c c:/program files (x86)/cypress/psoc creator/3.3/psoc creator/import/gnu/arm/4.9.3/bin/../lib/gcc/arm-none-eabi/4.9.3/../../../../arm-none-eabi/lib/armv6-m\libg_nano.a(lib_a-nano-mallocr.o)
 .debug_frame   0x000024fc       0x2c c:/program files (x86)/cypress/psoc creator/3.3/psoc creator/import/gnu/arm/4.9.3/bin/../lib/gcc/arm-none-eabi/4.9.3/../../../../arm-none-eabi/lib/armv6-m\libg_nano.a(lib_a-sbrkr.o)
 .debug_frame   0x00002528       0x50 c:/program files (x86)/cypress/psoc creator/3.3/psoc creator/import/gnu/arm/4.9.3/bin/../lib/gcc/arm-none-eabi/4.9.3/../../../../arm-none-eabi/lib/armv6-m\libg_nano.a(lib_a-sprintf.o)
 .debug_frame   0x00002578       0x74 c:/program files (x86)/cypress/psoc creator/3.3/psoc creator/import/gnu/arm/4.9.3/bin/../lib/gcc/arm-none-eabi/4.9.3/../../../../arm-none-eabi/lib/armv6-m\libg_nano.a(lib_a-nano-svfprintf.o)
 .debug_frame   0x000025ec       0x54 c:/program files (x86)/cypress/psoc creator/3.3/psoc creator/import/gnu/arm/4.9.3/bin/../lib/gcc/arm-none-eabi/4.9.3/../../../../arm-none-eabi/lib/armv6-m\libg_nano.a(lib_a-nano-vfprintf_i.o)
 .debug_frame   0x00002640       0x48 c:/program files (x86)/cypress/psoc creator/3.3/psoc creator/import/gnu/arm/4.9.3/bin/../lib/gcc/arm-none-eabi/4.9.3/../../../../arm-none-eabi/lib/armv6-m\libg_nano.a(lib_a-reent.o)
 .debug_frame   0x00002688       0x20 c:/program files (x86)/cypress/psoc creator/3.3/psoc creator/import/gnu/arm/4.9.3/bin/../lib/gcc/arm-none-eabi/4.9.3/../../../../arm-none-eabi/lib/armv6-m\libg_nano.a(lib_a-memchr.o)
 .debug_frame   0x000026a8       0x28 c:/program files (x86)/cypress/psoc creator/3.3/psoc creator/import/gnu/arm/4.9.3/bin/../lib/gcc/arm-none-eabi/4.9.3/../../../../arm-none-eabi/lib/armv6-m\libg_nano.a(lib_a-memcpy.o)
 .debug_frame   0x000026d0       0x28 c:/program files (x86)/cypress/psoc creator/3.3/psoc creator/import/gnu/arm/4.9.3/bin/../lib/gcc/arm-none-eabi/4.9.3/../../../../arm-none-eabi/lib/armv6-m\libg_nano.a(lib_a-memmove.o)
 .debug_frame   0x000026f8       0x30 c:/program files (x86)/cypress/psoc creator/3.3/psoc creator/import/gnu/arm/4.9.3/bin/../lib/gcc/arm-none-eabi/4.9.3/../../../../arm-none-eabi/lib/armv6-m\libg_nano.a(lib_a-nano-reallocr.o)
 .debug_frame   0x00002728       0x20 c:/program files (x86)/cypress/psoc creator/3.3/psoc creator/import/gnu/arm/4.9.3/bin/../lib/gcc/arm-none-eabi/4.9.3/../../../../arm-none-eabi/lib/armv6-m\libg_nano.a(lib_a-nano-msizer.o)

.debug_str      0x00000000     0x303c
 *(.debug_str)
 .debug_str     0x00000000      0x547 .\CortexM0\ARM_GCC_493\Debug\main.o
                                0x59e (size before relaxing)
 .debug_str     0x00000547       0x27 .\CortexM0\ARM_GCC_493\Debug\CircularMean.o
                                0x144 (size before relaxing)
 .debug_str     0x0000056e       0x4d .\CortexM0\ARM_GCC_493\Debug\lux.o
                                0x145 (size before relaxing)
 .debug_str     0x000005bb      0x11b .\CortexM0\ARM_GCC_493\Debug\i2c.o
                                0x309 (size before relaxing)
 .debug_str     0x000006d6       0x5d .\CortexM0\ARM_GCC_493\Debug\queue.o
                                0x24f (size before relaxing)
 .debug_str     0x00000733       0x38 .\CortexM0\ARM_GCC_493\Debug\handler.o
                                0x36f (size before relaxing)
 .debug_str     0x0000076b        0xf .\CortexM0\ARM_GCC_493\Debug\SensorData.o
                                0x24d (size before relaxing)
 .debug_str     0x0000077a       0xb2 .\CortexM0\ARM_GCC_493\Debug\LumenSensor.o
                                0x337 (size before relaxing)
 .debug_str     0x0000082c       0x5b .\CortexM0\ARM_GCC_493\Debug\cymetadata.o
                                0x1d4 (size before relaxing)
 .debug_str     0x00000887      0x14a .\CortexM0\ARM_GCC_493\Debug\Cm0Start.o
                                0x2fb (size before relaxing)
 .debug_str     0x000009d1       0xf5 .\CortexM0\ARM_GCC_493\Debug\Sensor-PSoC.a(cyfitter_cfg.o)
                                0x2cc (size before relaxing)
 .debug_str     0x00000ac6      0x492 .\CortexM0\ARM_GCC_493\Debug\Sensor-PSoC.a(CyLib.o)
                                0x68f (size before relaxing)
 .debug_str     0x00000f58      0x476 .\CortexM0\ARM_GCC_493\Debug\Sensor-PSoC.a(CyLFClk.o)
                                0x659 (size before relaxing)
 .debug_str     0x000013ce      0x1bc .\CortexM0\ARM_GCC_493\Debug\Sensor-PSoC.a(DistTimer.o)
                                0x394 (size before relaxing)
 .debug_str     0x0000158a      0x144 .\CortexM0\ARM_GCC_493\Debug\Sensor-PSoC.a(DistTimerInt.o)
                                0x346 (size before relaxing)
 .debug_str     0x000016ce       0xb4 .\CortexM0\ARM_GCC_493\Debug\Sensor-PSoC.a(PIR_Trig.o)
                                0x251 (size before relaxing)
 .debug_str     0x00001782      0x135 .\CortexM0\ARM_GCC_493\Debug\Sensor-PSoC.a(MetronomeISR.o)
                                0x346 (size before relaxing)
 .debug_str     0x000018b7      0x1cb .\CortexM0\ARM_GCC_493\Debug\Sensor-PSoC.a(MetronomeTimer.o)
                                0x3ca (size before relaxing)
 .debug_str     0x00001a82       0x95 .\CortexM0\ARM_GCC_493\Debug\Sensor-PSoC.a(DistReset.o)
                                0x258 (size before relaxing)
 .debug_str     0x00001b17       0xa1 .\CortexM0\ARM_GCC_493\Debug\Sensor-PSoC.a(DistTrigger.o)
                                0x266 (size before relaxing)
 .debug_str     0x00001bb8       0xe8 .\CortexM0\ARM_GCC_493\Debug\Sensor-PSoC.a(DEBUG.o)
                                0x2aa (size before relaxing)
 .debug_str     0x00001ca0      0x15e .\CortexM0\ARM_GCC_493\Debug\Sensor-PSoC.a(LumenCom.o)
                                0x31e (size before relaxing)
 .debug_str     0x00001dfe       0x7b .\CortexM0\ARM_GCC_493\Debug\Sensor-PSoC.a(LumenCom_I2C.o)
                                0x264 (size before relaxing)
 .debug_str     0x00001e79      0x27e .\CortexM0\ARM_GCC_493\Debug\Sensor-PSoC.a(LumenCom_I2C_MASTER.o)
                                0x4db (size before relaxing)
 .debug_str     0x000020f7       0x8e .\CortexM0\ARM_GCC_493\Debug\Sensor-PSoC.a(LumenCom_sda.o)
                                0x26d (size before relaxing)
 .debug_str     0x00002185       0x7b .\CortexM0\ARM_GCC_493\Debug\Sensor-PSoC.a(LumenCom_scl.o)
                                0x26d (size before relaxing)
 .debug_str     0x00002200      0x42c .\CortexM0\ARM_GCC_493\Debug\Sensor-PSoC.a(GreenPWM.o)
                                0x629 (size before relaxing)
 .debug_str     0x0000262c      0x326 .\CortexM0\ARM_GCC_493\Debug\Sensor-PSoC.a(RedPWM.o)
                                0x5d5 (size before relaxing)
 .debug_str     0x00002952      0x34d .\CortexM0\ARM_GCC_493\Debug\Sensor-PSoC.a(BluePWM.o)
                                0x5ff (size before relaxing)
 .debug_str     0x00002c9f       0xe6 .\CortexM0\ARM_GCC_493\Debug\Sensor-PSoC.a(I2CS.o)
                                0x2e2 (size before relaxing)
 .debug_str     0x00002d85       0x76 .\CortexM0\ARM_GCC_493\Debug\Sensor-PSoC.a(I2CS_I2C.o)
                                0x250 (size before relaxing)
 .debug_str     0x00002dfb       0xfa .\CortexM0\ARM_GCC_493\Debug\Sensor-PSoC.a(I2CS_I2C_SLAVE.o)
                                0x3c3 (size before relaxing)
 .debug_str     0x00002ef5       0xbf .\CortexM0\ARM_GCC_493\Debug\Sensor-PSoC.a(DistInterruptPin.o)
                                0x289 (size before relaxing)
 .debug_str     0x00002fb4       0x53 .\CortexM0\ARM_GCC_493\Debug\Sensor-PSoC.a(LumenCom_I2C_INT.o)
                                0x2e5 (size before relaxing)
 .debug_str     0x00003007       0x35 .\CortexM0\ARM_GCC_493\Debug\Sensor-PSoC.a(I2CS_I2C_INT.o)
                                0x2ba (size before relaxing)

.debug_loc      0x00000000     0x3bdf
 *(.debug_loc)
 .debug_loc     0x00000000       0xca .\CortexM0\ARM_GCC_493\Debug\main.o
 .debug_loc     0x000000ca       0xdb .\CortexM0\ARM_GCC_493\Debug\CircularMean.o
 .debug_loc     0x000001a5      0x260 .\CortexM0\ARM_GCC_493\Debug\lux.o
 .debug_loc     0x00000405       0xbd .\CortexM0\ARM_GCC_493\Debug\queue.o
 .debug_loc     0x000004c2      0x3e9 .\CortexM0\ARM_GCC_493\Debug\handler.o
 .debug_loc     0x000008ab       0x9e .\CortexM0\ARM_GCC_493\Debug\LumenSensor.o
 .debug_loc     0x00000949      0x14f .\CortexM0\ARM_GCC_493\Debug\Cm0Start.o
 .debug_loc     0x00000a98      0x118 .\CortexM0\ARM_GCC_493\Debug\Sensor-PSoC.a(cyfitter_cfg.o)
 .debug_loc     0x00000bb0      0x5b5 .\CortexM0\ARM_GCC_493\Debug\Sensor-PSoC.a(CyLib.o)
 .debug_loc     0x00001165      0x7df .\CortexM0\ARM_GCC_493\Debug\Sensor-PSoC.a(CyLFClk.o)
 .debug_loc     0x00001944       0x36 .\CortexM0\ARM_GCC_493\Debug\Sensor-PSoC.a(DistTimer.o)
 .debug_loc     0x0000197a       0x82 .\CortexM0\ARM_GCC_493\Debug\Sensor-PSoC.a(DistTimerInt.o)
 .debug_loc     0x000019fc       0xa2 .\CortexM0\ARM_GCC_493\Debug\Sensor-PSoC.a(PIR_Trig.o)
 .debug_loc     0x00001a9e       0x82 .\CortexM0\ARM_GCC_493\Debug\Sensor-PSoC.a(MetronomeISR.o)
 .debug_loc     0x00001b20       0x13 .\CortexM0\ARM_GCC_493\Debug\Sensor-PSoC.a(MetronomeTimer.o)
 .debug_loc     0x00001b33       0xa2 .\CortexM0\ARM_GCC_493\Debug\Sensor-PSoC.a(DistReset.o)
 .debug_loc     0x00001bd5       0xa2 .\CortexM0\ARM_GCC_493\Debug\Sensor-PSoC.a(DistTrigger.o)
 .debug_loc     0x00001c77      0x12d .\CortexM0\ARM_GCC_493\Debug\Sensor-PSoC.a(DEBUG.o)
 .debug_loc     0x00001da4       0x7e .\CortexM0\ARM_GCC_493\Debug\Sensor-PSoC.a(LumenCom.o)
 .debug_loc     0x00001e22      0x882 .\CortexM0\ARM_GCC_493\Debug\Sensor-PSoC.a(LumenCom_I2C_MASTER.o)
 .debug_loc     0x000026a4       0xa2 .\CortexM0\ARM_GCC_493\Debug\Sensor-PSoC.a(LumenCom_sda.o)
 .debug_loc     0x00002746       0x81 .\CortexM0\ARM_GCC_493\Debug\Sensor-PSoC.a(LumenCom_scl.o)
 .debug_loc     0x000027c7      0x547 .\CortexM0\ARM_GCC_493\Debug\Sensor-PSoC.a(GreenPWM.o)
 .debug_loc     0x00002d0e      0x547 .\CortexM0\ARM_GCC_493\Debug\Sensor-PSoC.a(RedPWM.o)
 .debug_loc     0x00003255      0x547 .\CortexM0\ARM_GCC_493\Debug\Sensor-PSoC.a(BluePWM.o)
 .debug_loc     0x0000379c       0x7e .\CortexM0\ARM_GCC_493\Debug\Sensor-PSoC.a(I2CS.o)
 .debug_loc     0x0000381a      0x175 .\CortexM0\ARM_GCC_493\Debug\Sensor-PSoC.a(I2CS_I2C_SLAVE.o)
 .debug_loc     0x0000398f       0xa2 .\CortexM0\ARM_GCC_493\Debug\Sensor-PSoC.a(DistInterruptPin.o)
 .debug_loc     0x00003a31      0x10c .\CortexM0\ARM_GCC_493\Debug\Sensor-PSoC.a(LumenCom_I2C_INT.o)
 .debug_loc     0x00003b3d       0xa2 .\CortexM0\ARM_GCC_493\Debug\Sensor-PSoC.a(I2CS_I2C_INT.o)

.debug_macinfo
 *(.debug_macinfo)

.debug_ranges   0x00000000      0xd18
 *(.debug_ranges)
 .debug_ranges  0x00000000       0x38 .\CortexM0\ARM_GCC_493\Debug\main.o
 .debug_ranges  0x00000038       0x20 .\CortexM0\ARM_GCC_493\Debug\CircularMean.o
 .debug_ranges  0x00000058       0x10 .\CortexM0\ARM_GCC_493\Debug\lux.o
 .debug_ranges  0x00000068       0x20 .\CortexM0\ARM_GCC_493\Debug\i2c.o
 .debug_ranges  0x00000088       0x48 .\CortexM0\ARM_GCC_493\Debug\queue.o
 .debug_ranges  0x000000d0       0x10 .\CortexM0\ARM_GCC_493\Debug\handler.o
 .debug_ranges  0x000000e0       0x10 .\CortexM0\ARM_GCC_493\Debug\SensorData.o
 .debug_ranges  0x000000f0       0x28 .\CortexM0\ARM_GCC_493\Debug\LumenSensor.o
 .debug_ranges  0x00000118       0x38 .\CortexM0\ARM_GCC_493\Debug\Cm0Start.o
 .debug_ranges  0x00000150       0x28 .\CortexM0\ARM_GCC_493\Debug\Sensor-PSoC.a(cyfitter_cfg.o)
 .debug_ranges  0x00000178      0x168 .\CortexM0\ARM_GCC_493\Debug\Sensor-PSoC.a(CyLib.o)
 .debug_ranges  0x000002e0      0x110 .\CortexM0\ARM_GCC_493\Debug\Sensor-PSoC.a(CyLFClk.o)
 .debug_ranges  0x000003f0       0x88 .\CortexM0\ARM_GCC_493\Debug\Sensor-PSoC.a(DistTimer.o)
 .debug_ranges  0x00000478       0x70 .\CortexM0\ARM_GCC_493\Debug\Sensor-PSoC.a(DistTimerInt.o)
 .debug_ranges  0x000004e8       0x38 .\CortexM0\ARM_GCC_493\Debug\Sensor-PSoC.a(PIR_Trig.o)
 .debug_ranges  0x00000520       0x70 .\CortexM0\ARM_GCC_493\Debug\Sensor-PSoC.a(MetronomeISR.o)
 .debug_ranges  0x00000590       0x80 .\CortexM0\ARM_GCC_493\Debug\Sensor-PSoC.a(MetronomeTimer.o)
 .debug_ranges  0x00000610       0x38 .\CortexM0\ARM_GCC_493\Debug\Sensor-PSoC.a(DistReset.o)
 .debug_ranges  0x00000648       0x38 .\CortexM0\ARM_GCC_493\Debug\Sensor-PSoC.a(DistTrigger.o)
 .debug_ranges  0x00000680       0x40 .\CortexM0\ARM_GCC_493\Debug\Sensor-PSoC.a(DEBUG.o)
 .debug_ranges  0x000006c0       0x58 .\CortexM0\ARM_GCC_493\Debug\Sensor-PSoC.a(LumenCom.o)
 .debug_ranges  0x00000718       0x18 .\CortexM0\ARM_GCC_493\Debug\Sensor-PSoC.a(LumenCom_I2C.o)
 .debug_ranges  0x00000730       0x78 .\CortexM0\ARM_GCC_493\Debug\Sensor-PSoC.a(LumenCom_I2C_MASTER.o)
 .debug_ranges  0x000007a8       0x38 .\CortexM0\ARM_GCC_493\Debug\Sensor-PSoC.a(LumenCom_sda.o)
 .debug_ranges  0x000007e0       0x38 .\CortexM0\ARM_GCC_493\Debug\Sensor-PSoC.a(LumenCom_scl.o)
 .debug_ranges  0x00000818      0x148 .\CortexM0\ARM_GCC_493\Debug\Sensor-PSoC.a(GreenPWM.o)
 .debug_ranges  0x00000960      0x148 .\CortexM0\ARM_GCC_493\Debug\Sensor-PSoC.a(RedPWM.o)
 .debug_ranges  0x00000aa8      0x148 .\CortexM0\ARM_GCC_493\Debug\Sensor-PSoC.a(BluePWM.o)
 .debug_ranges  0x00000bf0       0x58 .\CortexM0\ARM_GCC_493\Debug\Sensor-PSoC.a(I2CS.o)
 .debug_ranges  0x00000c48       0x18 .\CortexM0\ARM_GCC_493\Debug\Sensor-PSoC.a(I2CS_I2C.o)
 .debug_ranges  0x00000c60       0x60 .\CortexM0\ARM_GCC_493\Debug\Sensor-PSoC.a(I2CS_I2C_SLAVE.o)
 .debug_ranges  0x00000cc0       0x38 .\CortexM0\ARM_GCC_493\Debug\Sensor-PSoC.a(DistInterruptPin.o)
 .debug_ranges  0x00000cf8       0x10 .\CortexM0\ARM_GCC_493\Debug\Sensor-PSoC.a(LumenCom_I2C_INT.o)
 .debug_ranges  0x00000d08       0x10 .\CortexM0\ARM_GCC_493\Debug\Sensor-PSoC.a(I2CS_I2C_INT.o)

.comment        0x00000000       0x70
 .comment       0x00000000       0x70 .\CortexM0\ARM_GCC_493\Debug\main.o
                                 0x71 (size before relaxing)
 .comment       0x00000000       0x71 .\CortexM0\ARM_GCC_493\Debug\CircularMean.o
 .comment       0x00000000       0x71 .\CortexM0\ARM_GCC_493\Debug\lux.o
 .comment       0x00000000       0x71 .\CortexM0\ARM_GCC_493\Debug\i2c.o
 .comment       0x00000000       0x71 .\CortexM0\ARM_GCC_493\Debug\queue.o
 .comment       0x00000000       0x71 .\CortexM0\ARM_GCC_493\Debug\handler.o
 .comment       0x00000000       0x71 .\CortexM0\ARM_GCC_493\Debug\SensorData.o
 .comment       0x00000000       0x71 .\CortexM0\ARM_GCC_493\Debug\LumenSensor.o
 .comment       0x00000000       0x71 .\CortexM0\ARM_GCC_493\Debug\cymetadata.o
 .comment       0x00000000       0x71 .\CortexM0\ARM_GCC_493\Debug\Cm0Start.o
 .comment       0x00000000       0x71 .\CortexM0\ARM_GCC_493\Debug\Sensor-PSoC.a(cyfitter_cfg.o)
 .comment       0x00000000       0x71 .\CortexM0\ARM_GCC_493\Debug\Sensor-PSoC.a(CyLib.o)
 .comment       0x00000000       0x71 .\CortexM0\ARM_GCC_493\Debug\Sensor-PSoC.a(CyLFClk.o)
 .comment       0x00000000       0x71 .\CortexM0\ARM_GCC_493\Debug\Sensor-PSoC.a(DistTimer.o)
 .comment       0x00000000       0x71 .\CortexM0\ARM_GCC_493\Debug\Sensor-PSoC.a(DistTimerInt.o)
 .comment       0x00000000       0x71 .\CortexM0\ARM_GCC_493\Debug\Sensor-PSoC.a(PIR_Trig.o)
 .comment       0x00000000       0x71 .\CortexM0\ARM_GCC_493\Debug\Sensor-PSoC.a(MetronomeISR.o)
 .comment       0x00000000       0x71 .\CortexM0\ARM_GCC_493\Debug\Sensor-PSoC.a(MetronomeTimer.o)
 .comment       0x00000000       0x71 .\CortexM0\ARM_GCC_493\Debug\Sensor-PSoC.a(DistReset.o)
 .comment       0x00000000       0x71 .\CortexM0\ARM_GCC_493\Debug\Sensor-PSoC.a(DistTrigger.o)
 .comment       0x00000000       0x71 .\CortexM0\ARM_GCC_493\Debug\Sensor-PSoC.a(DEBUG.o)
 .comment       0x00000000       0x71 .\CortexM0\ARM_GCC_493\Debug\Sensor-PSoC.a(LumenCom.o)
 .comment       0x00000000       0x71 .\CortexM0\ARM_GCC_493\Debug\Sensor-PSoC.a(LumenCom_I2C.o)
 .comment       0x00000000       0x71 .\CortexM0\ARM_GCC_493\Debug\Sensor-PSoC.a(LumenCom_I2C_MASTER.o)
 .comment       0x00000000       0x71 .\CortexM0\ARM_GCC_493\Debug\Sensor-PSoC.a(LumenCom_sda.o)
 .comment       0x00000000       0x71 .\CortexM0\ARM_GCC_493\Debug\Sensor-PSoC.a(LumenCom_scl.o)
 .comment       0x00000000       0x71 .\CortexM0\ARM_GCC_493\Debug\Sensor-PSoC.a(GreenPWM.o)
 .comment       0x00000000       0x71 .\CortexM0\ARM_GCC_493\Debug\Sensor-PSoC.a(RedPWM.o)
 .comment       0x00000000       0x71 .\CortexM0\ARM_GCC_493\Debug\Sensor-PSoC.a(BluePWM.o)
 .comment       0x00000000       0x71 .\CortexM0\ARM_GCC_493\Debug\Sensor-PSoC.a(I2CS.o)
 .comment       0x00000000       0x71 .\CortexM0\ARM_GCC_493\Debug\Sensor-PSoC.a(I2CS_I2C.o)
 .comment       0x00000000       0x71 .\CortexM0\ARM_GCC_493\Debug\Sensor-PSoC.a(I2CS_I2C_SLAVE.o)
 .comment       0x00000000       0x71 .\CortexM0\ARM_GCC_493\Debug\Sensor-PSoC.a(DistInterruptPin.o)
 .comment       0x00000000       0x71 .\CortexM0\ARM_GCC_493\Debug\Sensor-PSoC.a(LumenCom_I2C_INT.o)
 .comment       0x00000000       0x71 .\CortexM0\ARM_GCC_493\Debug\Sensor-PSoC.a(I2CS_I2C_INT.o)

.debug_weaknames
 *(.debug_weaknames)

.debug_funcnames
 *(.debug_funcnames)

.debug_typenames
 *(.debug_typenames)

.debug_varnames
 *(.debug_varnames)

.note.gnu.arm.ident
 *(.note.gnu.arm.ident)

.ARM.attributes
                0x00000000       0x28
 *(.ARM.attributes)
 .ARM.attributes
                0x00000000       0x1e c:/program files (x86)/cypress/psoc creator/3.3/psoc creator/import/gnu/arm/4.9.3/bin/../lib/gcc/arm-none-eabi/4.9.3/armv6-m/crti.o
 .ARM.attributes
                0x0000001e       0x2c c:/program files (x86)/cypress/psoc creator/3.3/psoc creator/import/gnu/arm/4.9.3/bin/../lib/gcc/arm-none-eabi/4.9.3/armv6-m/crtbegin.o
 .ARM.attributes
                0x0000004a       0x1b c:/program files (x86)/cypress/psoc creator/3.3/psoc creator/import/gnu/arm/4.9.3/bin/../lib/gcc/arm-none-eabi/4.9.3/../../../../arm-none-eabi/lib/armv6-m/crt0.o
 .ARM.attributes
                0x00000065       0x31 .\CortexM0\ARM_GCC_493\Debug\main.o
 .ARM.attributes
                0x00000096       0x31 .\CortexM0\ARM_GCC_493\Debug\CircularMean.o
 .ARM.attributes
                0x000000c7       0x31 .\CortexM0\ARM_GCC_493\Debug\lux.o
 .ARM.attributes
                0x000000f8       0x31 .\CortexM0\ARM_GCC_493\Debug\i2c.o
 .ARM.attributes
                0x00000129       0x31 .\CortexM0\ARM_GCC_493\Debug\queue.o
 .ARM.attributes
                0x0000015a       0x31 .\CortexM0\ARM_GCC_493\Debug\handler.o
 .ARM.attributes
                0x0000018b       0x31 .\CortexM0\ARM_GCC_493\Debug\SensorData.o
 .ARM.attributes
                0x000001bc       0x31 .\CortexM0\ARM_GCC_493\Debug\LumenSensor.o
 .ARM.attributes
                0x000001ed       0x31 .\CortexM0\ARM_GCC_493\Debug\cymetadata.o
 .ARM.attributes
                0x0000021e       0x31 .\CortexM0\ARM_GCC_493\Debug\Cm0Start.o
 .ARM.attributes
                0x0000024f       0x31 .\CortexM0\ARM_GCC_493\Debug\Sensor-PSoC.a(cyfitter_cfg.o)
 .ARM.attributes
                0x00000280       0x31 .\CortexM0\ARM_GCC_493\Debug\Sensor-PSoC.a(CyLib.o)
 .ARM.attributes
                0x000002b1       0x31 .\CortexM0\ARM_GCC_493\Debug\Sensor-PSoC.a(CyLFClk.o)
 .ARM.attributes
                0x000002e2       0x31 .\CortexM0\ARM_GCC_493\Debug\Sensor-PSoC.a(DistTimer.o)
 .ARM.attributes
                0x00000313       0x31 .\CortexM0\ARM_GCC_493\Debug\Sensor-PSoC.a(DistTimerInt.o)
 .ARM.attributes
                0x00000344       0x31 .\CortexM0\ARM_GCC_493\Debug\Sensor-PSoC.a(PIR_Trig.o)
 .ARM.attributes
                0x00000375       0x31 .\CortexM0\ARM_GCC_493\Debug\Sensor-PSoC.a(MetronomeISR.o)
 .ARM.attributes
                0x000003a6       0x31 .\CortexM0\ARM_GCC_493\Debug\Sensor-PSoC.a(MetronomeTimer.o)
 .ARM.attributes
                0x000003d7       0x31 .\CortexM0\ARM_GCC_493\Debug\Sensor-PSoC.a(DistReset.o)
 .ARM.attributes
                0x00000408       0x31 .\CortexM0\ARM_GCC_493\Debug\Sensor-PSoC.a(DistTrigger.o)
 .ARM.attributes
                0x00000439       0x31 .\CortexM0\ARM_GCC_493\Debug\Sensor-PSoC.a(DEBUG.o)
 .ARM.attributes
                0x0000046a       0x21 .\CortexM0\ARM_GCC_493\Debug\Sensor-PSoC.a(DEBUG_AsmGnu.o)
 .ARM.attributes
                0x0000048b       0x31 .\CortexM0\ARM_GCC_493\Debug\Sensor-PSoC.a(LumenCom.o)
 .ARM.attributes
                0x000004bc       0x31 .\CortexM0\ARM_GCC_493\Debug\Sensor-PSoC.a(LumenCom_I2C.o)
 .ARM.attributes
                0x000004ed       0x31 .\CortexM0\ARM_GCC_493\Debug\Sensor-PSoC.a(LumenCom_I2C_MASTER.o)
 .ARM.attributes
                0x0000051e       0x31 .\CortexM0\ARM_GCC_493\Debug\Sensor-PSoC.a(LumenCom_sda.o)
 .ARM.attributes
                0x0000054f       0x31 .\CortexM0\ARM_GCC_493\Debug\Sensor-PSoC.a(LumenCom_scl.o)
 .ARM.attributes
                0x00000580       0x31 .\CortexM0\ARM_GCC_493\Debug\Sensor-PSoC.a(GreenPWM.o)
 .ARM.attributes
                0x000005b1       0x31 .\CortexM0\ARM_GCC_493\Debug\Sensor-PSoC.a(RedPWM.o)
 .ARM.attributes
                0x000005e2       0x31 .\CortexM0\ARM_GCC_493\Debug\Sensor-PSoC.a(BluePWM.o)
 .ARM.attributes
                0x00000613       0x31 .\CortexM0\ARM_GCC_493\Debug\Sensor-PSoC.a(I2CS.o)
 .ARM.attributes
                0x00000644       0x31 .\CortexM0\ARM_GCC_493\Debug\Sensor-PSoC.a(I2CS_I2C.o)
 .ARM.attributes
                0x00000675       0x31 .\CortexM0\ARM_GCC_493\Debug\Sensor-PSoC.a(I2CS_I2C_SLAVE.o)
 .ARM.attributes
                0x000006a6       0x31 .\CortexM0\ARM_GCC_493\Debug\Sensor-PSoC.a(DistInterruptPin.o)
 .ARM.attributes
                0x000006d7       0x21 .\CortexM0\ARM_GCC_493\Debug\Sensor-PSoC.a(CyBootAsmGnu.o)
 .ARM.attributes
                0x000006f8       0x31 .\CortexM0\ARM_GCC_493\Debug\Sensor-PSoC.a(LumenCom_I2C_INT.o)
 .ARM.attributes
                0x00000729       0x31 .\CortexM0\ARM_GCC_493\Debug\Sensor-PSoC.a(I2CS_I2C_INT.o)
 .ARM.attributes
                0x0000075a       0x1e c:/program files (x86)/cypress/psoc creator/3.3/psoc creator/import/gnu/arm/4.9.3/bin/../lib/gcc/arm-none-eabi/4.9.3/armv6-m\libgcc.a(_udivsi3.o)
 .ARM.attributes
                0x00000778       0x1e c:/program files (x86)/cypress/psoc creator/3.3/psoc creator/import/gnu/arm/4.9.3/bin/../lib/gcc/arm-none-eabi/4.9.3/armv6-m\libgcc.a(_divsi3.o)
 .ARM.attributes
                0x00000796       0x1e c:/program files (x86)/cypress/psoc creator/3.3/psoc creator/import/gnu/arm/4.9.3/bin/../lib/gcc/arm-none-eabi/4.9.3/armv6-m\libgcc.a(_dvmd_tls.o)
 .ARM.attributes
                0x000007b4       0x2c c:/program files (x86)/cypress/psoc creator/3.3/psoc creator/import/gnu/arm/4.9.3/bin/../lib/gcc/arm-none-eabi/4.9.3/../../../../arm-none-eabi/lib/armv6-m\libg_nano.a(lib_a-errno.o)
 .ARM.attributes
                0x000007e0       0x2c c:/program files (x86)/cypress/psoc creator/3.3/psoc creator/import/gnu/arm/4.9.3/bin/../lib/gcc/arm-none-eabi/4.9.3/../../../../arm-none-eabi/lib/armv6-m\libg_nano.a(lib_a-exit.o)
 .ARM.attributes
                0x0000080c       0x2c c:/program files (x86)/cypress/psoc creator/3.3/psoc creator/import/gnu/arm/4.9.3/bin/../lib/gcc/arm-none-eabi/4.9.3/../../../../arm-none-eabi/lib/armv6-m\libg_nano.a(lib_a-impure.o)