Archive member included because of file (symbol)

.\CortexM0\ARM_GCC_493\Debug\PSoC4Master.a(cyfitter_cfg.o)
                              .\CortexM0\ARM_GCC_493\Debug\Cm0Start.o (cyfitter_cfg)
.\CortexM0\ARM_GCC_493\Debug\PSoC4Master.a(SPIS.o)
                              .\CortexM0\ARM_GCC_493\Debug\spi.o (SPIS_Start)
.\CortexM0\ARM_GCC_493\Debug\PSoC4Master.a(SPIS_SPI_UART.o)
                              .\CortexM0\ARM_GCC_493\Debug\spi.o (SPIS_SpiUartReadRxData)
.\CortexM0\ARM_GCC_493\Debug\PSoC4Master.a(SPIS_SPI.o)
                              .\CortexM0\ARM_GCC_493\Debug\PSoC4Master.a(SPIS.o) (SPIS_SpiInit)
.\CortexM0\ARM_GCC_493\Debug\PSoC4Master.a(CyLib.o)
                              .\CortexM0\ARM_GCC_493\Debug\spi.o (CyIntEnable)
.\CortexM0\ARM_GCC_493\Debug\PSoC4Master.a(CyLFClk.o)
                              .\CortexM0\ARM_GCC_493\Debug\PSoC4Master.a(cyfitter_cfg.o) (CySysWdtIsr)
.\CortexM0\ARM_GCC_493\Debug\PSoC4Master.a(LED_RED.o)
                              .\CortexM0\ARM_GCC_493\Debug\led.o (LED_RED_Write)
.\CortexM0\ARM_GCC_493\Debug\PSoC4Master.a(LED_GREEN.o)
                              .\CortexM0\ARM_GCC_493\Debug\led.o (LED_GREEN_Write)
.\CortexM0\ARM_GCC_493\Debug\PSoC4Master.a(LED_BLUE.o)
                              .\CortexM0\ARM_GCC_493\Debug\led.o (LED_BLUE_Write)
.\CortexM0\ARM_GCC_493\Debug\PSoC4Master.a(I2CM.o)
                              .\CortexM0\ARM_GCC_493\Debug\i2c.o (I2CM_Start)
.\CortexM0\ARM_GCC_493\Debug\PSoC4Master.a(I2CM_I2C.o)
                              .\CortexM0\ARM_GCC_493\Debug\PSoC4Master.a(I2CM.o) (I2CM_I2CInit)
.\CortexM0\ARM_GCC_493\Debug\PSoC4Master.a(I2CM_I2C_MASTER.o)
                              .\CortexM0\ARM_GCC_493\Debug\i2c.o (I2CM_I2CMasterGetReadBufSize)
.\CortexM0\ARM_GCC_493\Debug\PSoC4Master.a(I2CM_I2C_SLAVE.o)
                              .\CortexM0\ARM_GCC_493\Debug\PSoC4Master.a(I2CM_I2C.o) (I2CM_slStatus)
.\CortexM0\ARM_GCC_493\Debug\PSoC4Master.a(I2CM_sda.o)
                              .\CortexM0\ARM_GCC_493\Debug\i2c.o (I2CM_sda_SetDriveMode)
.\CortexM0\ARM_GCC_493\Debug\PSoC4Master.a(I2CM_scl.o)
                              .\CortexM0\ARM_GCC_493\Debug\i2c.o (I2CM_scl_SetDriveMode)
.\CortexM0\ARM_GCC_493\Debug\PSoC4Master.a(Din.o)
                              .\CortexM0\ARM_GCC_493\Debug\Nokia5110LCD.o (Din_Write)
.\CortexM0\ARM_GCC_493\Debug\PSoC4Master.a(Clk.o)
                              .\CortexM0\ARM_GCC_493\Debug\Nokia5110LCD.o (Clk_Write)
.\CortexM0\ARM_GCC_493\Debug\PSoC4Master.a(CE.o)
                              .\CortexM0\ARM_GCC_493\Debug\Nokia5110LCD.o (CE_Write)
.\CortexM0\ARM_GCC_493\Debug\PSoC4Master.a(DC.o)
                              .\CortexM0\ARM_GCC_493\Debug\Nokia5110LCD.o (DC_Write)
.\CortexM0\ARM_GCC_493\Debug\PSoC4Master.a(RST.o)
                              .\CortexM0\ARM_GCC_493\Debug\Nokia5110LCD.o (RST_Write)
.\CortexM0\ARM_GCC_493\Debug\PSoC4Master.a(Vcc.o)
                              .\CortexM0\ARM_GCC_493\Debug\Nokia5110LCD.o (Vcc_Write)
.\CortexM0\ARM_GCC_493\Debug\PSoC4Master.a(Gnd.o)
                              .\CortexM0\ARM_GCC_493\Debug\Nokia5110LCD.o (Gnd_Write)
.\CortexM0\ARM_GCC_493\Debug\PSoC4Master.a(BL.o)
                              .\CortexM0\ARM_GCC_493\Debug\Nokia5110LCD.o (BL_Write)
.\CortexM0\ARM_GCC_493\Debug\PSoC4Master.a(DEBUG.o)
                              .\CortexM0\ARM_GCC_493\Debug\main.o (DEBUG_Start)
.\CortexM0\ARM_GCC_493\Debug\PSoC4Master.a(SPIS_SPI_UART_INT.o)
                              .\CortexM0\ARM_GCC_493\Debug\PSoC4Master.a(SPIS_SPI.o) (SPIS_SPI_UART_ISR)
.\CortexM0\ARM_GCC_493\Debug\PSoC4Master.a(CyBootAsmGnu.o)
                              .\CortexM0\ARM_GCC_493\Debug\PSoC4Master.a(CyLib.o) (CyDelayCycles)
.\CortexM0\ARM_GCC_493\Debug\PSoC4Master.a(I2CM_I2C_INT.o)
                              .\CortexM0\ARM_GCC_493\Debug\PSoC4Master.a(I2CM_I2C.o) (I2CM_I2C_ISR)
.\CortexM0\ARM_GCC_493\Debug\PSoC4Master.a(DEBUG_AsmGnu.o)
                              .\CortexM0\ARM_GCC_493\Debug\PSoC4Master.a(DEBUG.o) (DEBUG_PutChar)
c:/program files (x86)/cypress/psoc creator/3.3/psoc creator/import/gnu/arm/4.9.3/bin/../lib/gcc/arm-none-eabi/4.9.3/armv6-m\libgcc.a(_udivsi3.o)
                              .\CortexM0\ARM_GCC_493\Debug\PSoC4Master.a(CyLib.o) (__aeabi_uidiv)
c:/program files (x86)/cypress/psoc creator/3.3/psoc creator/import/gnu/arm/4.9.3/bin/../lib/gcc/arm-none-eabi/4.9.3/armv6-m\libgcc.a(_dvmd_tls.o)
                              c:/program files (x86)/cypress/psoc creator/3.3/psoc creator/import/gnu/arm/4.9.3/bin/../lib/gcc/arm-none-eabi/4.9.3/armv6-m\libgcc.a(_udivsi3.o) (__aeabi_idiv0)
c:/program files (x86)/cypress/psoc creator/3.3/psoc creator/import/gnu/arm/4.9.3/bin/../lib/gcc/arm-none-eabi/4.9.3/../../../../arm-none-eabi/lib/armv6-m\libg_nano.a(lib_a-errno.o)
                              .\CortexM0\ARM_GCC_493\Debug\Cm0Start.o (__errno)
[...]
Memory Configuration

Name             Origin             Length             Attributes
rom              0x00000000         0x00008000         xr
ram              0x20000000         0x00001000         xrw
*default*        0x00000000         0xffffffff

Linker script and memory map

LOAD c:/program files (x86)/cypress/psoc creator/3.3/psoc creator/import/gnu/arm/4.9.3/bin/../lib/gcc/arm-none-eabi/4.9.3/armv6-m/crti.o
LOAD c:/program files (x86)/cypress/psoc creator/3.3/psoc creator/import/gnu/arm/4.9.3/bin/../lib/gcc/arm-none-eabi/4.9.3/armv6-m/crtbegin.o
LOAD c:/program files (x86)/cypress/psoc creator/3.3/psoc creator/import/gnu/arm/4.9.3/bin/../lib/gcc/arm-none-eabi/4.9.3/../../../../arm-none-eabi/lib/armv6-m/crt0.o
START GROUP
LOAD .\CortexM0\ARM_GCC_493\Debug\main.o
LOAD .\CortexM0\ARM_GCC_493\Debug\spi.o
LOAD .\CortexM0\ARM_GCC_493\Debug\i2c.o
LOAD .\CortexM0\ARM_GCC_493\Debug\led.o
LOAD .\CortexM0\ARM_GCC_493\Debug\queue.o
LOAD .\CortexM0\ARM_GCC_493\Debug\handler.o
LOAD .\CortexM0\ARM_GCC_493\Debug\data.o
LOAD .\CortexM0\ARM_GCC_493\Debug\Nokia5110LCD.o
LOAD .\CortexM0\ARM_GCC_493\Debug\lcd.o
LOAD .\CortexM0\ARM_GCC_493\Debug\cymetadata.o
LOAD .\CortexM0\ARM_GCC_493\Debug\Cm0Start.o
LOAD .\CortexM0\ARM_GCC_493\Debug\PSoC4Master.a
LOAD C:\Program Files (x86)\Cypress\PSoC Creator\3.3\PSoC Creator\psoc\content\cycomponentlibrary\CyComponentLibrary.cylib\CortexM0\ARM_GCC_493\Debug\CyComponentLibrary.a
END GROUP
START GROUP
LOAD c:/program files (x86)/cypress/psoc creator/3.3/psoc creator/import/gnu/arm/4.9.3/bin/../lib/gcc/arm-none-eabi/4.9.3/armv6-m\libgcc.a
LOAD c:/program files (x86)/cypress/psoc creator/3.3/psoc creator/import/gnu/arm/4.9.3/bin/../lib/gcc/arm-none-eabi/4.9.3/../../../../arm-none-eabi/lib/armv6-m\libg_nano.a
LOAD c:/program files (x86)/cypress/psoc creator/3.3/psoc creator/import/gnu/arm/4.9.3/bin/../lib/gcc/arm-none-eabi/4.9.3/../../../../arm-none-eabi/lib/armv6-m\libc_nano.a
END GROUP
START GROUP
LOAD c:/program files (x86)/cypress/psoc creator/3.3/psoc creator/import/gnu/arm/4.9.3/bin/../lib/gcc/arm-none-eabi/4.9.3/armv6-m\libgcc.a
LOAD c:/program files (x86)/cypress/psoc creator/3.3/psoc creator/import/gnu/arm/4.9.3/bin/../lib/gcc/arm-none-eabi/4.9.3/../../../../arm-none-eabi/lib/armv6-m\libc_nano.a
END GROUP
LOAD c:/program files (x86)/cypress/psoc creator/3.3/psoc creator/import/gnu/arm/4.9.3/bin/../lib/gcc/arm-none-eabi/4.9.3/armv6-m/crtend.o
LOAD c:/program files (x86)/cypress/psoc creator/3.3/psoc creator/import/gnu/arm/4.9.3/bin/../lib/gcc/arm-none-eabi/4.9.3/armv6-m/crtn.o
START GROUP
LOAD c:/program files (x86)/cypress/psoc creator/3.3/psoc creator/import/gnu/arm/4.9.3/bin/../lib/gcc/arm-none-eabi/4.9.3/armv6-m\libgcc.a
LOAD c:/program files (x86)/cypress/psoc creator/3.3/psoc creator/import/gnu/arm/4.9.3/bin/../lib/gcc/arm-none-eabi/4.9.3/../../../../arm-none-eabi/lib/armv6-m\libc.a
LOAD c:/program files (x86)/cypress/psoc creator/3.3/psoc creator/import/gnu/arm/4.9.3/bin/../lib/gcc/arm-none-eabi/4.9.3/../../../../arm-none-eabi/lib/armv6-m\libnosys.a
END GROUP
                0x00000000                CY_APPL_ORIGIN = 0x0
                0x00000080                CY_FLASH_ROW_SIZE = 0x80
                0x00000001                CY_APPL_NUM = 0x1
                0x00000001                CY_APPL_MAX = 0x1
                0x00000040                CY_METADATA_SIZE = 0x40
                0x00000000                CY_APPL_LOADABLE = 0x0
                0x00000000                CY_CHECKSUM_EXCLUDE_SIZE = ALIGN (0x0, CY_FLASH_ROW_SIZE)
                0x00000000                CY_APP_FOR_STACK_AND_COPIER = 0x0
                0x200002f0                PROVIDE (__cy_heap_start, _end)
                0x00000001                PROVIDE (__cy_region_num, ((__cy_regions_end - __cy_regions) / 0x10))
                0x20001000                PROVIDE (__cy_stack, (ORIGIN (ram) + 0x1000))
                0x20000c00                PROVIDE (__cy_heap_end, (__cy_stack - 0x400))

.cybootloader   0x00000000        0x0
 *(.cybootloader)
                0x00000000                appl1_start = CY_APPL_ORIGIN?CY_APPL_ORIGIN:ALIGN (CY_FLASH_ROW_SIZE)
                0x00003f80                appl2_start = (appl1_start + ALIGN ((((0x8000 - appl1_start) - (0x2 * CY_FLASH_ROW_SIZE)) / 0x2), CY_FLASH_ROW_SIZE))
                0x00000000                appl_start = (CY_APPL_NUM == 0x1)?appl1_start:appl2_start
                0x00000001                cy_project_type_bootloader = (appl_start == 0x0)?0x1:0x0
                0x00000000                cy_project_type_app_for_stack_and_copier = (CY_APP_FOR_STACK_AND_COPIER == 0x1)?0x1:0x0

.text           0x00000000     0x2e1a
 CREATE_OBJECT_SYMBOLS
                0x00000000                PROVIDE (__cy_interrupt_vector, RomVectors)
 *(.romvectors)
 .romvectors    0x00000000       0x10 .\CortexM0\ARM_GCC_493\Debug\Cm0Start.o
                0x00000000                RomVectors
                0x00000001                ASSERT ((. != __cy_interrupt_vector), No interrupt vector)
                0x00000001                ASSERT (CY_APPL_ORIGIN?(SIZEOF (.cybootloader) <= CY_APPL_ORIGIN):0x1, Wrong image location)
                0x00000010                PROVIDE (__cy_reset, Reset)
 *(.text.Reset)
 .text.Reset    0x00000010        0x8 .\CortexM0\ARM_GCC_493\Debug\Cm0Start.o
                0x00000010                Reset
                0x00000001                ASSERT ((. != __cy_reset), No reset code)
 *(.psocinit)
 .psocinit      0x00000018      0x1ac .\CortexM0\ARM_GCC_493\Debug\PSoC4Master.a(cyfitter_cfg.o)
                0x000000a8                cyfitter_cfg
                0x000001c4                . = MAX (., 0x100)
 *(.text .text.* .gnu.linkonce.t.*)
 .text          0x000001c4       0x60 c:/program files (x86)/cypress/psoc creator/3.3/psoc creator/import/gnu/arm/4.9.3/bin/../lib/gcc/arm-none-eabi/4.9.3/armv6-m/crtbegin.o
 .text.main     0x00000224       0x88 .\CortexM0\ARM_GCC_493\Debug\main.o
                0x00000224                main
 .text.isr_spi_rx
                0x000002ac      0x150 .\CortexM0\ARM_GCC_493\Debug\spi.o
                0x000002ac                isr_spi_rx
 .text.spi_init
                0x000003fc       0x1c .\CortexM0\ARM_GCC_493\Debug\spi.o
                0x000003fc                spi_init
 .text.spi_tx   0x00000418       0x18 .\CortexM0\ARM_GCC_493\Debug\spi.o
                0x00000418                spi_tx
 .text.i2c_init
                0x00000430       0x28 .\CortexM0\ARM_GCC_493\Debug\i2c.o
                0x00000430                i2c_init
 .text.i2c_tx   0x00000458       0x48 .\CortexM0\ARM_GCC_493\Debug\i2c.o
                0x00000458                i2c_tx
 .text.i2c_setPacket
                0x000004a0       0x94 .\CortexM0\ARM_GCC_493\Debug\i2c.o
                0x000004a0                i2c_setPacket
 .text.i2c_rx   0x00000534       0x60 .\CortexM0\ARM_GCC_493\Debug\i2c.o
                0x00000534                i2c_rx
 .text.i2c_getPacket
                0x00000594      0x10c .\CortexM0\ARM_GCC_493\Debug\i2c.o
                0x00000594                i2c_getPacket
 .text.setLed   0x000006a0       0x48 .\CortexM0\ARM_GCC_493\Debug\led.o
                0x000006a0                setLed
 .text.backInsert
                0x000006e8       0x2c .\CortexM0\ARM_GCC_493\Debug\queue.o
 .text.headInsert
                0x00000714       0x28 .\CortexM0\ARM_GCC_493\Debug\queue.o
 .text.headRemove
                0x0000073c       0x14 .\CortexM0\ARM_GCC_493\Debug\queue.o
 .text.queue_init
                0x00000750       0x1c .\CortexM0\ARM_GCC_493\Debug\queue.o
                0x00000750                queue_init
 .text.frontQueue
                0x0000076c       0x30 .\CortexM0\ARM_GCC_493\Debug\queue.o
                0x0000076c                frontQueue
 .text.isEmptyQueue
                0x0000079c       0x14 .\CortexM0\ARM_GCC_493\Debug\queue.o
                0x0000079c                isEmptyQueue
 .text.pushQueue
                0x000007b0       0xb8 .\CortexM0\ARM_GCC_493\Debug\queue.o
                0x000007b0                pushQueue
 .text.popQueue
                0x00000868       0x44 .\CortexM0\ARM_GCC_493\Debug\queue.o
                0x00000868                popQueue
 .text.handler  0x000008ac      0x218 .\CortexM0\ARM_GCC_493\Debug\handler.o
                0x000008ac                handler
 .text.data_init
                0x00000ac4       0x20 .\CortexM0\ARM_GCC_493\Debug\data.o
                0x00000ac4                data_init
 .text.Send_Data
                0x00000ae4       0x40 .\CortexM0\ARM_GCC_493\Debug\Nokia5110LCD.o
                0x00000ae4                Send_Data
 .text.LCD_Write
                0x00000b24       0x2c .\CortexM0\ARM_GCC_493\Debug\Nokia5110LCD.o
                0x00000b24                LCD_Write
 .text.LCD_Character
                0x00000b50       0x3c .\CortexM0\ARM_GCC_493\Debug\Nokia5110LCD.o
                0x00000b50                LCD_Character
 .text.LCD_String
                0x00000b8c       0x14 .\CortexM0\ARM_GCC_493\Debug\Nokia5110LCD.o
                0x00000b8c                LCD_String
 .text.LCD_gotoXY
                0x00000ba0       0x20 .\CortexM0\ARM_GCC_493\Debug\Nokia5110LCD.o
                0x00000ba0                LCD_gotoXY
 .text.LCD_Clear
                0x00000bc0       0x2c .\CortexM0\ARM_GCC_493\Debug\Nokia5110LCD.o
                0x00000bc0                LCD_Clear
 .text.LCD_Init
                0x00000bec       0x74 .\CortexM0\ARM_GCC_493\Debug\Nokia5110LCD.o
                0x00000bec                LCD_Init
 .text.lcd_newline
                0x00000c60       0x5c .\CortexM0\ARM_GCC_493\Debug\lcd.o
                0x00000c60                lcd_newline
 .text.IntDefaultHandler
                0x00000cbc        0x4 .\CortexM0\ARM_GCC_493\Debug\Cm0Start.o
                0x00000cbc                IntDefaultHandler
 .text._sbrk    0x00000cc0       0x30 .\CortexM0\ARM_GCC_493\Debug\Cm0Start.o
                0x00000cc0                _sbrk
 .text.Start_c  0x00000cf0       0x48 .\CortexM0\ARM_GCC_493\Debug\Cm0Start.o
                0x00000cf0                Start_c
 .text.initialize_psoc
                0x00000d38       0x48 .\CortexM0\ARM_GCC_493\Debug\Cm0Start.o
                0x00000d38                initialize_psoc
 .text.CYMEMZERO
                0x00000d80        0xc .\CortexM0\ARM_GCC_493\Debug\PSoC4Master.a(cyfitter_cfg.o)
 .text.SPIS_ScbEnableIntr
                0x00000d8c        0xc .\CortexM0\ARM_GCC_493\Debug\PSoC4Master.a(SPIS.o)
 .text.SPIS_ScbModePostEnable
                0x00000d98        0x8 .\CortexM0\ARM_GCC_493\Debug\PSoC4Master.a(SPIS.o)
 .text.SPIS_Init
                0x00000da0        0x8 .\CortexM0\ARM_GCC_493\Debug\PSoC4Master.a(SPIS.o)
                0x00000da0                SPIS_Init
 .text.SPIS_Enable
                0x00000da8       0x1c .\CortexM0\ARM_GCC_493\Debug\PSoC4Master.a(SPIS.o)
                0x00000da8                SPIS_Enable
 .text.SPIS_Start
                0x00000dc4       0x20 .\CortexM0\ARM_GCC_493\Debug\PSoC4Master.a(SPIS.o)
                0x00000dc4                SPIS_Start
 .text.SPIS_SetCustomInterruptHandler
                0x00000de4        0xc .\CortexM0\ARM_GCC_493\Debug\PSoC4Master.a(SPIS.o)
                0x00000de4                SPIS_SetCustomInterruptHandler
 .text.SPIS_SpiUartReadRxData
                0x00000df0       0x38 .\CortexM0\ARM_GCC_493\Debug\PSoC4Master.a(SPIS_SPI_UART.o)
                0x00000df0                SPIS_SpiUartReadRxData
 .text.SPIS_SpiUartGetRxBufferSize
                0x00000e28       0x28 .\CortexM0\ARM_GCC_493\Debug\PSoC4Master.a(SPIS_SPI_UART.o)
                0x00000e28                SPIS_SpiUartGetRxBufferSize
 .text.SPIS_SpiUartClearRxBuffer
                0x00000e50       0x54 .\CortexM0\ARM_GCC_493\Debug\PSoC4Master.a(SPIS_SPI_UART.o)
                0x00000e50                SPIS_SpiUartClearRxBuffer
 .text.SPIS_SpiUartWriteTxData
                0x00000ea4       0x74 .\CortexM0\ARM_GCC_493\Debug\PSoC4Master.a(SPIS_SPI_UART.o)
                0x00000ea4                SPIS_SpiUartWriteTxData
 .text.SPIS_SpiUartPutArray
                0x00000f18       0x1c .\CortexM0\ARM_GCC_493\Debug\PSoC4Master.a(SPIS_SPI_UART.o)
                0x00000f18                SPIS_SpiUartPutArray
 .text.SPIS_SpiUartClearTxBuffer
                0x00000f34       0x58 .\CortexM0\ARM_GCC_493\Debug\PSoC4Master.a(SPIS_SPI_UART.o)
                0x00000f34                SPIS_SpiUartClearTxBuffer
 .text.SPIS_SpiInit
                0x00000f8c       0xbc .\CortexM0\ARM_GCC_493\Debug\PSoC4Master.a(SPIS_SPI.o)
                0x00000f8c                SPIS_SpiInit
 .text.SPIS_SpiPostEnable
                0x00001048        0x4 .\CortexM0\ARM_GCC_493\Debug\PSoC4Master.a(SPIS_SPI.o)
                0x00001048                SPIS_SpiPostEnable
 .text.CyIntEnable
                0x0000104c       0x14 .\CortexM0\ARM_GCC_493\Debug\PSoC4Master.a(CyLib.o)
                0x0000104c                CyIntEnable
 .text.CyIntDisable
                0x00001060       0x14 .\CortexM0\ARM_GCC_493\Debug\PSoC4Master.a(CyLib.o)
                0x00001060                CyIntDisable
 .text.CyHalt   0x00001074        0x4 .\CortexM0\ARM_GCC_493\Debug\PSoC4Master.a(CyLib.o)
                0x00001074                CyHalt
 .text.CyIntSetVector
                0x00001078       0x24 .\CortexM0\ARM_GCC_493\Debug\PSoC4Master.a(CyLib.o)
                0x00001078                CyIntSetVector
 .text.CyIntSetPriority
                0x0000109c       0x4c .\CortexM0\ARM_GCC_493\Debug\PSoC4Master.a(CyLib.o)
                0x0000109c                CyIntSetPriority
 .text.CyDelay  0x000010e8       0x30 .\CortexM0\ARM_GCC_493\Debug\PSoC4Master.a(CyLib.o)
                0x000010e8                CyDelay
 .text.CyDelayUs
                0x00001118       0x14 .\CortexM0\ARM_GCC_493\Debug\PSoC4Master.a(CyLib.o)
                0x00001118                CyDelayUs
 .text.CySysClkWriteImoFreq
                0x0000112c      0x164 .\CortexM0\ARM_GCC_493\Debug\PSoC4Master.a(CyLib.o)
                0x0000112c                CySysClkWriteImoFreq
 .text.CySysWdtLocked
                0x00001290       0x14 .\CortexM0\ARM_GCC_493\Debug\PSoC4Master.a(CyLFClk.o)
 .text.CySysWdtLock
                0x000012a4       0x1c .\CortexM0\ARM_GCC_493\Debug\PSoC4Master.a(CyLFClk.o)
                0x000012a4                CySysWdtLock
 .text.CySysWdtUnlock
                0x000012c0       0x30 .\CortexM0\ARM_GCC_493\Debug\PSoC4Master.a(CyLFClk.o)
                0x000012c0                CySysWdtUnlock
 .text.CySysWdtClearInterrupt
                0x000012f0       0x4c .\CortexM0\ARM_GCC_493\Debug\PSoC4Master.a(CyLFClk.o)
                0x000012f0                CySysWdtClearInterrupt
 .text.CySysWdtIsr
                0x0000133c       0xa4 .\CortexM0\ARM_GCC_493\Debug\PSoC4Master.a(CyLFClk.o)
                0x0000133c                CySysWdtIsr
 .text.LED_RED_Write
                0x000013e0       0x18 .\CortexM0\ARM_GCC_493\Debug\PSoC4Master.a(LED_RED.o)
                0x000013e0                LED_RED_Write
 .text.LED_GREEN_Write
                0x000013f8       0x18 .\CortexM0\ARM_GCC_493\Debug\PSoC4Master.a(LED_GREEN.o)
                0x000013f8                LED_GREEN_Write
 .text.LED_BLUE_Write
                0x00001410       0x18 .\CortexM0\ARM_GCC_493\Debug\PSoC4Master.a(LED_BLUE.o)
                0x00001410                LED_BLUE_Write
 .text.I2CM_ScbEnableIntr
                0x00001428        0xc .\CortexM0\ARM_GCC_493\Debug\PSoC4Master.a(I2CM.o)
 .text.I2CM_Init
                0x00001434        0x8 .\CortexM0\ARM_GCC_493\Debug\PSoC4Master.a(I2CM.o)
                0x00001434                I2CM_Init
 .text.I2CM_Enable
                0x0000143c       0x18 .\CortexM0\ARM_GCC_493\Debug\PSoC4Master.a(I2CM.o)
                0x0000143c                I2CM_Enable
 .text.I2CM_Start
                0x00001454       0x20 .\CortexM0\ARM_GCC_493\Debug\PSoC4Master.a(I2CM.o)
                0x00001454                I2CM_Start
 .text.I2CM_I2CSlaveNackGeneration
                0x00001474       0x3c .\CortexM0\ARM_GCC_493\Debug\PSoC4Master.a(I2CM.o)
                0x00001474                I2CM_I2CSlaveNackGeneration
 .text.I2CM_I2CInit
                0x000014b0       0xf4 .\CortexM0\ARM_GCC_493\Debug\PSoC4Master.a(I2CM_I2C.o)
                0x000014b0                I2CM_I2CInit
 .text.I2CM_I2CMasterGetReadBufSize
                0x000015a4        0xc .\CortexM0\ARM_GCC_493\Debug\PSoC4Master.a(I2CM_I2C_MASTER.o)
                0x000015a4                I2CM_I2CMasterGetReadBufSize
 .text.I2CM_I2CMasterGetWriteBufSize
                0x000015b0        0xc .\CortexM0\ARM_GCC_493\Debug\PSoC4Master.a(I2CM_I2C_MASTER.o)
                0x000015b0                I2CM_I2CMasterGetWriteBufSize
 .text.I2CM_I2CMasterStatus
                0x000015bc       0x30 .\CortexM0\ARM_GCC_493\Debug\PSoC4Master.a(I2CM_I2C_MASTER.o)
                0x000015bc                I2CM_I2CMasterStatus
 .text.I2CM_I2CMasterClearStatus
                0x000015ec       0x20 .\CortexM0\ARM_GCC_493\Debug\PSoC4Master.a(I2CM_I2C_MASTER.o)
                0x000015ec                I2CM_I2CMasterClearStatus
 .text.I2CM_I2CReStartGeneration
                0x0000160c       0x90 .\CortexM0\ARM_GCC_493\Debug\PSoC4Master.a(I2CM_I2C_MASTER.o)
                0x0000160c                I2CM_I2CReStartGeneration
 .text.I2CM_I2CMasterWriteBuf
                0x0000169c       0xec .\CortexM0\ARM_GCC_493\Debug\PSoC4Master.a(I2CM_I2C_MASTER.o)
                0x0000169c                I2CM_I2CMasterWriteBuf
 .text.I2CM_I2CMasterReadBuf
                0x00001788       0xfc .\CortexM0\ARM_GCC_493\Debug\PSoC4Master.a(I2CM_I2C_MASTER.o)
                0x00001788                I2CM_I2CMasterReadBuf
 .text.I2CM_I2CSlaveClearWriteStatus
                0x00001884       0x28 .\CortexM0\ARM_GCC_493\Debug\PSoC4Master.a(I2CM_I2C_SLAVE.o)
                0x00001884                I2CM_I2CSlaveClearWriteStatus
 .text.I2CM_I2CSlaveInitWriteBuf
                0x000018ac       0x34 .\CortexM0\ARM_GCC_493\Debug\PSoC4Master.a(I2CM_I2C_SLAVE.o)
                0x000018ac                I2CM_I2CSlaveInitWriteBuf
 .text.I2CM_I2CSlaveClearWriteBuf
                0x000018e0        0xc .\CortexM0\ARM_GCC_493\Debug\PSoC4Master.a(I2CM_I2C_SLAVE.o)
                0x000018e0                I2CM_I2CSlaveClearWriteBuf
 .text.I2CM_sda_SetDriveMode
                0x000018ec       0x14 .\CortexM0\ARM_GCC_493\Debug\PSoC4Master.a(I2CM_sda.o)
                0x000018ec                I2CM_sda_SetDriveMode
 .text.I2CM_sda_Read
                0x00001900       0x10 .\CortexM0\ARM_GCC_493\Debug\PSoC4Master.a(I2CM_sda.o)
                0x00001900                I2CM_sda_Read
 .text.I2CM_scl_SetDriveMode
                0x00001910       0x14 .\CortexM0\ARM_GCC_493\Debug\PSoC4Master.a(I2CM_scl.o)
                0x00001910                I2CM_scl_SetDriveMode
 .text.I2CM_scl_Write
                0x00001924       0x18 .\CortexM0\ARM_GCC_493\Debug\PSoC4Master.a(I2CM_scl.o)
                0x00001924                I2CM_scl_Write
 .text.I2CM_scl_Read
                0x0000193c       0x10 .\CortexM0\ARM_GCC_493\Debug\PSoC4Master.a(I2CM_scl.o)
                0x0000193c                I2CM_scl_Read
 .text.Din_Write
                0x0000194c       0x18 .\CortexM0\ARM_GCC_493\Debug\PSoC4Master.a(Din.o)
                0x0000194c                Din_Write
 .text.Clk_Write
                0x00001964       0x18 .\CortexM0\ARM_GCC_493\Debug\PSoC4Master.a(Clk.o)
                0x00001964                Clk_Write
 .text.CE_Write
                0x0000197c       0x18 .\CortexM0\ARM_GCC_493\Debug\PSoC4Master.a(CE.o)
                0x0000197c                CE_Write
 .text.DC_Write
                0x00001994       0x18 .\CortexM0\ARM_GCC_493\Debug\PSoC4Master.a(DC.o)
                0x00001994                DC_Write
 .text.RST_Write
                0x000019ac       0x18 .\CortexM0\ARM_GCC_493\Debug\PSoC4Master.a(RST.o)
                0x000019ac                RST_Write
 .text.Vcc_Write
                0x000019c4       0x18 .\CortexM0\ARM_GCC_493\Debug\PSoC4Master.a(Vcc.o)
                0x000019c4                Vcc_Write
 .text.Gnd_Write
                0x000019dc       0x18 .\CortexM0\ARM_GCC_493\Debug\PSoC4Master.a(Gnd.o)
                0x000019dc                Gnd_Write
 .text.BL_Write
                0x000019f4       0x18 .\CortexM0\ARM_GCC_493\Debug\PSoC4Master.a(BL.o)
                0x000019f4                BL_Write
 .text.DEBUG_Start
                0x00001a0c        0x4 .\CortexM0\ARM_GCC_493\Debug\PSoC4Master.a(DEBUG.o)
                0x00001a0c                DEBUG_Start
 .text.DEBUG_PutString
                0x00001a10       0x1c .\CortexM0\ARM_GCC_493\Debug\PSoC4Master.a(DEBUG.o)
                0x00001a10                DEBUG_PutString
 .text.DEBUG_PutHexByte
                0x00001a2c       0x20 .\CortexM0\ARM_GCC_493\Debug\PSoC4Master.a(DEBUG.o)
                0x00001a2c                DEBUG_PutHexByte
 .text.DEBUG_PutCRLF
                0x00001a4c       0x10 .\CortexM0\ARM_GCC_493\Debug\PSoC4Master.a(DEBUG.o)
                0x00001a4c                DEBUG_PutCRLF
 .text.SPIS_SPI_UART_ISR
                0x00001a5c       0xe8 .\CortexM0\ARM_GCC_493\Debug\PSoC4Master.a(SPIS_SPI_UART_INT.o)
                0x00001a5c                SPIS_SPI_UART_ISR
 *fill*         0x00001b44        0x4 
 .text          0x00001b48       0x28 .\CortexM0\ARM_GCC_493\Debug\PSoC4Master.a(CyBootAsmGnu.o)
                0x00001b48                CyDelayCycles
                0x00001b5c                CyEnterCriticalSection
                0x00001b64                CyExitCriticalSection
 .text.I2CM_I2C_ISR
                0x00001b70      0x7bc .\CortexM0\ARM_GCC_493\Debug\PSoC4Master.a(I2CM_I2C_INT.o)
                0x00001b70                I2CM_I2C_ISR
 *fill*         0x0000232c       0x14 
 .text          0x00002340       0xe0 .\CortexM0\ARM_GCC_493\Debug\PSoC4Master.a(DEBUG_AsmGnu.o)
                0x00002340                DEBUG_PutChar
 .text          0x00002420      0x120 c:/program files (x86)/cypress/psoc creator/3.3/psoc creator/import/gnu/arm/4.9.3/bin/../lib/gcc/arm-none-eabi/4.9.3/armv6-m\libgcc.a(_udivsi3.o)
                0x00002420                __aeabi_uidiv
                0x00002420                __udivsi3
                0x0000252c                __aeabi_uidivmod
 .text          0x00002540        0x4 c:/program files (x86)/cypress/psoc creator/3.3/psoc creator/import/gnu/arm/4.9.3/bin/../lib/gcc/arm-none-eabi/4.9.3/armv6-m\libgcc.a(_dvmd_tls.o)
                0x00002540                __aeabi_idiv0
                0x00002540                __aeabi_ldiv0
 .text.__errno  0x00002544        0xc c:/program files (x86)/cypress/psoc creator/3.3/psoc creator/import/gnu/arm/4.9.3/bin/../lib/gcc/arm-none-eabi/4.9.3/../../../../arm-none-eabi/lib/armv6-m\libg_nano.a(lib_a-errno.o)
                0x00002544                __errno
 .text.__libc_init_array
                0x00002550       0x4c c:/program files (x86)/cypress/psoc creator/3.3/psoc creator/import/gnu/arm/4.9.3/bin/../lib/gcc/arm-none-eabi/4.9.3/../../../../arm-none-eabi/lib/armv6-m\libg_nano.a(lib_a-init.o)
                0x00002550                __libc_init_array
 .text.malloc   0x0000259c       0x14 c:/program files (x86)/cypress/psoc creator/3.3/psoc creator/import/gnu/arm/4.9.3/bin/../lib/gcc/arm-none-eabi/4.9.3/../../../../arm-none-eabi/lib/armv6-m\libg_nano.a(lib_a-malloc.o)
                0x0000259c                malloc
 .text.free     0x000025b0       0x14 c:/program files (x86)/cypress/psoc creator/3.3/psoc creator/import/gnu/arm/4.9.3/bin/../lib/gcc/arm-none-eabi/4.9.3/../../../../arm-none-eabi/lib/armv6-m\libg_nano.a(lib_a-malloc.o)
                0x000025b0                free
 .text.memset   0x000025c4       0x10 c:/program files (x86)/cypress/psoc creator/3.3/psoc creator/import/gnu/arm/4.9.3/bin/../lib/gcc/arm-none-eabi/4.9.3/../../../../arm-none-eabi/lib/armv6-m\libg_nano.a(lib_a-memset.o)
                0x000025c4                memset
 .text._free_r  0x000025d4       0x8c c:/program files (x86)/cypress/psoc creator/3.3/psoc creator/import/gnu/arm/4.9.3/bin/../lib/gcc/arm-none-eabi/4.9.3/../../../../arm-none-eabi/lib/armv6-m\libg_nano.a(lib_a-nano-freer.o)
                0x000025d4                _free_r
 .text._malloc_r
                0x00002660       0xb0 c:/program files (x86)/cypress/psoc creator/3.3/psoc creator/import/gnu/arm/4.9.3/bin/../lib/gcc/arm-none-eabi/4.9.3/../../../../arm-none-eabi/lib/armv6-m\libg_nano.a(lib_a-nano-mallocr.o)
                0x00002660                _malloc_r
 .text._sbrk_r  0x00002710       0x24 c:/program files (x86)/cypress/psoc creator/3.3/psoc creator/import/gnu/arm/4.9.3/bin/../lib/gcc/arm-none-eabi/4.9.3/../../../../arm-none-eabi/lib/armv6-m\libg_nano.a(lib_a-sbrkr.o)
                0x00002710                _sbrk_r
 .text.sprintf  0x00002734       0x44 c:/program files (x86)/cypress/psoc creator/3.3/psoc creator/import/gnu/arm/4.9.3/bin/../lib/gcc/arm-none-eabi/4.9.3/../../../../arm-none-eabi/lib/armv6-m\libg_nano.a(lib_a-sprintf.o)
                0x00002734                siprintf
                0x00002734                sprintf
 .text.strcpy   0x00002778       0x10 c:/program files (x86)/cypress/psoc creator/3.3/psoc creator/import/gnu/arm/4.9.3/bin/../lib/gcc/arm-none-eabi/4.9.3/../../../../arm-none-eabi/lib/armv6-m\libg_nano.a(lib_a-strcpy.o)
                0x00002778                strcpy
 .text.strncpy  0x00002788       0x28 c:/program files (x86)/cypress/psoc creator/3.3/psoc creator/import/gnu/arm/4.9.3/bin/../lib/gcc/arm-none-eabi/4.9.3/../../../../arm-none-eabi/lib/armv6-m\libg_nano.a(lib_a-strncpy.o)
                0x00002788                strncpy
 .text.__ssputs_r
                0x000027b0       0xc0 c:/program files (x86)/cypress/psoc creator/3.3/psoc creator/import/gnu/arm/4.9.3/bin/../lib/gcc/arm-none-eabi/4.9.3/../../../../arm-none-eabi/lib/armv6-m\libg_nano.a(lib_a-nano-svfprintf.o)
                0x000027b0                __ssputs_r
 .text._svfprintf_r
                0x00002870      0x1ec c:/program files (x86)/cypress/psoc creator/3.3/psoc creator/import/gnu/arm/4.9.3/bin/../lib/gcc/arm-none-eabi/4.9.3/../../../../arm-none-eabi/lib/armv6-m\libg_nano.a(lib_a-nano-svfprintf.o)
                0x00002870                _svfiprintf_r
                0x00002870                _svfprintf_r
 .text._printf_common
                0x00002a5c       0xdc c:/program files (x86)/cypress/psoc creator/3.3/psoc creator/import/gnu/arm/4.9.3/bin/../lib/gcc/arm-none-eabi/4.9.3/../../../../arm-none-eabi/lib/armv6-m\libg_nano.a(lib_a-nano-vfprintf_i.o)
                0x00002a5c                _printf_common
 .text._printf_i
                0x00002b38      0x230 c:/program files (x86)/cypress/psoc creator/3.3/psoc creator/import/gnu/arm/4.9.3/bin/../lib/gcc/arm-none-eabi/4.9.3/../../../../arm-none-eabi/lib/armv6-m\libg_nano.a(lib_a-nano-vfprintf_i.o)
                0x00002b38                _printf_i
 .text.memchr   0x00002d68       0x16 c:/program files (x86)/cypress/psoc creator/3.3/psoc creator/import/gnu/arm/4.9.3/bin/../lib/gcc/arm-none-eabi/4.9.3/../../../../arm-none-eabi/lib/armv6-m\libg_nano.a(lib_a-memchr.o)
                0x00002d68                memchr
 .text.memcpy   0x00002d7e       0x12 c:/program files (x86)/cypress/psoc creator/3.3/psoc creator/import/gnu/arm/4.9.3/bin/../lib/gcc/arm-none-eabi/4.9.3/../../../../arm-none-eabi/lib/armv6-m\libg_nano.a(lib_a-memcpy.o)
                0x00002d7e                memcpy
 .text.memmove  0x00002d90       0x28 c:/program files (x86)/cypress/psoc creator/3.3/psoc creator/import/gnu/arm/4.9.3/bin/../lib/gcc/arm-none-eabi/4.9.3/../../../../arm-none-eabi/lib/armv6-m\libg_nano.a(lib_a-memmove.o)
                0x00002d90                memmove
 .text._realloc_r
                0x00002db8       0x4c c:/program files (x86)/cypress/psoc creator/3.3/psoc creator/import/gnu/arm/4.9.3/bin/../lib/gcc/arm-none-eabi/4.9.3/../../../../arm-none-eabi/lib/armv6-m\libg_nano.a(lib_a-nano-reallocr.o)
                0x00002db8                _realloc_r
 .text._malloc_usable_size_r
                0x00002e04       0x16 c:/program files (x86)/cypress/psoc creator/3.3/psoc creator/import/gnu/arm/4.9.3/bin/../lib/gcc/arm-none-eabi/4.9.3/../../../../arm-none-eabi/lib/armv6-m\libg_nano.a(lib_a-nano-msizer.o)
                0x00002e04                _malloc_usable_size_r
 *(.plt)
 *(.gnu.warning)
 *(.glue_7t)
 .glue_7t       0x00000000        0x0 linker stubs
 *(.glue_7)
 .glue_7        0x00000000        0x0 linker stubs
 *(.vfp11_veneer)
 .vfp11_veneer  0x00000000        0x0 linker stubs
 *(.bootloader)
 *(.ARM.extab* .gnu.linkonce.armextab.*)
 *(.gcc_except_table)

.v4_bx          0x00002e1c        0x0
 .v4_bx         0x00000000        0x0 linker stubs

.iplt           0x00002e1c        0x0
 .iplt          0x00000000        0x0 c:/program files (x86)/cypress/psoc creator/3.3/psoc creator/import/gnu/arm/4.9.3/bin/../lib/gcc/arm-none-eabi/4.9.3/armv6-m/crtbegin.o

.eh_frame_hdr
 *(.eh_frame_hdr)

.eh_frame       0x00002e1c        0x4
 *(.eh_frame)
 .eh_frame      0x00002e1c        0x0 c:/program files (x86)/cypress/psoc creator/3.3/psoc creator/import/gnu/arm/4.9.3/bin/../lib/gcc/arm-none-eabi/4.9.3/armv6-m/crtbegin.o
 .eh_frame      0x00002e1c        0x4 c:/program files (x86)/cypress/psoc creator/3.3/psoc creator/import/gnu/arm/4.9.3/bin/../lib/gcc/arm-none-eabi/4.9.3/armv6-m/crtend.o
                0x00002e20                PROVIDE (__exidx_start, .)

.ARM.exidx
 *(.ARM.exidx* .gnu.linkonce.armexidx.*)
                0x00002e20                __exidx_end = .

.rodata         0x00002e20      0x578
 *(.rodata .rodata.* .gnu.linkonce.r.*)
 .rodata.str1.4
                0x00002e20       0x25 .\CortexM0\ARM_GCC_493\Debug\main.o
                                 0x28 (size before relaxing)
 *fill*         0x00002e45        0x3 
 .rodata        0x00002e48       0x98 .\CortexM0\ARM_GCC_493\Debug\spi.o
 .rodata.str1.4
                0x00002ee0       0x37 .\CortexM0\ARM_GCC_493\Debug\spi.o
                                 0x38 (size before relaxing)
 *fill*         0x00002f17        0x1 
 .rodata.str1.4
                0x00002f18       0x73 .\CortexM0\ARM_GCC_493\Debug\i2c.o
                                 0x7c (size before relaxing)
 *fill*         0x00002f8b        0x1 
 .rodata.str1.4
                0x00002f8c       0x48 .\CortexM0\ARM_GCC_493\Debug\queue.o
                                 0x58 (size before relaxing)
 .rodata        0x00002fd4      0x118 .\CortexM0\ARM_GCC_493\Debug\handler.o
 .rodata.str1.4
                0x000030ec        0xc .\CortexM0\ARM_GCC_493\Debug\handler.o
                                 0x14 (size before relaxing)
 .rodata        0x000030f8      0x1e0 .\CortexM0\ARM_GCC_493\Debug\Nokia5110LCD.o
 .rodata        0x000032d8        0xc .\CortexM0\ARM_GCC_493\Debug\PSoC4Master.a(cyfitter_cfg.o)
 .rodata        0x000032e4       0x30 .\CortexM0\ARM_GCC_493\Debug\PSoC4Master.a(CyLib.o)
                0x000032e4                cyImoFreqMhz2Reg
 .rodata        0x00003314       0x14 .\CortexM0\ARM_GCC_493\Debug\PSoC4Master.a(DEBUG.o)
 .rodata.str1.1
                0x00003328        0x2 c:/program files (x86)/cypress/psoc creator/3.3/psoc creator/import/gnu/arm/4.9.3/bin/../lib/gcc/arm-none-eabi/4.9.3/../../../../arm-none-eabi/lib/armv6-m\libg_nano.a(lib_a-impure.o)
 .rodata.str1.1
                0x0000332a       0x11 c:/program files (x86)/cypress/psoc creator/3.3/psoc creator/import/gnu/arm/4.9.3/bin/../lib/gcc/arm-none-eabi/4.9.3/../../../../arm-none-eabi/lib/armv6-m\libg_nano.a(lib_a-nano-svfprintf.o)
 .rodata.str1.1
                0x0000333b       0x22 c:/program files (x86)/cypress/psoc creator/3.3/psoc creator/import/gnu/arm/4.9.3/bin/../lib/gcc/arm-none-eabi/4.9.3/../../../../arm-none-eabi/lib/armv6-m\libg_nano.a(lib_a-nano-vfprintf_i.o)
                0x00003360                . = ALIGN (0x4)
 *fill*         0x0000335d        0x3 
 *(.init)
 .init          0x00003360        0x4 c:/program files (x86)/cypress/psoc creator/3.3/psoc creator/import/gnu/arm/4.9.3/bin/../lib/gcc/arm-none-eabi/4.9.3/armv6-m/crti.o
                0x00003360                _init
 .init          0x00003364        0x8 c:/program files (x86)/cypress/psoc creator/3.3/psoc creator/import/gnu/arm/4.9.3/bin/../lib/gcc/arm-none-eabi/4.9.3/armv6-m/crtn.o
                0x0000336c                . = ALIGN (0x4)
                0x0000336c                __preinit_array_start = .
 *(.preinit_array)
                0x0000336c                __preinit_array_end = .
                0x0000336c                . = ALIGN (0x4)
                0x0000336c                __init_array_start = .
 *(SORT(.init_array.*))
 *(.init_array)
 .init_array    0x0000336c        0x4 c:/program files (x86)/cypress/psoc creator/3.3/psoc creator/import/gnu/arm/4.9.3/bin/../lib/gcc/arm-none-eabi/4.9.3/armv6-m/crtbegin.o
 .init_array    0x00003370        0x4 .\CortexM0\ARM_GCC_493\Debug\Cm0Start.o
                0x00003374                __init_array_end = .
                0x00003374                . = ALIGN (0x4)
 *(.fini)
 .fini          0x00003374        0x4 c:/program files (x86)/cypress/psoc creator/3.3/psoc creator/import/gnu/arm/4.9.3/bin/../lib/gcc/arm-none-eabi/4.9.3/armv6-m/crti.o
                0x00003374                _fini
 .fini          0x00003378        0x8 c:/program files (x86)/cypress/psoc creator/3.3/psoc creator/import/gnu/arm/4.9.3/bin/../lib/gcc/arm-none-eabi/4.9.3/armv6-m/crtn.o
                0x00003380                . = ALIGN (0x4)
                0x00003380                __fini_array_start = .
 *(.fini_array)
 .fini_array    0x00003380        0x4 c:/program files (x86)/cypress/psoc creator/3.3/psoc creator/import/gnu/arm/4.9.3/bin/../lib/gcc/arm-none-eabi/4.9.3/armv6-m/crtbegin.o
 *(SORT(.fini_array.*))
                0x00003384                __fini_array_end = .
                0x00003384                . = ALIGN (0x4)
 *crtbegin.o(.ctors)
 *(EXCLUDE_FILE(*crtend.o) .ctors)
 *(SORT(.ctors.*))
 *crtend.o(.ctors)
                0x00003384                . = ALIGN (0x4)
 *crtbegin.o(.dtors)
 *(EXCLUDE_FILE(*crtend.o) .dtors)
 *(SORT(.dtors.*))
 *crtend.o(.dtors)
                0x00003384                . = ALIGN (0x4)
                0x00003384                __cy_regions = .
                0x00003384        0x4 LONG 0x3398 __cy_region_init_ram
                0x00003388        0x4 LONG 0x200000c8 __cy_region_start_data
                0x0000338c        0x4 LONG 0x90 __cy_region_init_size_ram
                0x00003390        0x4 LONG 0x198 __cy_region_zero_size_ram
                0x00003394                __cy_regions_end = .
                0x00003398                . = ALIGN (0x8)
 *fill*         0x00003394        0x4 
                0x00003398                _etext = .

.cy_checksum_exclude
                0x00003398        0x0
 *(.cy_checksum_exclude)

.ramvectors     0x20000000       0xc0
                0x20000000                __cy_region_start_ram = .
 *(.ramvectors)
 .ramvectors    0x20000000       0xc0 .\CortexM0\ARM_GCC_493\Debug\Cm0Start.o
                0x20000000                CyRamVectors

.noinit         0x200000c0        0x4
 *(.noinit)
 .noinit        0x200000c0        0x4 .\CortexM0\ARM_GCC_493\Debug\Cm0Start.o

.data           0x200000c8       0x90 load address 0x00003398
                0x200000c8                __cy_region_start_data = .
 *(.jcr)
 .jcr           0x200000c8        0x0 c:/program files (x86)/cypress/psoc creator/3.3/psoc creator/import/gnu/arm/4.9.3/bin/../lib/gcc/arm-none-eabi/4.9.3/armv6-m/crtbegin.o
 .jcr           0x200000c8        0x4 c:/program files (x86)/cypress/psoc creator/3.3/psoc creator/import/gnu/arm/4.9.3/bin/../lib/gcc/arm-none-eabi/4.9.3/armv6-m/crtend.o
 *(.got.plt)
 *(.got)
 *(.shdata)
 *(.data .data.* .gnu.linkonce.d.*)
 .data          0x200000cc        0x4 .\CortexM0\ARM_GCC_493\Debug\Cm0Start.o
 .data          0x200000d0       0x10 .\CortexM0\ARM_GCC_493\Debug\PSoC4Master.a(CyLib.o)
                0x200000d0                cydelay32kMs
                0x200000d4                cydelayFreqKhz
                0x200000d8                cydelayFreqMhz
                0x200000dc                cydelayFreqHz
 .data          0x200000e0        0x4 .\CortexM0\ARM_GCC_493\Debug\PSoC4Master.a(CyLFClk.o)
 .data          0x200000e4        0xc .\CortexM0\ARM_GCC_493\Debug\PSoC4Master.a(DEBUG.o)
                0x200000e4                DEBUG_pinDrAdress
                0x200000e8                DEBUG_pinPortNumber
                0x200000ec                DEBUG_pinNumber
 .data.impure_data
                0x200000f0       0x60 c:/program files (x86)/cypress/psoc creator/3.3/psoc creator/import/gnu/arm/4.9.3/bin/../lib/gcc/arm-none-eabi/4.9.3/../../../../arm-none-eabi/lib/armv6-m\libg_nano.a(lib_a-impure.o)
 .data._impure_ptr
                0x20000150        0x4 c:/program files (x86)/cypress/psoc creator/3.3/psoc creator/import/gnu/arm/4.9.3/bin/../lib/gcc/arm-none-eabi/4.9.3/../../../../arm-none-eabi/lib/armv6-m\libg_nano.a(lib_a-impure.o)
                0x20000150                _impure_ptr
                0x20000158                . = ALIGN (0x8)
 *fill*         0x20000154        0x4 
 *(.ram)
                0x20000158                _edata = .

.igot.plt       0x20000158        0x0 load address 0x00003428
 .igot.plt      0x00000000        0x0 c:/program files (x86)/cypress/psoc creator/3.3/psoc creator/import/gnu/arm/4.9.3/bin/../lib/gcc/arm-none-eabi/4.9.3/armv6-m/crtbegin.o

.bss            0x20000158      0x198 load address 0x00003428
                0x20000158                PROVIDE (__bss_start__, .)
 *(.shbss)
 *(.bss .bss.* .gnu.linkonce.b.*)
 .bss           0x20000158       0x1c c:/program files (x86)/cypress/psoc creator/3.3/psoc creator/import/gnu/arm/4.9.3/bin/../lib/gcc/arm-none-eabi/4.9.3/armv6-m/crtbegin.o
 .bss           0x20000174        0xc .\CortexM0\ARM_GCC_493\Debug\queue.o
 .bss           0x20000180        0x8 .\CortexM0\ARM_GCC_493\Debug\PSoC4Master.a(SPIS.o)
                0x20000180                SPIS_initVar
                0x20000184                SPIS_customIntrHandler
 .bss           0x20000188       0x1c .\CortexM0\ARM_GCC_493\Debug\PSoC4Master.a(CyLFClk.o)
 .bss           0x200001a4        0x8 .\CortexM0\ARM_GCC_493\Debug\PSoC4Master.a(I2CM.o)
                0x200001a4                I2CM_initVar
                0x200001a8                I2CM_customIntrHandler
 .bss.__malloc_sbrk_start
                0x200001ac        0x4 c:/program files (x86)/cypress/psoc creator/3.3/psoc creator/import/gnu/arm/4.9.3/bin/../lib/gcc/arm-none-eabi/4.9.3/../../../../arm-none-eabi/lib/armv6-m\libg_nano.a(lib_a-nano-mallocr.o)
                0x200001ac                __malloc_sbrk_start
 .bss.__malloc_free_list
                0x200001b0        0x4 c:/program files (x86)/cypress/psoc creator/3.3/psoc creator/import/gnu/arm/4.9.3/bin/../lib/gcc/arm-none-eabi/4.9.3/../../../../arm-none-eabi/lib/armv6-m\libg_nano.a(lib_a-nano-mallocr.o)
                0x200001b0                __malloc_free_list
 *(COMMON)
 COMMON         0x200001b4        0xa .\CortexM0\ARM_GCC_493\Debug\main.o
                0x200001b4                dataMaster
 *fill*         0x200001be        0x2 
 COMMON         0x200001c0        0x4 .\CortexM0\ARM_GCC_493\Debug\i2c.o
                0x200001c0                i2c_slaveBuffer
 COMMON         0x200001c4        0x1 .\CortexM0\ARM_GCC_493\Debug\queue.o
                0x200001c4                queueCount_
 *fill*         0x200001c5        0x3 
 COMMON         0x200001c8       0x48 .\CortexM0\ARM_GCC_493\Debug\lcd.o
                0x200001c8                lineStr
 COMMON         0x20000210       0x90 .\CortexM0\ARM_GCC_493\Debug\PSoC4Master.a(SPIS_SPI_UART.o)
                0x20000210                SPIS_txBufferHead
                0x20000214                SPIS_rxBufferOverflow
                0x20000218                SPIS_rxBufferInternal
                0x20000258                SPIS_txBufferTail
                0x2000025c                SPIS_rxBufferTail
                0x20000260                SPIS_txBufferInternal
                0x2000029c                SPIS_rxBufferHead
 COMMON         0x200002a0        0x1 .\CortexM0\ARM_GCC_493\Debug\PSoC4Master.a(I2CM_I2C.o)
                0x200002a0                I2CM_state
 *fill*         0x200002a1        0x3 
 COMMON         0x200002a4       0x24 .\CortexM0\ARM_GCC_493\Debug\PSoC4Master.a(I2CM_I2C_MASTER.o)
                0x200002a4                I2CM_mstrRdBufPtr
                0x200002a8                I2CM_mstrWrBufPtr
                0x200002ac                I2CM_mstrRdBufIndex
                0x200002b0                I2CM_mstrStatus
                0x200002b4                I2CM_mstrWrBufIndex
                0x200002b8                I2CM_mstrControl
                0x200002bc                I2CM_mstrWrBufIndexTmp
                0x200002c0                I2CM_mstrRdBufSize
                0x200002c4                I2CM_mstrWrBufSize
 COMMON         0x200002c8       0x21 .\CortexM0\ARM_GCC_493\Debug\PSoC4Master.a(I2CM_I2C_SLAVE.o)
                0x200002c8                I2CM_slRdBufIndex
                0x200002cc                I2CM_slStatus
                0x200002d0                I2CM_slWrBufIndex
                0x200002d4                I2CM_slRdBufSize
                0x200002d8                I2CM_slRdBufPtr
                0x200002dc                I2CM_slRdBufIndexTmp
                0x200002e0                I2CM_slWrBufSize
                0x200002e4                I2CM_slWrBufPtr
                0x200002e8                I2CM_slOverFlowCount
 *fill*         0x200002e9        0x3 
 COMMON         0x200002ec        0x4 c:/program files (x86)/cypress/psoc creator/3.3/psoc creator/import/gnu/arm/4.9.3/bin/../lib/gcc/arm-none-eabi/4.9.3/../../../../arm-none-eabi/lib/armv6-m\libg_nano.a(lib_a-reent.o)
                0x200002ec                errno
                0x200002f0                . = ALIGN (0x8)
 *(.ram.b)
                0x200002f0                _end = .
                0x200002f0                __end = .
                0x200002f0                PROVIDE (end, .)
                0x200002f0                PROVIDE (__bss_end__, .)
                0x00003398                __cy_region_init_ram = LOADADDR (.data)
                0x00000090                __cy_region_init_size_ram = (_edata - ADDR (.data))
                0x00000198                __cy_region_zero_size_ram = (_end - _edata)

.heap           0x200002f0       0x80 load address 0x00003428
                0x200002f0                . = _end
                0x20000370                . = (. + 0x80)
 *fill*         0x200002f0       0x80 
                0x20000370                __cy_heap_limit = .

.stack          0x20000c00      0x400
                0x20000c00                __cy_stack_limit = .
                0x20001000                . = (. + 0x400)
 *fill*         0x20000c00      0x400 
                0x00000001                ASSERT ((__cy_stack_limit >= __cy_heap_limit), region RAM overflowed with stack)
                0x00000000                cy_checksum_exclude_size = (CY_APPL_LOADABLE == 0x1)?SIZEOF (.cy_checksum_exclude):0x0
                0x00000001                ASSERT ((cy_checksum_exclude_size <= CY_CHECKSUM_EXCLUDE_SIZE), CY_BOOT: Section .cy_checksum_exclude size exceedes specified limit.)
                0x00007fc0                cyloadermeta_start = (cy_project_type_bootloader || cy_project_type_app_for_stack_and_copier)?(0x8000 - CY_METADATA_SIZE):0xf0000000

.cyloadermeta
 *(.cyloadermeta)
                0x00007fc0                cyloadablemeta_start = cy_project_type_app_for_stack_and_copier?((0x8000 - CY_FLASH_ROW_SIZE) - CY_METADATA_SIZE):((0x8000 - (CY_FLASH_ROW_SIZE * (CY_APPL_NUM - 0x1))) - CY_METADATA_SIZE)

.cyloadablemeta
 *(.cyloadablemeta)

.cyflashprotect
                0x90400000       0x20
 *(.cyflashprotect)
 .cyflashprotect
                0x90400000       0x20 .\CortexM0\ARM_GCC_493\Debug\cymetadata.o
                0x90400000                cy_meta_flashprotect

.cymeta         0x90500000        0xc
 *(.cymeta)
 .cymeta        0x90500000        0xc .\CortexM0\ARM_GCC_493\Debug\cymetadata.o
                0x90500000                cy_metadata

.cychipprotect  0x90600000        0x4
 *(.cychipprotect)
 .cychipprotect
                0x90600000        0x4 .\CortexM0\ARM_GCC_493\Debug\cymetadata.o
                0x90600000                cy_meta_chipprotect

.rel.dyn        0x00003428        0x0 load address 0x90600004
 .rel.iplt      0x00000000        0x0 c:/program files (x86)/cypress/psoc creator/3.3/psoc creator/import/gnu/arm/4.9.3/bin/../lib/gcc/arm-none-eabi/4.9.3/armv6-m/crtbegin.o

.stab
 *(.stab)

.stabstr
 *(.stabstr)

.debug
 *(.debug)

.line
 *(.line)

.debug_srcinfo
 *(.debug_srcinfo)

.debug_sfnames
 *(.debug_sfnames)

.debug_aranges  0x00000000      0xbf0
 *(.debug_aranges)
 .debug_aranges
                0x00000000       0x20 .\CortexM0\ARM_GCC_493\Debug\main.o
 .debug_aranges
                0x00000020       0x38 .\CortexM0\ARM_GCC_493\Debug\spi.o
 .debug_aranges
                0x00000058       0x40 .\CortexM0\ARM_GCC_493\Debug\i2c.o
 .debug_aranges
                0x00000098       0x20 .\CortexM0\ARM_GCC_493\Debug\led.o
 .debug_aranges
                0x000000b8       0x58 .\CortexM0\ARM_GCC_493\Debug\queue.o
 .debug_aranges
                0x00000110       0x20 .\CortexM0\ARM_GCC_493\Debug\handler.o
 .debug_aranges
                0x00000130       0x20 .\CortexM0\ARM_GCC_493\Debug\data.o
 .debug_aranges
                0x00000150       0x58 .\CortexM0\ARM_GCC_493\Debug\Nokia5110LCD.o
 .debug_aranges
                0x000001a8       0x20 .\CortexM0\ARM_GCC_493\Debug\lcd.o
 .debug_aranges
                0x000001c8       0x18 .\CortexM0\ARM_GCC_493\Debug\cymetadata.o
 .debug_aranges
                0x000001e0       0x48 .\CortexM0\ARM_GCC_493\Debug\Cm0Start.o
 .debug_aranges
                0x00000228       0x30 .\CortexM0\ARM_GCC_493\Debug\PSoC4Master.a(cyfitter_cfg.o)
 .debug_aranges
                0x00000258       0x70 .\CortexM0\ARM_GCC_493\Debug\PSoC4Master.a(SPIS.o)
 .debug_aranges
                0x000002c8       0x60 .\CortexM0\ARM_GCC_493\Debug\PSoC4Master.a(SPIS_SPI_UART.o)
 .debug_aranges
                0x00000328       0x30 .\CortexM0\ARM_GCC_493\Debug\PSoC4Master.a(SPIS_SPI.o)
 .debug_aranges
                0x00000358      0x178 .\CortexM0\ARM_GCC_493\Debug\PSoC4Master.a(CyLib.o)
 .debug_aranges
                0x000004d0      0x120 .\CortexM0\ARM_GCC_493\Debug\PSoC4Master.a(CyLFClk.o)
 .debug_aranges
                0x000005f0       0x48 .\CortexM0\ARM_GCC_493\Debug\PSoC4Master.a(LED_RED.o)
 .debug_aranges
                0x00000638       0x48 .\CortexM0\ARM_GCC_493\Debug\PSoC4Master.a(LED_GREEN.o)
 .debug_aranges
                0x00000680       0x48 .\CortexM0\ARM_GCC_493\Debug\PSoC4Master.a(LED_BLUE.o)
 .debug_aranges
                0x000006c8       0x68 .\CortexM0\ARM_GCC_493\Debug\PSoC4Master.a(I2CM.o)
 .debug_aranges
                0x00000730       0x28 .\CortexM0\ARM_GCC_493\Debug\PSoC4Master.a(I2CM_I2C.o)
 .debug_aranges
                0x00000758       0x88 .\CortexM0\ARM_GCC_493\Debug\PSoC4Master.a(I2CM_I2C_MASTER.o)
 .debug_aranges
                0x000007e0       0x70 .\CortexM0\ARM_GCC_493\Debug\PSoC4Master.a(I2CM_I2C_SLAVE.o)
 .debug_aranges
                0x00000850       0x48 .\CortexM0\ARM_GCC_493\Debug\PSoC4Master.a(I2CM_sda.o)
 .debug_aranges
                0x00000898       0x48 .\CortexM0\ARM_GCC_493\Debug\PSoC4Master.a(I2CM_scl.o)
 .debug_aranges
                0x000008e0       0x48 .\CortexM0\ARM_GCC_493\Debug\PSoC4Master.a(Din.o)
 .debug_aranges
                0x00000928       0x48 .\CortexM0\ARM_GCC_493\Debug\PSoC4Master.a(Clk.o)
 .debug_aranges
                0x00000970       0x48 .\CortexM0\ARM_GCC_493\Debug\PSoC4Master.a(CE.o)
 .debug_aranges
                0x000009b8       0x48 .\CortexM0\ARM_GCC_493\Debug\PSoC4Master.a(DC.o)
 .debug_aranges
                0x00000a00       0x48 .\CortexM0\ARM_GCC_493\Debug\PSoC4Master.a(RST.o)
 .debug_aranges
                0x00000a48       0x48 .\CortexM0\ARM_GCC_493\Debug\PSoC4Master.a(Vcc.o)
 .debug_aranges
                0x00000a90       0x48 .\CortexM0\ARM_GCC_493\Debug\PSoC4Master.a(Gnd.o)
 .debug_aranges
                0x00000ad8       0x48 .\CortexM0\ARM_GCC_493\Debug\PSoC4Master.a(BL.o)
 .debug_aranges
                0x00000b20       0x50 .\CortexM0\ARM_GCC_493\Debug\PSoC4Master.a(DEBUG.o)
 .debug_aranges
                0x00000b70       0x20 .\CortexM0\ARM_GCC_493\Debug\PSoC4Master.a(SPIS_SPI_UART_INT.o)
 .debug_aranges
                0x00000b90       0x20 .\CortexM0\ARM_GCC_493\Debug\PSoC4Master.a(CyBootAsmGnu.o)
 .debug_aranges
                0x00000bb0       0x20 .\CortexM0\ARM_GCC_493\Debug\PSoC4Master.a(I2CM_I2C_INT.o)
 .debug_aranges
                0x00000bd0       0x20 .\CortexM0\ARM_GCC_493\Debug\PSoC4Master.a(DEBUG_AsmGnu.o)

.debug_pubnames
 *(.debug_pubnames)

.debug_info     0x00000000     0x7c2c
 *(.debug_info .gnu.linkonce.wi.*)
 .debug_info    0x00000000      0x373 .\CortexM0\ARM_GCC_493\Debug\main.o
 .debug_info    0x00000373      0x69b .\CortexM0\ARM_GCC_493\Debug\spi.o
 .debug_info    0x00000a0e      0x89f .\CortexM0\ARM_GCC_493\Debug\i2c.o
 .debug_info    0x000012ad      0x1b4 .\CortexM0\ARM_GCC_493\Debug\led.o
 .debug_info    0x00001461      0x492 .\CortexM0\ARM_GCC_493\Debug\queue.o
 .debug_info    0x000018f3      0x662 .\CortexM0\ARM_GCC_493\Debug\handler.o
 .debug_info    0x00001f55      0x13b .\CortexM0\ARM_GCC_493\Debug\data.o
 .debug_info    0x00002090      0x825 .\CortexM0\ARM_GCC_493\Debug\Nokia5110LCD.o
 .debug_info    0x000028b5      0x297 .\CortexM0\ARM_GCC_493\Debug\lcd.o
 .debug_info    0x00002b4c       0xfe .\CortexM0\ARM_GCC_493\Debug\cymetadata.o
 .debug_info    0x00002c4a      0x38e .\CortexM0\ARM_GCC_493\Debug\Cm0Start.o
 .debug_info    0x00002fd8      0x293 .\CortexM0\ARM_GCC_493\Debug\PSoC4Master.a(cyfitter_cfg.o)
 .debug_info    0x0000326b      0x2d9 .\CortexM0\ARM_GCC_493\Debug\PSoC4Master.a(SPIS.o)
 .debug_info    0x00003544      0x37c .\CortexM0\ARM_GCC_493\Debug\PSoC4Master.a(SPIS_SPI_UART.o)
 .debug_info    0x000038c0      0x1b1 .\CortexM0\ARM_GCC_493\Debug\PSoC4Master.a(SPIS_SPI.o)
 .debug_info    0x00003a71      0xad1 .\CortexM0\ARM_GCC_493\Debug\PSoC4Master.a(CyLib.o)
 .debug_info    0x00004542      0xc23 .\CortexM0\ARM_GCC_493\Debug\PSoC4Master.a(CyLFClk.o)
 .debug_info    0x00005165      0x19d .\CortexM0\ARM_GCC_493\Debug\PSoC4Master.a(LED_RED.o)
 .debug_info    0x00005302      0x19d .\CortexM0\ARM_GCC_493\Debug\PSoC4Master.a(LED_GREEN.o)
 .debug_info    0x0000549f      0x19d .\CortexM0\ARM_GCC_493\Debug\PSoC4Master.a(LED_BLUE.o)
 .debug_info    0x0000563c      0x2a9 .\CortexM0\ARM_GCC_493\Debug\PSoC4Master.a(I2CM.o)
 .debug_info    0x000058e5      0x1d7 .\CortexM0\ARM_GCC_493\Debug\PSoC4Master.a(I2CM_I2C.o)
 .debug_info    0x00005abc      0x685 .\CortexM0\ARM_GCC_493\Debug\PSoC4Master.a(I2CM_I2C_MASTER.o)
 .debug_info    0x00006141      0x38b .\CortexM0\ARM_GCC_493\Debug\PSoC4Master.a(I2CM_I2C_SLAVE.o)
 .debug_info    0x000064cc      0x19d .\CortexM0\ARM_GCC_493\Debug\PSoC4Master.a(I2CM_sda.o)
 .debug_info    0x00006669      0x19b .\CortexM0\ARM_GCC_493\Debug\PSoC4Master.a(I2CM_scl.o)
 .debug_info    0x00006804      0x19d .\CortexM0\ARM_GCC_493\Debug\PSoC4Master.a(Din.o)
 .debug_info    0x000069a1      0x19d .\CortexM0\ARM_GCC_493\Debug\PSoC4Master.a(Clk.o)
 .debug_info    0x00006b3e      0x19d .\CortexM0\ARM_GCC_493\Debug\PSoC4Master.a(CE.o)
 .debug_info    0x00006cdb      0x19d .\CortexM0\ARM_GCC_493\Debug\PSoC4Master.a(DC.o)
 .debug_info    0x00006e78      0x19b .\CortexM0\ARM_GCC_493\Debug\PSoC4Master.a(RST.o)
 .debug_info    0x00007013      0x19d .\CortexM0\ARM_GCC_493\Debug\PSoC4Master.a(Vcc.o)
 .debug_info    0x000071b0      0x19b .\CortexM0\ARM_GCC_493\Debug\PSoC4Master.a(Gnd.o)
 .debug_info    0x0000734b      0x19d .\CortexM0\ARM_GCC_493\Debug\PSoC4Master.a(BL.o)
 .debug_info    0x000074e8      0x2c6 .\CortexM0\ARM_GCC_493\Debug\PSoC4Master.a(DEBUG.o)
 .debug_info    0x000077ae      0x18b .\CortexM0\ARM_GCC_493\Debug\PSoC4Master.a(SPIS_SPI_UART_INT.o)
 .debug_info    0x00007939       0x79 .\CortexM0\ARM_GCC_493\Debug\PSoC4Master.a(CyBootAsmGnu.o)
 .debug_info    0x000079b2      0x201 .\CortexM0\ARM_GCC_493\Debug\PSoC4Master.a(I2CM_I2C_INT.o)
 .debug_info    0x00007bb3       0x79 .\CortexM0\ARM_GCC_493\Debug\PSoC4Master.a(DEBUG_AsmGnu.o)

.debug_abbrev   0x00000000     0x2867
 *(.debug_abbrev)
 .debug_abbrev  0x00000000      0x10c .\CortexM0\ARM_GCC_493\Debug\main.o
 .debug_abbrev  0x0000010c      0x1a6 .\CortexM0\ARM_GCC_493\Debug\spi.o
 .debug_abbrev  0x000002b2      0x174 .\CortexM0\ARM_GCC_493\Debug\i2c.o
 .debug_abbrev  0x00000426       0xbe .\CortexM0\ARM_GCC_493\Debug\led.o
 .debug_abbrev  0x000004e4      0x1a6 .\CortexM0\ARM_GCC_493\Debug\queue.o
 .debug_abbrev  0x0000068a      0x10a .\CortexM0\ARM_GCC_493\Debug\handler.o
 .debug_abbrev  0x00000794       0x7e .\CortexM0\ARM_GCC_493\Debug\data.o
 .debug_abbrev  0x00000812      0x159 .\CortexM0\ARM_GCC_493\Debug\Nokia5110LCD.o
 .debug_abbrev  0x0000096b      0x14d .\CortexM0\ARM_GCC_493\Debug\lcd.o
 .debug_abbrev  0x00000ab8       0x5d .\CortexM0\ARM_GCC_493\Debug\cymetadata.o
 .debug_abbrev  0x00000b15      0x1d5 .\CortexM0\ARM_GCC_493\Debug\Cm0Start.o
 .debug_abbrev  0x00000cea      0x18c .\CortexM0\ARM_GCC_493\Debug\PSoC4Master.a(cyfitter_cfg.o)
 .debug_abbrev  0x00000e76      0x15b .\CortexM0\ARM_GCC_493\Debug\PSoC4Master.a(SPIS.o)
 .debug_abbrev  0x00000fd1      0x191 .\CortexM0\ARM_GCC_493\Debug\PSoC4Master.a(SPIS_SPI_UART.o)
 .debug_abbrev  0x00001162       0xfa .\CortexM0\ARM_GCC_493\Debug\PSoC4Master.a(SPIS_SPI.o)
 .debug_abbrev  0x0000125c      0x20d .\CortexM0\ARM_GCC_493\Debug\PSoC4Master.a(CyLib.o)
 .debug_abbrev  0x00001469      0x226 .\CortexM0\ARM_GCC_493\Debug\PSoC4Master.a(CyLFClk.o)
 .debug_abbrev  0x0000168f       0xc8 .\CortexM0\ARM_GCC_493\Debug\PSoC4Master.a(LED_RED.o)
 .debug_abbrev  0x00001757       0xc8 .\CortexM0\ARM_GCC_493\Debug\PSoC4Master.a(LED_GREEN.o)
 .debug_abbrev  0x0000181f       0xc8 .\CortexM0\ARM_GCC_493\Debug\PSoC4Master.a(LED_BLUE.o)
 .debug_abbrev  0x000018e7      0x15b .\CortexM0\ARM_GCC_493\Debug\PSoC4Master.a(I2CM.o)
 .debug_abbrev  0x00001a42       0xf3 .\CortexM0\ARM_GCC_493\Debug\PSoC4Master.a(I2CM_I2C.o)
 .debug_abbrev  0x00001b35      0x17c .\CortexM0\ARM_GCC_493\Debug\PSoC4Master.a(I2CM_I2C_MASTER.o)
 .debug_abbrev  0x00001cb1      0x170 .\CortexM0\ARM_GCC_493\Debug\PSoC4Master.a(I2CM_I2C_SLAVE.o)
 .debug_abbrev  0x00001e21       0xc8 .\CortexM0\ARM_GCC_493\Debug\PSoC4Master.a(I2CM_sda.o)
 .debug_abbrev  0x00001ee9       0xc8 .\CortexM0\ARM_GCC_493\Debug\PSoC4Master.a(I2CM_scl.o)
 .debug_abbrev  0x00001fb1       0xc8 .\CortexM0\ARM_GCC_493\Debug\PSoC4Master.a(Din.o)
 .debug_abbrev  0x00002079       0xc8 .\CortexM0\ARM_GCC_493\Debug\PSoC4Master.a(Clk.o)
 .debug_abbrev  0x00002141       0xc8 .\CortexM0\ARM_GCC_493\Debug\PSoC4Master.a(CE.o)
 .debug_abbrev  0x00002209       0xc8 .\CortexM0\ARM_GCC_493\Debug\PSoC4Master.a(DC.o)
 .debug_abbrev  0x000022d1       0xc8 .\CortexM0\ARM_GCC_493\Debug\PSoC4Master.a(RST.o)
 .debug_abbrev  0x00002399       0xc8 .\CortexM0\ARM_GCC_493\Debug\PSoC4Master.a(Vcc.o)
 .debug_abbrev  0x00002461       0xc8 .\CortexM0\ARM_GCC_493\Debug\PSoC4Master.a(Gnd.o)
 .debug_abbrev  0x00002529       0xc8 .\CortexM0\ARM_GCC_493\Debug\PSoC4Master.a(BL.o)
 .debug_abbrev  0x000025f1      0x110 .\CortexM0\ARM_GCC_493\Debug\PSoC4Master.a(DEBUG.o)
 .debug_abbrev  0x00002701       0x9a .\CortexM0\ARM_GCC_493\Debug\PSoC4Master.a(SPIS_SPI_UART_INT.o)
 .debug_abbrev  0x0000279b       0x14 .\CortexM0\ARM_GCC_493\Debug\PSoC4Master.a(CyBootAsmGnu.o)
 .debug_abbrev  0x000027af       0xa4 .\CortexM0\ARM_GCC_493\Debug\PSoC4Master.a(I2CM_I2C_INT.o)
 .debug_abbrev  0x00002853       0x14 .\CortexM0\ARM_GCC_493\Debug\PSoC4Master.a(DEBUG_AsmGnu.o)

.debug_line     0x00000000     0x3071
 *(.debug_line)
 .debug_line    0x00000000       0xda .\CortexM0\ARM_GCC_493\Debug\main.o
 .debug_line    0x000000da      0x1a1 .\CortexM0\ARM_GCC_493\Debug\spi.o
 .debug_line    0x0000027b      0x1d0 .\CortexM0\ARM_GCC_493\Debug\i2c.o
 .debug_line    0x0000044b       0xb9 .\CortexM0\ARM_GCC_493\Debug\led.o
 .debug_line    0x00000504      0x21b .\CortexM0\ARM_GCC_493\Debug\queue.o
 .debug_line    0x0000071f       0xdf .\CortexM0\ARM_GCC_493\Debug\handler.o
 .debug_line    0x000007fe       0x73 .\CortexM0\ARM_GCC_493\Debug\data.o
 .debug_line    0x00000871      0x1b0 .\CortexM0\ARM_GCC_493\Debug\Nokia5110LCD.o
 .debug_line    0x00000a21      0x196 .\CortexM0\ARM_GCC_493\Debug\lcd.o
 .debug_line    0x00000bb7       0x53 .\CortexM0\ARM_GCC_493\Debug\cymetadata.o
 .debug_line    0x00000c0a      0x248 .\CortexM0\ARM_GCC_493\Debug\Cm0Start.o
 .debug_line    0x00000e52      0x140 .\CortexM0\ARM_GCC_493\Debug\PSoC4Master.a(cyfitter_cfg.o)
 .debug_line    0x00000f92      0x176 .\CortexM0\ARM_GCC_493\Debug\PSoC4Master.a(SPIS.o)
 .debug_line    0x00001108      0x16b .\CortexM0\ARM_GCC_493\Debug\PSoC4Master.a(SPIS_SPI_UART.o)
 .debug_line    0x00001273       0xd7 .\CortexM0\ARM_GCC_493\Debug\PSoC4Master.a(SPIS_SPI.o)
 .debug_line    0x0000134a      0x44b .\CortexM0\ARM_GCC_493\Debug\PSoC4Master.a(CyLib.o)
 .debug_line    0x00001795      0x3fe .\CortexM0\ARM_GCC_493\Debug\PSoC4Master.a(CyLFClk.o)
 .debug_line    0x00001b93       0xc1 .\CortexM0\ARM_GCC_493\Debug\PSoC4Master.a(LED_RED.o)
 .debug_line    0x00001c54       0xc3 .\CortexM0\ARM_GCC_493\Debug\PSoC4Master.a(LED_GREEN.o)
 .debug_line    0x00001d17       0xc2 .\CortexM0\ARM_GCC_493\Debug\PSoC4Master.a(LED_BLUE.o)
 .debug_line    0x00001dd9      0x15e .\CortexM0\ARM_GCC_493\Debug\PSoC4Master.a(I2CM.o)
 .debug_line    0x00001f37       0xc1 .\CortexM0\ARM_GCC_493\Debug\PSoC4Master.a(I2CM_I2C.o)
 .debug_line    0x00001ff8      0x2d5 .\CortexM0\ARM_GCC_493\Debug\PSoC4Master.a(I2CM_I2C_MASTER.o)
 .debug_line    0x000022cd      0x156 .\CortexM0\ARM_GCC_493\Debug\PSoC4Master.a(I2CM_I2C_SLAVE.o)
 .debug_line    0x00002423       0xc2 .\CortexM0\ARM_GCC_493\Debug\PSoC4Master.a(I2CM_sda.o)
 .debug_line    0x000024e5       0xc1 .\CortexM0\ARM_GCC_493\Debug\PSoC4Master.a(I2CM_scl.o)
 .debug_line    0x000025a6       0xbd .\CortexM0\ARM_GCC_493\Debug\PSoC4Master.a(Din.o)
 .debug_line    0x00002663       0xbd .\CortexM0\ARM_GCC_493\Debug\PSoC4Master.a(Clk.o)
 .debug_line    0x00002720       0xbc .\CortexM0\ARM_GCC_493\Debug\PSoC4Master.a(CE.o)
 .debug_line    0x000027dc       0xbc .\CortexM0\ARM_GCC_493\Debug\PSoC4Master.a(DC.o)
 .debug_line    0x00002898       0xbc .\CortexM0\ARM_GCC_493\Debug\PSoC4Master.a(RST.o)
 .debug_line    0x00002954       0xbd .\CortexM0\ARM_GCC_493\Debug\PSoC4Master.a(Vcc.o)
 .debug_line    0x00002a11       0xbc .\CortexM0\ARM_GCC_493\Debug\PSoC4Master.a(Gnd.o)
 .debug_line    0x00002acd       0xbc .\CortexM0\ARM_GCC_493\Debug\PSoC4Master.a(BL.o)
 .debug_line    0x00002b89       0xee .\CortexM0\ARM_GCC_493\Debug\PSoC4Master.a(DEBUG.o)
 .debug_line    0x00002c77       0xc7 .\CortexM0\ARM_GCC_493\Debug\PSoC4Master.a(SPIS_SPI_UART_INT.o)
 .debug_line    0x00002d3e       0x69 .\CortexM0\ARM_GCC_493\Debug\PSoC4Master.a(CyBootAsmGnu.o)
 .debug_line    0x00002da7      0x22a .\CortexM0\ARM_GCC_493\Debug\PSoC4Master.a(I2CM_I2C_INT.o)
 .debug_line    0x00002fd1       0xa0 .\CortexM0\ARM_GCC_493\Debug\PSoC4Master.a(DEBUG_AsmGnu.o)

.debug_frame    0x00000000     0x1cdc
 *(.debug_frame)
 .debug_frame   0x00000000       0x2c .\CortexM0\ARM_GCC_493\Debug\main.o
 .debug_frame   0x0000002c       0x88 .\CortexM0\ARM_GCC_493\Debug\spi.o
 .debug_frame   0x000000b4       0xb8 .\CortexM0\ARM_GCC_493\Debug\i2c.o
 .debug_frame   0x0000016c       0x30 .\CortexM0\ARM_GCC_493\Debug\led.o
 .debug_frame   0x0000019c       0xe4 .\CortexM0\ARM_GCC_493\Debug\queue.o
 .debug_frame   0x00000280       0x30 .\CortexM0\ARM_GCC_493\Debug\handler.o
 .debug_frame   0x000002b0       0x20 .\CortexM0\ARM_GCC_493\Debug\data.o
 .debug_frame   0x000002d0      0x100 .\CortexM0\ARM_GCC_493\Debug\Nokia5110LCD.o
 .debug_frame   0x000003d0       0x30 .\CortexM0\ARM_GCC_493\Debug\lcd.o
 .debug_frame   0x00000400       0xb0 .\CortexM0\ARM_GCC_493\Debug\Cm0Start.o
 .debug_frame   0x000004b0       0x68 .\CortexM0\ARM_GCC_493\Debug\PSoC4Master.a(cyfitter_cfg.o)
 .debug_frame   0x00000518      0x114 .\CortexM0\ARM_GCC_493\Debug\PSoC4Master.a(SPIS.o)
 .debug_frame   0x0000062c       0xd4 .\CortexM0\ARM_GCC_493\Debug\PSoC4Master.a(SPIS_SPI_UART.o)
 .debug_frame   0x00000700       0x4c .\CortexM0\ARM_GCC_493\Debug\PSoC4Master.a(SPIS_SPI.o)
 .debug_frame   0x0000074c      0x3d0 .\CortexM0\ARM_GCC_493\Debug\PSoC4Master.a(CyLib.o)
 .debug_frame   0x00000b1c      0x368 .\CortexM0\ARM_GCC_493\Debug\PSoC4Master.a(CyLFClk.o)
 .debug_frame   0x00000e84       0x70 .\CortexM0\ARM_GCC_493\Debug\PSoC4Master.a(LED_RED.o)
 .debug_frame   0x00000ef4       0x70 .\CortexM0\ARM_GCC_493\Debug\PSoC4Master.a(LED_GREEN.o)
 .debug_frame   0x00000f64       0x70 .\CortexM0\ARM_GCC_493\Debug\PSoC4Master.a(LED_BLUE.o)
 .debug_frame   0x00000fd4       0xf8 .\CortexM0\ARM_GCC_493\Debug\PSoC4Master.a(I2CM.o)
 .debug_frame   0x000010cc       0x3c .\CortexM0\ARM_GCC_493\Debug\PSoC4Master.a(I2CM_I2C.o)
 .debug_frame   0x00001108      0x178 .\CortexM0\ARM_GCC_493\Debug\PSoC4Master.a(I2CM_I2C_MASTER.o)
 .debug_frame   0x00001280       0xf8 .\CortexM0\ARM_GCC_493\Debug\PSoC4Master.a(I2CM_I2C_SLAVE.o)
 .debug_frame   0x00001378       0x70 .\CortexM0\ARM_GCC_493\Debug\PSoC4Master.a(I2CM_sda.o)
 .debug_frame   0x000013e8       0x70 .\CortexM0\ARM_GCC_493\Debug\PSoC4Master.a(I2CM_scl.o)
 .debug_frame   0x00001458       0x70 .\CortexM0\ARM_GCC_493\Debug\PSoC4Master.a(Din.o)
 .debug_frame   0x000014c8       0x70 .\CortexM0\ARM_GCC_493\Debug\PSoC4Master.a(Clk.o)
 .debug_frame   0x00001538       0x70 .\CortexM0\ARM_GCC_493\Debug\PSoC4Master.a(CE.o)
 .debug_frame   0x000015a8       0x70 .\CortexM0\ARM_GCC_493\Debug\PSoC4Master.a(DC.o)
 .debug_frame   0x00001618       0x70 .\CortexM0\ARM_GCC_493\Debug\PSoC4Master.a(RST.o)
 .debug_frame   0x00001688       0x70 .\CortexM0\ARM_GCC_493\Debug\PSoC4Master.a(Vcc.o)
 .debug_frame   0x000016f8       0x70 .\CortexM0\ARM_GCC_493\Debug\PSoC4Master.a(Gnd.o)
 .debug_frame   0x00001768       0x70 .\CortexM0\ARM_GCC_493\Debug\PSoC4Master.a(BL.o)
 .debug_frame   0x000017d8       0xc8 .\CortexM0\ARM_GCC_493\Debug\PSoC4Master.a(DEBUG.o)
 .debug_frame   0x000018a0       0x2c .\CortexM0\ARM_GCC_493\Debug\PSoC4Master.a(SPIS_SPI_UART_INT.o)
 .debug_frame   0x000018cc       0x2c .\CortexM0\ARM_GCC_493\Debug\PSoC4Master.a(I2CM_I2C_INT.o)
 .debug_frame   0x000018f8       0x20 c:/program files (x86)/cypress/psoc creator/3.3/psoc creator/import/gnu/arm/4.9.3/bin/../lib/gcc/arm-none-eabi/4.9.3/armv6-m\libgcc.a(_udivsi3.o)
 .debug_frame   0x00001918       0x20 c:/program files (x86)/cypress/psoc creator/3.3/psoc creator/import/gnu/arm/4.9.3/bin/../lib/gcc/arm-none-eabi/4.9.3/../../../../arm-none-eabi/lib/armv6-m\libg_nano.a(lib_a-errno.o)
 .debug_frame   0x00001938       0x28 c:/program files (x86)/cypress/psoc creator/3.3/psoc creator/import/gnu/arm/4.9.3/bin/../lib/gcc/arm-none-eabi/4.9.3/../../../../arm-none-eabi/lib/armv6-m\libg_nano.a(lib_a-exit.o)
 .debug_frame   0x00001960       0x2c c:/program files (x86)/cypress/psoc creator/3.3/psoc creator/import/gnu/arm/4.9.3/bin/../lib/gcc/arm-none-eabi/4.9.3/../../../../arm-none-eabi/lib/armv6-m\libg_nano.a(lib_a-init.o)
 .debug_frame   0x0000198c       0x40 c:/program files (x86)/cypress/psoc creator/3.3/psoc creator/import/gnu/arm/4.9.3/bin/../lib/gcc/arm-none-eabi/4.9.3/../../../../arm-none-eabi/lib/armv6-m\libg_nano.a(lib_a-malloc.o)
 .debug_frame   0x000019cc       0x20 c:/program files (x86)/cypress/psoc creator/3.3/psoc creator/import/gnu/arm/4.9.3/bin/../lib/gcc/arm-none-eabi/4.9.3/../../../../arm-none-eabi/lib/armv6-m\libg_nano.a(lib_a-memset.o)
 .debug_frame   0x000019ec       0x2c c:/program files (x86)/cypress/psoc creator/3.3/psoc creator/import/gnu/arm/4.9.3/bin/../lib/gcc/arm-none-eabi/4.9.3/../../../../arm-none-eabi/lib/armv6-m\libg_nano.a(lib_a-nano-freer.o)
 .debug_frame   0x00001a18       0x2c c:/program files (x86)/cypress/psoc creator/3.3/psoc creator/import/gnu/arm/4.9.3/bin/../lib/gcc/arm-none-eabi/4.9.3/../../../../arm-none-eabi/lib/armv6-m\libg_nano.a(lib_a-nano-mallocr.o)
 .debug_frame   0x00001a44       0x2c c:/program files (x86)/cypress/psoc creator/3.3/psoc creator/import/gnu/arm/4.9.3/bin/../lib/gcc/arm-none-eabi/4.9.3/../../../../arm-none-eabi/lib/armv6-m\libg_nano.a(lib_a-sbrkr.o)
 .debug_frame   0x00001a70       0x50 c:/program files (x86)/cypress/psoc creator/3.3/psoc creator/import/gnu/arm/4.9.3/bin/../lib/gcc/arm-none-eabi/4.9.3/../../../../arm-none-eabi/lib/armv6-m\libg_nano.a(lib_a-sprintf.o)
 .debug_frame   0x00001ac0       0x20 c:/program files (x86)/cypress/psoc creator/3.3/psoc creator/import/gnu/arm/4.9.3/bin/../lib/gcc/arm-none-eabi/4.9.3/../../../../arm-none-eabi/lib/armv6-m\libg_nano.a(lib_a-strcpy.o)
 .debug_frame   0x00001ae0       0x2c c:/program files (x86)/cypress/psoc creator/3.3/psoc creator/import/gnu/arm/4.9.3/bin/../lib/gcc/arm-none-eabi/4.9.3/../../../../arm-none-eabi/lib/armv6-m\libg_nano.a(lib_a-strncpy.o)
 .debug_frame   0x00001b0c       0x74 c:/program files (x86)/cypress/psoc creator/3.3/psoc creator/import/gnu/arm/4.9.3/bin/../lib/gcc/arm-none-eabi/4.9.3/../../../../arm-none-eabi/lib/armv6-m\libg_nano.a(lib_a-nano-svfprintf.o)
 .debug_frame   0x00001b80       0x54 c:/program files (x86)/cypress/psoc creator/3.3/psoc creator/import/gnu/arm/4.9.3/bin/../lib/gcc/arm-none-eabi/4.9.3/../../../../arm-none-eabi/lib/armv6-m\libg_nano.a(lib_a-nano-vfprintf_i.o)
 .debug_frame   0x00001bd4       0x48 c:/program files (x86)/cypress/psoc creator/3.3/psoc creator/import/gnu/arm/4.9.3/bin/../lib/gcc/arm-none-eabi/4.9.3/../../../../arm-none-eabi/lib/armv6-m\libg_nano.a(lib_a-reent.o)
 .debug_frame   0x00001c1c       0x20 c:/program files (x86)/cypress/psoc creator/3.3/psoc creator/import/gnu/arm/4.9.3/bin/../lib/gcc/arm-none-eabi/4.9.3/../../../../arm-none-eabi/lib/armv6-m\libg_nano.a(lib_a-memchr.o)
 .debug_frame   0x00001c3c       0x28 c:/program files (x86)/cypress/psoc creator/3.3/psoc creator/import/gnu/arm/4.9.3/bin/../lib/gcc/arm-none-eabi/4.9.3/../../../../arm-none-eabi/lib/armv6-m\libg_nano.a(lib_a-memcpy.o)
 .debug_frame   0x00001c64       0x28 c:/program files (x86)/cypress/psoc creator/3.3/psoc creator/import/gnu/arm/4.9.3/bin/../lib/gcc/arm-none-eabi/4.9.3/../../../../arm-none-eabi/lib/armv6-m\libg_nano.a(lib_a-memmove.o)
 .debug_frame   0x00001c8c       0x30 c:/program files (x86)/cypress/psoc creator/3.3/psoc creator/import/gnu/arm/4.9.3/bin/../lib/gcc/arm-none-eabi/4.9.3/../../../../arm-none-eabi/lib/armv6-m\libg_nano.a(lib_a-nano-reallocr.o)
 .debug_frame   0x00001cbc       0x20 c:/program files (x86)/cypress/psoc creator/3.3/psoc creator/import/gnu/arm/4.9.3/bin/../lib/gcc/arm-none-eabi/4.9.3/../../../../arm-none-eabi/lib/armv6-m\libg_nano.a(lib_a-nano-msizer.o)

.debug_str      0x00000000     0x21ef
 *(.debug_str)
 .debug_str     0x00000000      0x228 .\CortexM0\ARM_GCC_493\Debug\main.o
                                0x270 (size before relaxing)
 .debug_str     0x00000228      0x14c .\CortexM0\ARM_GCC_493\Debug\spi.o
                                0x350 (size before relaxing)
 .debug_str     0x00000374      0x1d1 .\CortexM0\ARM_GCC_493\Debug\i2c.o
                                0x3a0 (size before relaxing)
 .debug_str     0x00000545       0x4e .\CortexM0\ARM_GCC_493\Debug\led.o
                                0x1b8 (size before relaxing)
 .debug_str     0x00000593       0xa8 .\CortexM0\ARM_GCC_493\Debug\queue.o
                                0x28f (size before relaxing)
 .debug_str     0x0000063b        0xc .\CortexM0\ARM_GCC_493\Debug\handler.o
                                0x228 (size before relaxing)
 .debug_str     0x00000647        0x9 .\CortexM0\ARM_GCC_493\Debug\data.o
                                0x1cf (size before relaxing)
 .debug_str     0x00000650      0x11c .\CortexM0\ARM_GCC_493\Debug\Nokia5110LCD.o
                                0x2a2 (size before relaxing)
 .debug_str     0x0000076c       0x1f .\CortexM0\ARM_GCC_493\Debug\lcd.o
                                0x219 (size before relaxing)
 .debug_str     0x0000078b       0x5b .\CortexM0\ARM_GCC_493\Debug\cymetadata.o
                                0x1b7 (size before relaxing)
 .debug_str     0x000007e6      0x14a .\CortexM0\ARM_GCC_493\Debug\Cm0Start.o
                                0x2de (size before relaxing)
 .debug_str     0x00000930       0x8a .\CortexM0\ARM_GCC_493\Debug\PSoC4Master.a(cyfitter_cfg.o)
                                0x234 (size before relaxing)
 .debug_str     0x000009ba      0x143 .\CortexM0\ARM_GCC_493\Debug\PSoC4Master.a(SPIS.o)
                                0x2ef (size before relaxing)
 .debug_str     0x00000afd      0x155 .\CortexM0\ARM_GCC_493\Debug\PSoC4Master.a(SPIS_SPI_UART.o)
                                0x365 (size before relaxing)
 .debug_str     0x00000c52       0x35 .\CortexM0\ARM_GCC_493\Debug\PSoC4Master.a(SPIS_SPI.o)
                                0x252 (size before relaxing)
 .debug_str     0x00000c87      0x469 .\CortexM0\ARM_GCC_493\Debug\PSoC4Master.a(CyLib.o)
                                0x672 (size before relaxing)
 .debug_str     0x000010f0      0x470 .\CortexM0\ARM_GCC_493\Debug\PSoC4Master.a(CyLFClk.o)
                                0x63c (size before relaxing)
 .debug_str     0x00001560       0xad .\CortexM0\ARM_GCC_493\Debug\PSoC4Master.a(LED_RED.o)
                                0x22d (size before relaxing)
 .debug_str     0x0000160d       0x95 .\CortexM0\ARM_GCC_493\Debug\PSoC4Master.a(LED_GREEN.o)
                                0x23b (size before relaxing)
 .debug_str     0x000016a2       0x8f .\CortexM0\ARM_GCC_493\Debug\PSoC4Master.a(LED_BLUE.o)
                                0x234 (size before relaxing)
 .debug_str     0x00001731      0x105 .\CortexM0\ARM_GCC_493\Debug\PSoC4Master.a(I2CM.o)
                                0x2c5 (size before relaxing)
 .debug_str     0x00001836       0xae .\CortexM0\ARM_GCC_493\Debug\PSoC4Master.a(I2CM_I2C.o)
                                0x272 (size before relaxing)
 .debug_str     0x000018e4      0x1d5 .\CortexM0\ARM_GCC_493\Debug\PSoC4Master.a(I2CM_I2C_MASTER.o)
                                0x44e (size before relaxing)
 .debug_str     0x00001ab9      0x175 .\CortexM0\ARM_GCC_493\Debug\PSoC4Master.a(I2CM_I2C_SLAVE.o)
                                0x3a6 (size before relaxing)
 .debug_str     0x00001c2e       0x7a .\CortexM0\ARM_GCC_493\Debug\PSoC4Master.a(I2CM_sda.o)
                                0x234 (size before relaxing)
 .debug_str     0x00001ca8       0x6b .\CortexM0\ARM_GCC_493\Debug\PSoC4Master.a(I2CM_scl.o)
                                0x234 (size before relaxing)
 .debug_str     0x00001d13       0x71 .\CortexM0\ARM_GCC_493\Debug\PSoC4Master.a(Din.o)
                                0x211 (size before relaxing)
 .debug_str     0x00001d84       0x71 .\CortexM0\ARM_GCC_493\Debug\PSoC4Master.a(Clk.o)
                                0x211 (size before relaxing)
 .debug_str     0x00001df5       0x6b .\CortexM0\ARM_GCC_493\Debug\PSoC4Master.a(CE.o)
                                0x20a (size before relaxing)
 .debug_str     0x00001e60       0x6b .\CortexM0\ARM_GCC_493\Debug\PSoC4Master.a(DC.o)
                                0x20a (size before relaxing)
 .debug_str     0x00001ecb       0x71 .\CortexM0\ARM_GCC_493\Debug\PSoC4Master.a(RST.o)
                                0x211 (size before relaxing)
 .debug_str     0x00001f3c       0x71 .\CortexM0\ARM_GCC_493\Debug\PSoC4Master.a(Vcc.o)
                                0x211 (size before relaxing)
 .debug_str     0x00001fad       0x71 .\CortexM0\ARM_GCC_493\Debug\PSoC4Master.a(Gnd.o)
                                0x211 (size before relaxing)
 .debug_str     0x0000201e       0x6b .\CortexM0\ARM_GCC_493\Debug\PSoC4Master.a(BL.o)
                                0x20a (size before relaxing)
 .debug_str     0x00002089       0xdc .\CortexM0\ARM_GCC_493\Debug\PSoC4Master.a(DEBUG.o)
                                0x28d (size before relaxing)
 .debug_str     0x00002165       0x3f .\CortexM0\ARM_GCC_493\Debug\PSoC4Master.a(SPIS_SPI_UART_INT.o)
                                0x26d (size before relaxing)
 .debug_str     0x000021a4       0x4b .\CortexM0\ARM_GCC_493\Debug\PSoC4Master.a(I2CM_I2C_INT.o)
                                0x34e (size before relaxing)

.debug_loc      0x00000000     0x2dc7
 *(.debug_loc)
 .debug_loc     0x00000000       0x21 .\CortexM0\ARM_GCC_493\Debug\spi.o
 .debug_loc     0x00000021      0x2ad .\CortexM0\ARM_GCC_493\Debug\i2c.o
 .debug_loc     0x000002ce       0xe8 .\CortexM0\ARM_GCC_493\Debug\led.o
 .debug_loc     0x000003b6       0xbd .\CortexM0\ARM_GCC_493\Debug\queue.o
 .debug_loc     0x00000473       0x42 .\CortexM0\ARM_GCC_493\Debug\handler.o
 .debug_loc     0x000004b5      0x1c0 .\CortexM0\ARM_GCC_493\Debug\Nokia5110LCD.o
 .debug_loc     0x00000675       0x7a .\CortexM0\ARM_GCC_493\Debug\lcd.o
 .debug_loc     0x000006ef      0x14f .\CortexM0\ARM_GCC_493\Debug\Cm0Start.o
 .debug_loc     0x0000083e       0xa9 .\CortexM0\ARM_GCC_493\Debug\PSoC4Master.a(cyfitter_cfg.o)
 .debug_loc     0x000008e7       0x7e .\CortexM0\ARM_GCC_493\Debug\PSoC4Master.a(SPIS.o)
 .debug_loc     0x00000965      0x170 .\CortexM0\ARM_GCC_493\Debug\PSoC4Master.a(SPIS_SPI_UART.o)
 .debug_loc     0x00000ad5      0x5b5 .\CortexM0\ARM_GCC_493\Debug\PSoC4Master.a(CyLib.o)
 .debug_loc     0x0000108a      0x7df .\CortexM0\ARM_GCC_493\Debug\PSoC4Master.a(CyLFClk.o)
 .debug_loc     0x00001869       0xa2 .\CortexM0\ARM_GCC_493\Debug\PSoC4Master.a(LED_RED.o)
 .debug_loc     0x0000190b       0xa2 .\CortexM0\ARM_GCC_493\Debug\PSoC4Master.a(LED_GREEN.o)
 .debug_loc     0x000019ad       0xa2 .\CortexM0\ARM_GCC_493\Debug\PSoC4Master.a(LED_BLUE.o)
 .debug_loc     0x00001a4f       0x7e .\CortexM0\ARM_GCC_493\Debug\PSoC4Master.a(I2CM.o)
 .debug_loc     0x00001acd      0x882 .\CortexM0\ARM_GCC_493\Debug\PSoC4Master.a(I2CM_I2C_MASTER.o)
 .debug_loc     0x0000234f      0x175 .\CortexM0\ARM_GCC_493\Debug\PSoC4Master.a(I2CM_I2C_SLAVE.o)
 .debug_loc     0x000024c4       0xa2 .\CortexM0\ARM_GCC_493\Debug\PSoC4Master.a(I2CM_sda.o)
 .debug_loc     0x00002566       0x81 .\CortexM0\ARM_GCC_493\Debug\PSoC4Master.a(I2CM_scl.o)
 .debug_loc     0x000025e7       0xa2 .\CortexM0\ARM_GCC_493\Debug\PSoC4Master.a(Din.o)
 .debug_loc     0x00002689       0xa2 .\CortexM0\ARM_GCC_493\Debug\PSoC4Master.a(Clk.o)
 .debug_loc     0x0000272b       0xa2 .\CortexM0\ARM_GCC_493\Debug\PSoC4Master.a(CE.o)
 .debug_loc     0x000027cd       0xa2 .\CortexM0\ARM_GCC_493\Debug\PSoC4Master.a(DC.o)
 .debug_loc     0x0000286f       0x81 .\CortexM0\ARM_GCC_493\Debug\PSoC4Master.a(RST.o)
 .debug_loc     0x000028f0       0xa2 .\CortexM0\ARM_GCC_493\Debug\PSoC4Master.a(Vcc.o)
 .debug_loc     0x00002992       0x81 .\CortexM0\ARM_GCC_493\Debug\PSoC4Master.a(Gnd.o)
 .debug_loc     0x00002a13       0xa2 .\CortexM0\ARM_GCC_493\Debug\PSoC4Master.a(BL.o)
 .debug_loc     0x00002ab5      0x12d .\CortexM0\ARM_GCC_493\Debug\PSoC4Master.a(DEBUG.o)
 .debug_loc     0x00002be2       0x3d .\CortexM0\ARM_GCC_493\Debug\PSoC4Master.a(SPIS_SPI_UART_INT.o)
 .debug_loc     0x00002c1f      0x1a8 .\CortexM0\ARM_GCC_493\Debug\PSoC4Master.a(I2CM_I2C_INT.o)

.debug_macinfo
 *(.debug_macinfo)

.debug_ranges   0x00000000      0x958
 *(.debug_ranges)
 .debug_ranges  0x00000000       0x10 .\CortexM0\ARM_GCC_493\Debug\main.o
 .debug_ranges  0x00000010       0x28 .\CortexM0\ARM_GCC_493\Debug\spi.o
 .debug_ranges  0x00000038       0x30 .\CortexM0\ARM_GCC_493\Debug\i2c.o
 .debug_ranges  0x00000068       0x10 .\CortexM0\ARM_GCC_493\Debug\led.o
 .debug_ranges  0x00000078       0x48 .\CortexM0\ARM_GCC_493\Debug\queue.o
 .debug_ranges  0x000000c0       0x10 .\CortexM0\ARM_GCC_493\Debug\handler.o
 .debug_ranges  0x000000d0       0x10 .\CortexM0\ARM_GCC_493\Debug\data.o
 .debug_ranges  0x000000e0       0x48 .\CortexM0\ARM_GCC_493\Debug\Nokia5110LCD.o
 .debug_ranges  0x00000128       0x10 .\CortexM0\ARM_GCC_493\Debug\lcd.o
 .debug_ranges  0x00000138       0x38 .\CortexM0\ARM_GCC_493\Debug\Cm0Start.o
 .debug_ranges  0x00000170       0x20 .\CortexM0\ARM_GCC_493\Debug\PSoC4Master.a(cyfitter_cfg.o)
 .debug_ranges  0x00000190       0x60 .\CortexM0\ARM_GCC_493\Debug\PSoC4Master.a(SPIS.o)
 .debug_ranges  0x000001f0       0x50 .\CortexM0\ARM_GCC_493\Debug\PSoC4Master.a(SPIS_SPI_UART.o)
 .debug_ranges  0x00000240       0x20 .\CortexM0\ARM_GCC_493\Debug\PSoC4Master.a(SPIS_SPI.o)
 .debug_ranges  0x00000260      0x168 .\CortexM0\ARM_GCC_493\Debug\PSoC4Master.a(CyLib.o)
 .debug_ranges  0x000003c8      0x110 .\CortexM0\ARM_GCC_493\Debug\PSoC4Master.a(CyLFClk.o)
 .debug_ranges  0x000004d8       0x38 .\CortexM0\ARM_GCC_493\Debug\PSoC4Master.a(LED_RED.o)
 .debug_ranges  0x00000510       0x38 .\CortexM0\ARM_GCC_493\Debug\PSoC4Master.a(LED_GREEN.o)
 .debug_ranges  0x00000548       0x38 .\CortexM0\ARM_GCC_493\Debug\PSoC4Master.a(LED_BLUE.o)
 .debug_ranges  0x00000580       0x58 .\CortexM0\ARM_GCC_493\Debug\PSoC4Master.a(I2CM.o)
 .debug_ranges  0x000005d8       0x18 .\CortexM0\ARM_GCC_493\Debug\PSoC4Master.a(I2CM_I2C.o)
 .debug_ranges  0x000005f0       0x78 .\CortexM0\ARM_GCC_493\Debug\PSoC4Master.a(I2CM_I2C_MASTER.o)
 .debug_ranges  0x00000668       0x60 .\CortexM0\ARM_GCC_493\Debug\PSoC4Master.a(I2CM_I2C_SLAVE.o)
 .debug_ranges  0x000006c8       0x38 .\CortexM0\ARM_GCC_493\Debug\PSoC4Master.a(I2CM_sda.o)
 .debug_ranges  0x00000700       0x38 .\CortexM0\ARM_GCC_493\Debug\PSoC4Master.a(I2CM_scl.o)
 .debug_ranges  0x00000738       0x38 .\CortexM0\ARM_GCC_493\Debug\PSoC4Master.a(Din.o)
 .debug_ranges  0x00000770       0x38 .\CortexM0\ARM_GCC_493\Debug\PSoC4Master.a(Clk.o)
 .debug_ranges  0x000007a8       0x38 .\CortexM0\ARM_GCC_493\Debug\PSoC4Master.a(CE.o)
 .debug_ranges  0x000007e0       0x38 .\CortexM0\ARM_GCC_493\Debug\PSoC4Master.a(DC.o)
 .debug_ranges  0x00000818       0x38 .\CortexM0\ARM_GCC_493\Debug\PSoC4Master.a(RST.o)
 .debug_ranges  0x00000850       0x38 .\CortexM0\ARM_GCC_493\Debug\PSoC4Master.a(Vcc.o)
 .debug_ranges  0x00000888       0x38 .\CortexM0\ARM_GCC_493\Debug\PSoC4Master.a(Gnd.o)
 .debug_ranges  0x000008c0       0x38 .\CortexM0\ARM_GCC_493\Debug\PSoC4Master.a(BL.o)
 .debug_ranges  0x000008f8       0x40 .\CortexM0\ARM_GCC_493\Debug\PSoC4Master.a(DEBUG.o)
 .debug_ranges  0x00000938       0x10 .\CortexM0\ARM_GCC_493\Debug\PSoC4Master.a(SPIS_SPI_UART_INT.o)
 .debug_ranges  0x00000948       0x10 .\CortexM0\ARM_GCC_493\Debug\PSoC4Master.a(I2CM_I2C_INT.o)

.comment        0x00000000       0x70
 .comment       0x00000000       0x70 .\CortexM0\ARM_GCC_493\Debug\main.o
                                 0x71 (size before relaxing)
 .comment       0x00000000       0x71 .\CortexM0\ARM_GCC_493\Debug\spi.o
 .comment       0x00000000       0x71 .\CortexM0\ARM_GCC_493\Debug\i2c.o
 .comment       0x00000000       0x71 .\CortexM0\ARM_GCC_493\Debug\led.o
 .comment       0x00000000       0x71 .\CortexM0\ARM_GCC_493\Debug\queue.o
 .comment       0x00000000       0x71 .\CortexM0\ARM_GCC_493\Debug\handler.o
 .comment       0x00000000       0x71 .\CortexM0\ARM_GCC_493\Debug\data.o
 .comment       0x00000000       0x71 .\CortexM0\ARM_GCC_493\Debug\Nokia5110LCD.o
 .comment       0x00000000       0x71 .\CortexM0\ARM_GCC_493\Debug\lcd.o
 .comment       0x00000000       0x71 .\CortexM0\ARM_GCC_493\Debug\cymetadata.o
 .comment       0x00000000       0x71 .\CortexM0\ARM_GCC_493\Debug\Cm0Start.o
 .comment       0x00000000       0x71 .\CortexM0\ARM_GCC_493\Debug\PSoC4Master.a(cyfitter_cfg.o)
 .comment       0x00000000       0x71 .\CortexM0\ARM_GCC_493\Debug\PSoC4Master.a(SPIS.o)
 .comment       0x00000000       0x71 .\CortexM0\ARM_GCC_493\Debug\PSoC4Master.a(SPIS_SPI_UART.o)
 .comment       0x00000000       0x71 .\CortexM0\ARM_GCC_493\Debug\PSoC4Master.a(SPIS_SPI.o)
 .comment       0x00000000       0x71 .\CortexM0\ARM_GCC_493\Debug\PSoC4Master.a(CyLib.o)
 .comment       0x00000000       0x71 .\CortexM0\ARM_GCC_493\Debug\PSoC4Master.a(CyLFClk.o)
 .comment       0x00000000       0x71 .\CortexM0\ARM_GCC_493\Debug\PSoC4Master.a(LED_RED.o)
 .comment       0x00000000       0x71 .\CortexM0\ARM_GCC_493\Debug\PSoC4Master.a(LED_GREEN.o)
 .comment       0x00000000       0x71 .\CortexM0\ARM_GCC_493\Debug\PSoC4Master.a(LED_BLUE.o)
 .comment       0x00000000       0x71 .\CortexM0\ARM_GCC_493\Debug\PSoC4Master.a(I2CM.o)
 .comment       0x00000000       0x71 .\CortexM0\ARM_GCC_493\Debug\PSoC4Master.a(I2CM_I2C.o)
 .comment       0x00000000       0x71 .\CortexM0\ARM_GCC_493\Debug\PSoC4Master.a(I2CM_I2C_MASTER.o)
 .comment       0x00000000       0x71 .\CortexM0\ARM_GCC_493\Debug\PSoC4Master.a(I2CM_I2C_SLAVE.o)
 .comment       0x00000000       0x71 .\CortexM0\ARM_GCC_493\Debug\PSoC4Master.a(I2CM_sda.o)
 .comment       0x00000000       0x71 .\CortexM0\ARM_GCC_493\Debug\PSoC4Master.a(I2CM_scl.o)
 .comment       0x00000000       0x71 .\CortexM0\ARM_GCC_493\Debug\PSoC4Master.a(Din.o)
 .comment       0x00000000       0x71 .\CortexM0\ARM_GCC_493\Debug\PSoC4Master.a(Clk.o)
 .comment       0x00000000       0x71 .\CortexM0\ARM_GCC_493\Debug\PSoC4Master.a(CE.o)
 .comment       0x00000000       0x71 .\CortexM0\ARM_GCC_493\Debug\PSoC4Master.a(DC.o)
 .comment       0x00000000       0x71 .\CortexM0\ARM_GCC_493\Debug\PSoC4Master.a(RST.o)
 .comment       0x00000000       0x71 .\CortexM0\ARM_GCC_493\Debug\PSoC4Master.a(Vcc.o)
 .comment       0x00000000       0x71 .\CortexM0\ARM_GCC_493\Debug\PSoC4Master.a(Gnd.o)
 .comment       0x00000000       0x71 .\CortexM0\ARM_GCC_493\Debug\PSoC4Master.a(BL.o)
 .comment       0x00000000       0x71 .\CortexM0\ARM_GCC_493\Debug\PSoC4Master.a(DEBUG.o)
 .comment       0x00000000       0x71 .\CortexM0\ARM_GCC_493\Debug\PSoC4Master.a(SPIS_SPI_UART_INT.o)
 .comment       0x00000000       0x71 .\CortexM0\ARM_GCC_493\Debug\PSoC4Master.a(I2CM_I2C_INT.o)

.debug_weaknames
 *(.debug_weaknames)

.debug_funcnames
 *(.debug_funcnames)

.debug_typenames
 *(.debug_typenames)

.debug_varnames
 *(.debug_varnames)

.note.gnu.arm.ident
 *(.note.gnu.arm.ident)

.ARM.attributes
                0x00000000       0x28
 *(.ARM.attributes)
 .ARM.attributes
                0x00000000       0x1e c:/program files (x86)/cypress/psoc creator/3.3/psoc creator/import/gnu/arm/4.9.3/bin/../lib/gcc/arm-none-eabi/4.9.3/armv6-m/crti.o
 .ARM.attributes
                0x0000001e       0x2c c:/program files (x86)/cypress/psoc creator/3.3/psoc creator/import/gnu/arm/4.9.3/bin/../lib/gcc/arm-none-eabi/4.9.3/armv6-m/crtbegin.o
 .ARM.attributes
                0x0000004a       0x1b c:/program files (x86)/cypress/psoc creator/3.3/psoc creator/import/gnu/arm/4.9.3/bin/../lib/gcc/arm-none-eabi/4.9.3/../../../../arm-none-eabi/lib/armv6-m/crt0.o
 .ARM.attributes
                0x00000065       0x31 .\CortexM0\ARM_GCC_493\Debug\main.o
 .ARM.attributes
                0x00000096       0x31 .\CortexM0\ARM_GCC_493\Debug\spi.o
 .ARM.attributes
                0x000000c7       0x31 .\CortexM0\ARM_GCC_493\Debug\i2c.o
 .ARM.attributes
                0x000000f8       0x31 .\CortexM0\ARM_GCC_493\Debug\led.o
 .ARM.attributes
                0x00000129       0x31 .\CortexM0\ARM_GCC_493\Debug\queue.o
 .ARM.attributes
                0x0000015a       0x31 .\CortexM0\ARM_GCC_493\Debug\handler.o
 .ARM.attributes
                0x0000018b       0x31 .\CortexM0\ARM_GCC_493\Debug\data.o
 .ARM.attributes
                0x000001bc       0x31 .\CortexM0\ARM_GCC_493\Debug\Nokia5110LCD.o
 .ARM.attributes
                0x000001ed       0x31 .\CortexM0\ARM_GCC_493\Debug\lcd.o
 .ARM.attributes
                0x0000021e       0x31 .\CortexM0\ARM_GCC_493\Debug\cymetadata.o
 .ARM.attributes
                0x0000024f       0x31 .\CortexM0\ARM_GCC_493\Debug\Cm0Start.o
 .ARM.attributes
                0x00000280       0x31 .\CortexM0\ARM_GCC_493\Debug\PSoC4Master.a(cyfitter_cfg.o)
 .ARM.attributes
                0x000002b1       0x31 .\CortexM0\ARM_GCC_493\Debug\PSoC4Master.a(SPIS.o)
 .ARM.attributes
                0x000002e2       0x31 .\CortexM0\ARM_GCC_493\Debug\PSoC4Master.a(SPIS_SPI_UART.o)
 .ARM.attributes
                0x00000313       0x31 .\CortexM0\ARM_GCC_493\Debug\PSoC4Master.a(SPIS_SPI.o)
 .ARM.attributes
                0x00000344       0x31 .\CortexM0\ARM_GCC_493\Debug\PSoC4Master.a(CyLib.o)
 .ARM.attributes
                0x00000375       0x31 .\CortexM0\ARM_GCC_493\Debug\PSoC4Master.a(CyLFClk.o)
 .ARM.attributes
                0x000003a6       0x31 .\CortexM0\ARM_GCC_493\Debug\PSoC4Master.a(LED_RED.o)
 .ARM.attributes
                0x000003d7       0x31 .\CortexM0\ARM_GCC_493\Debug\PSoC4Master.a(LED_GREEN.o)
 .ARM.attributes
                0x00000408       0x31 .\CortexM0\ARM_GCC_493\Debug\PSoC4Master.a(LED_BLUE.o)
 .ARM.attributes
                0x00000439       0x31 .\CortexM0\ARM_GCC_493\Debug\PSoC4Master.a(I2CM.o)
 .ARM.attributes
                0x0000046a       0x31 .\CortexM0\ARM_GCC_493\Debug\PSoC4Master.a(I2CM_I2C.o)
 .ARM.attributes
                0x0000049b       0x31 .\CortexM0\ARM_GCC_493\Debug\PSoC4Master.a(I2CM_I2C_MASTER.o)
 .ARM.attributes
                0x000004cc       0x31 .\CortexM0\ARM_GCC_493\Debug\PSoC4Master.a(I2CM_I2C_SLAVE.o)
 .ARM.attributes
                0x000004fd       0x31 .\CortexM0\ARM_GCC_493\Debug\PSoC4Master.a(I2CM_sda.o)
 .ARM.attributes
                0x0000052e       0x31 .\CortexM0\ARM_GCC_493\Debug\PSoC4Master.a(I2CM_scl.o)
 .ARM.attributes
                0x0000055f       0x31 .\CortexM0\ARM_GCC_493\Debug\PSoC4Master.a(Din.o)
 .ARM.attributes
                0x00000590       0x31 .\CortexM0\ARM_GCC_493\Debug\PSoC4Master.a(Clk.o)
 .ARM.attributes
                0x000005c1       0x31 .\CortexM0\ARM_GCC_493\Debug\PSoC4Master.a(CE.o)
 .ARM.attributes
                0x000005f2       0x31 .\CortexM0\ARM_GCC_493\Debug\PSoC4Master.a(DC.o)
 .ARM.attributes
                0x00000623       0x31 .\CortexM0\ARM_GCC_493\Debug\PSoC4Master.a(RST.o)
 .ARM.attributes
                0x00000654       0x31 .\CortexM0\ARM_GCC_493\Debug\PSoC4Master.a(Vcc.o)
 .ARM.attributes
                0x00000685       0x31 .\CortexM0\ARM_GCC_493\Debug\PSoC4Master.a(Gnd.o)
 .ARM.attributes
                0x000006b6       0x31 .\CortexM0\ARM_GCC_493\Debug\PSoC4Master.a(BL.o)
 .ARM.attributes
                0x000006e7       0x31 .\CortexM0\ARM_GCC_493\Debug\PSoC4Master.a(DEBUG.o)
 .ARM.attributes
                0x00000718       0x31 .\CortexM0\ARM_GCC_493\Debug\PSoC4Master.a(SPIS_SPI_UART_INT.o)
 .ARM.attributes
                0x00000749       0x21 .\CortexM0\ARM_GCC_493\Debug\PSoC4Master.a(CyBootAsmGnu.o)
 .ARM.attributes
                0x0000076a       0x31 .\CortexM0\ARM_GCC_493\Debug\PSoC4Master.a(I2CM_I2C_INT.o)
 .ARM.attributes
                0x0000079b       0x21 .\CortexM0\ARM_GCC_493\Debug\PSoC4Master.a(DEBUG_AsmGnu.o)
 .ARM.attributes
                0x000007bc       0x1e c:/program files (x86)/cypress/psoc creator/3.3/psoc creator/import/gnu/arm/4.9.3/bin/../lib/gcc/arm-none-eabi/4.9.3/armv6-m\libgcc.a(_udivsi3.o)
 .ARM.attributes
                0x000007da       0x1e c:/program files (x86)/cypress/psoc creator/3.3/psoc creator/import/gnu/arm/4.9.3/bin/../lib/gcc/arm-none-eabi/4.9.3/armv6-m\libgcc.a(_dvmd_tls.o)
 .ARM.attributes
                0x000007f8       0x2c c:/program files (x86)/cypress/psoc creator/3.3/psoc creator/import/gnu/arm/4.9.3/bin/../lib/gcc/arm-none-eabi/4.9.3/../../../../arm-none-eabi/lib/armv6-m\libg_nano.a(lib_a-errno.o)
 .ARM.attributes
                0x00000824       0x2c c:/program files (x86)/cypress/psoc creator/3.3/psoc creator/import/gnu/arm/4.9.3/bin/../lib/gcc/arm-none-eabi/4.9.3/../../../../arm-none-eabi/lib/armv6-m\libg_nano.a(lib_a-exit.o)
 .ARM.attributes
                0x00000850       0x2c c:/program files (x86)/cypress/psoc creator/3.3/psoc creator/import/gnu/arm/4.9.3/bin/../lib/gcc/arm-none-eabi/4.9.3/../../../../arm-none-eabi/lib/armv6-m\libg_nano.a(lib_a-impure.o)
 .ARM.attributes
                0x0000087c       0x2c c:/program files (x86)/cypress/psoc creator/3.3/psoc creator/import/gnu/arm/4.9.3/bin/../lib/gcc/arm-none-eabi/4.9.3/../../../../arm-none-eabi/lib/armv6-m\libg_nano.a(lib_a-init.o)
 .ARM.attributes
                0x000008a8       0x2c c:/program files (x86)/cypress/psoc creator/3.3/psoc creator/import/gnu/arm/4.9.3/bin/../lib/gcc/arm-none-eabi/4.9.3/../../../../arm-none-eabi/lib/armv6-m\libg_nano.a(lib_a-malloc.o)
 .ARM.attributes
                0x000008d4       0x2c c:/program files (x86)/cypress/psoc creator/3.3/psoc creator/import/gnu/arm/4.9.3/bin/../lib/gcc/arm-none-eabi/4.9.3/../../../../arm-none-eabi/lib/armv6-m\libg_nano.a(lib_a-memset.o)
 .ARM.attributes
                0x00000900       0x2c c:/program files (x86)/cypress/psoc creator/3.3/psoc creator/import/gnu/arm/4.9.3/bin/../lib/gcc/arm-none-eabi/4.9.3/../../../../arm-none-eabi/lib/armv6-m\libg_nano.a(lib_a-nano-freer.o)
 .ARM.attributes
                0x0000092c       0x2c c:/program files (x86)/cypress/psoc creator/3.3/psoc creator/import/gnu/arm/4.9.3/bin/../lib/gcc/arm-none-eabi/4.9.3/../../../../arm-none-eabi/lib/armv6-m\libg_nano.a(lib_a-nano-mallocr.o)
 .ARM.attributes
                0x00000958       0x2c c:/program files (x86)/cypress/psoc creator/3.3/psoc creator/import/gnu/arm/4.9.3/bin/../lib/gcc/arm-none-eabi/4.9.3/../../../../arm-none-eabi/lib/armv6-m\libg_nano.a(lib_a-sbrkr.o)
 .ARM.attributes
                0x00000984       0x2c c:/program files (x86)/cypress/psoc creator/3.3/psoc creator/import/gnu/arm/4.9.3/bin/../lib/gcc/arm-none-eabi/4.9.3/../../../../arm-none-eabi/lib/armv6-m\libg_nano.a(lib_a-sprintf.o)
 .ARM.attributes
                0x000009b0       0x2c c:/program files (x86)/cypress/psoc creator/3.3/psoc creator/import/gnu/arm/4.9.3/bin/../lib/gcc/arm-none-eabi/4.9.3/../../../../arm-none-eabi/lib/armv6-m\libg_nano.a(lib_a-strcpy.o)
 .ARM.attributes
                0x000009dc       0x2c c:/program files (x86)/cypress/psoc creator/3.3/psoc creator/import/gnu/arm/4.9.3/bin/../lib/gcc/arm-none-eabi/4.9.3/../../../../arm-none-eabi/lib/armv6-m\libg_nano.a(lib_a-strncpy.o)
 .ARM.attributes
                0x00000a08       0x2c c:/program files (x86)/cypress/psoc creator/3.3/psoc creator/import/gnu/arm/4.9.3/bin/../lib/gcc/arm-none-eabi/4.9.3/../../../../arm-none-eabi/lib/armv6-m\libg_nano.a(lib_a-nano-svfprintf.o)
 .ARM.attributes
                0x00000a34       0x2c c:/program files (x86)/cypress/psoc creator/3.3/psoc creator/import/gnu/arm/4.9.3/bin/../lib/gcc/arm-none-eabi/4.9.3/../../../../arm-none-eabi/lib/armv6-m\libg_nano.a(lib_a-nano-vfprintf_i.o)
 .ARM.attributes
                0x00000a60       0x2c c:/program files (x86)/cypress/psoc creator/3.3/psoc creator/import/gnu/arm/4.9.3/bin/../lib/gcc/arm-none-eabi/4.9.3/../../../../arm-none-eabi/lib/armv6-m\libg_nano.a(lib_a-reent.o)
 .ARM.attributes
                0x00000a8c       0x2c c:/program files (x86)/cypress/psoc creator/3.3/psoc creator/import/gnu/arm/4.9.3/bin/../lib/gcc/arm-none-eabi/4.9.3/../../../../arm-none-eabi/lib/armv6-m\libg_nano.a(lib_a-memchr.o)
 .ARM.attributes
                0x00000ab8       0x2c c:/program files (x86)/cypress/psoc creator/3.3/psoc creator/import/gnu/arm/4.9.3/bin/../lib/gcc/arm-none-eabi/4.9.3/../../../../arm-none-eabi/lib/armv6-m\libg_nano.a(lib_a-memcpy.o)
 .ARM.attributes
                0x00000ae4       0x2c c:/program files (x86)/cypress/psoc creator/3.3/psoc creator/import/gnu/arm/4.9.3/bin/../lib/gcc/arm-none-eabi/4.9.3/../../../../arm-none-eabi/lib/armv6-m\libg_nano.a(lib_a-memmove.o)
 .ARM.attributes
                0x00000b10       0x2c c:/program files (x86)/cypress/psoc creator/3.3/psoc creator/import/gnu/arm/4.9.3/bin/../lib/gcc/arm-none-eabi/4.9.3/../../../../arm-none-eabi/lib/armv6-m\libg_nano.a(lib_a-nano-reallocr.o)
 .ARM.attributes
                0x00000b3c       0x2c c:/program files (x86)/cypress/psoc creator/3.3/psoc creator/import/gnu/arm/4.9.3/bin/../lib/gcc/arm-none-eabi/4.9.3/../../../../arm-none-eabi/lib/armv6-m\libg_nano.a(lib_a-nano-msizer.o)
 .ARM.attributes
                0x00000b68       0x2c c:/program files (x86)/cypress/psoc creator/3.3/psoc creator/import/gnu/arm/4.9.3/bin/../lib/gcc/arm-none-eabi/4.9.3/armv6-m/crtend.o
 .ARM.attributes
                0x00000b94       0x1e c:/program files (x86)/cypress/psoc creator/3.3/psoc creator/import/gnu/arm/4.9.3/bin/../lib/gcc/arm-none-eabi/4.9.3/armv6-m/crtn.o

/DISCARD/
 *(.note.GNU-stack)
OUTPUT(.\CortexM0\ARM_GCC_493\Debug\PSoC4Master.elf elf32-littlearm)
