Archive member included because of file (symbol)

.\CortexM0\ARM_GCC_493\Debug\PSoC4Master.a(cyfitter_cfg.o)
                              .\CortexM0\ARM_GCC_493\Debug\Cm0Start.o (cyfitter_cfg)
.\CortexM0\ARM_GCC_493\Debug\PSoC4Master.a(SPIS.o)
                              .\CortexM0\ARM_GCC_493\Debug\spi.o (SPIS_Start)
.\CortexM0\ARM_GCC_493\Debug\PSoC4Master.a(SPIS_SPI_UART.o)
                              .\CortexM0\ARM_GCC_493\Debug\spi.o (SPIS_SpiUartReadRxData)
.\CortexM0\ARM_GCC_493\Debug\PSoC4Master.a(SPIS_SPI.o)
                              .\CortexM0\ARM_GCC_493\Debug\PSoC4Master.a(SPIS.o) (SPIS_SpiInit)
.\CortexM0\ARM_GCC_493\Debug\PSoC4Master.a(CyLib.o)
                              .\CortexM0\ARM_GCC_493\Debug\PSoC4Master.a(cyfitter_cfg.o) (CyIntEnable)
.\CortexM0\ARM_GCC_493\Debug\PSoC4Master.a(CyLFClk.o)
                              .\CortexM0\ARM_GCC_493\Debug\PSoC4Master.a(cyfitter_cfg.o) (CySysWdtIsr)
.\CortexM0\ARM_GCC_493\Debug\PSoC4Master.a(LED_RED.o)
                              .\CortexM0\ARM_GCC_493\Debug\led.o (LED_RED_Write)
.\CortexM0\ARM_GCC_493\Debug\PSoC4Master.a(LED_GREEN.o)
                              .\CortexM0\ARM_GCC_493\Debug\led.o (LED_GREEN_Write)
.\CortexM0\ARM_GCC_493\Debug\PSoC4Master.a(LED_BLUE.o)
                              .\CortexM0\ARM_GCC_493\Debug\led.o (LED_BLUE_Write)
.\CortexM0\ARM_GCC_493\Debug\PSoC4Master.a(I2CM.o)
                              .\CortexM0\ARM_GCC_493\Debug\i2c.o (I2CM_Start)
.\CortexM0\ARM_GCC_493\Debug\PSoC4Master.a(I2CM_I2C.o)
                              .\CortexM0\ARM_GCC_493\Debug\PSoC4Master.a(I2CM.o) (I2CM_I2CInit)
.\CortexM0\ARM_GCC_493\Debug\PSoC4Master.a(I2CM_I2C_MASTER.o)
                              .\CortexM0\ARM_GCC_493\Debug\i2c.o (I2CM_I2CMasterGetReadBufSize)
.\CortexM0\ARM_GCC_493\Debug\PSoC4Master.a(I2CM_I2C_SLAVE.o)
                              .\CortexM0\ARM_GCC_493\Debug\i2c.o (I2CM_I2CSlaveStatus)
.\CortexM0\ARM_GCC_493\Debug\PSoC4Master.a(I2CM_sda.o)
                              .\CortexM0\ARM_GCC_493\Debug\i2c.o (I2CM_sda_SetDriveMode)
.\CortexM0\ARM_GCC_493\Debug\PSoC4Master.a(I2CM_scl.o)
                              .\CortexM0\ARM_GCC_493\Debug\i2c.o (I2CM_scl_SetDriveMode)
.\CortexM0\ARM_GCC_493\Debug\PSoC4Master.a(SPIS_SPI_UART_INT.o)
                              .\CortexM0\ARM_GCC_493\Debug\PSoC4Master.a(SPIS_SPI.o) (SPIS_SPI_UART_ISR)
.\CortexM0\ARM_GCC_493\Debug\PSoC4Master.a(CyBootAsmGnu.o)
                              .\CortexM0\ARM_GCC_493\Debug\PSoC4Master.a(CyLib.o) (CyDelayCycles)
.\CortexM0\ARM_GCC_493\Debug\PSoC4Master.a(I2CM_I2C_INT.o)
                              .\CortexM0\ARM_GCC_493\Debug\PSoC4Master.a(I2CM_I2C.o) (I2CM_I2C_ISR)
c:/program files (x86)/cypress/psoc creator/3.3/psoc creator/import/gnu/arm/4.9.3/bin/../lib/gcc/arm-none-eabi/4.9.3/armv6-m\libgcc.a(_udivsi3.o)
                              .\CortexM0\ARM_GCC_493\Debug\PSoC4Master.a(CyLib.o) (__aeabi_uidiv)
c:/program files (x86)/cypress/psoc creator/3.3/psoc creator/import/gnu/arm/4.9.3/bin/../lib/gcc/arm-none-eabi/4.9.3/armv6-m\libgcc.a(_dvmd_tls.o)
                              c:/program files (x86)/cypress/psoc creator/3.3/psoc creator/import/gnu/arm/4.9.3/bin/../lib/gcc/arm-none-eabi/4.9.3/armv6-m\libgcc.a(_udivsi3.o) (__aeabi_idiv0)
c:/program files (x86)/cypress/psoc creator/3.3/psoc creator/import/gnu/arm/4.9.3/bin/../lib/gcc/arm-none-eabi/4.9.3/../../../../arm-none-eabi/lib/armv6-m\libg_nano.a(lib_a-errno.o)
                              .\CortexM0\ARM_GCC_493\Debug\Cm0Start.o (__errno)
c:/program files (x86)/cypress/psoc creator/3.3/psoc creator/import/gnu/arm/4.9.3/bin/../lib/gcc/arm-none-eabi/4.9.3/../../../../arm-none-eabi/lib/armv6-m\libg_nano.a(lib_a-exit.o)
                              c:/program files (x86)/cypress/psoc creator/3.3/psoc creator/import/gnu/arm/4.9.3/bin/../lib/gcc/arm-none-eabi/4.9.3/../../../../arm-none-eabi/lib/armv6-m/crt0.o (exit)
c:/program files (x86)/cypress/psoc creator/3.3/psoc creator/import/gnu/arm/4.9.3/bin/../lib/gcc/arm-none-eabi/4.9.3/../../../../arm-none-eabi/lib/armv6-m\libg_nano.a(lib_a-impure.o)
                              c:/program files (x86)/cypress/psoc creator/3.3/psoc creator/import/gnu/arm/4.9.3/bin/../lib/gcc/arm-none-eabi/4.9.3/../../../../arm-none-eabi/lib/armv6-m\libg_nano.a(lib_a-exit.o) (_global_impure_ptr)
c:/program files (x86)/cypress/psoc creator/3.3/psoc creator/import/gnu/arm/4.9.3/bin/../lib/gcc/arm-none-eabi/4.9.3/../../../../arm-none-eabi/lib/armv6-m\libg_nano.a(lib_a-init.o)
                              c:/program files (x86)/cypress/psoc creator/3.3/psoc creator/import/gnu/arm/4.9.3/bin/../lib/gcc/arm-none-eabi/4.9.3/../../../../arm-none-eabi/lib/armv6-m/crt0.o (__libc_init_array)
c:/program files (x86)/cypress/psoc creator/3.3/psoc creator/import/gnu/arm/4.9.3/bin/../lib/gcc/arm-none-eabi/4.9.3/../../../../arm-none-eabi/lib/armv6-m\libg_nano.a(lib_a-malloc.o)
                              .\CortexM0\ARM_GCC_493\Debug\queue.o (malloc)
[...]
Memory Configuration

Name             Origin             Length             Attributes
rom              0x00000000         0x00008000         xr
ram              0x20000000         0x00001000         xrw
*default*        0x00000000         0xffffffff

Linker script and memory map

LOAD c:/program files (x86)/cypress/psoc creator/3.3/psoc creator/import/gnu/arm/4.9.3/bin/../lib/gcc/arm-none-eabi/4.9.3/armv6-m/crti.o
LOAD c:/program files (x86)/cypress/psoc creator/3.3/psoc creator/import/gnu/arm/4.9.3/bin/../lib/gcc/arm-none-eabi/4.9.3/armv6-m/crtbegin.o
LOAD c:/program files (x86)/cypress/psoc creator/3.3/psoc creator/import/gnu/arm/4.9.3/bin/../lib/gcc/arm-none-eabi/4.9.3/../../../../arm-none-eabi/lib/armv6-m/crt0.o
START GROUP
LOAD .\CortexM0\ARM_GCC_493\Debug\main.o
LOAD .\CortexM0\ARM_GCC_493\Debug\spi.o
LOAD .\CortexM0\ARM_GCC_493\Debug\i2c.o
LOAD .\CortexM0\ARM_GCC_493\Debug\led.o
LOAD .\CortexM0\ARM_GCC_493\Debug\queue.o
LOAD .\CortexM0\ARM_GCC_493\Debug\handler.o
LOAD .\CortexM0\ARM_GCC_493\Debug\test.o
LOAD .\CortexM0\ARM_GCC_493\Debug\cymetadata.o
LOAD .\CortexM0\ARM_GCC_493\Debug\Cm0Start.o
LOAD .\CortexM0\ARM_GCC_493\Debug\PSoC4Master.a
LOAD C:\Program Files (x86)\Cypress\PSoC Creator\3.3\PSoC Creator\psoc\content\cycomponentlibrary\CyComponentLibrary.cylib\CortexM0\ARM_GCC_493\Debug\CyComponentLibrary.a
END GROUP
START GROUP
LOAD c:/program files (x86)/cypress/psoc creator/3.3/psoc creator/import/gnu/arm/4.9.3/bin/../lib/gcc/arm-none-eabi/4.9.3/armv6-m\libgcc.a
LOAD c:/program files (x86)/cypress/psoc creator/3.3/psoc creator/import/gnu/arm/4.9.3/bin/../lib/gcc/arm-none-eabi/4.9.3/../../../../arm-none-eabi/lib/armv6-m\libg_nano.a
LOAD c:/program files (x86)/cypress/psoc creator/3.3/psoc creator/import/gnu/arm/4.9.3/bin/../lib/gcc/arm-none-eabi/4.9.3/../../../../arm-none-eabi/lib/armv6-m\libc_nano.a
END GROUP
START GROUP
LOAD c:/program files (x86)/cypress/psoc creator/3.3/psoc creator/import/gnu/arm/4.9.3/bin/../lib/gcc/arm-none-eabi/4.9.3/armv6-m\libgcc.a
LOAD c:/program files (x86)/cypress/psoc creator/3.3/psoc creator/import/gnu/arm/4.9.3/bin/../lib/gcc/arm-none-eabi/4.9.3/../../../../arm-none-eabi/lib/armv6-m\libc_nano.a
END GROUP
LOAD c:/program files (x86)/cypress/psoc creator/3.3/psoc creator/import/gnu/arm/4.9.3/bin/../lib/gcc/arm-none-eabi/4.9.3/armv6-m/crtend.o
LOAD c:/program files (x86)/cypress/psoc creator/3.3/psoc creator/import/gnu/arm/4.9.3/bin/../lib/gcc/arm-none-eabi/4.9.3/armv6-m/crtn.o
START GROUP
LOAD c:/program files (x86)/cypress/psoc creator/3.3/psoc creator/import/gnu/arm/4.9.3/bin/../lib/gcc/arm-none-eabi/4.9.3/armv6-m\libgcc.a
LOAD c:/program files (x86)/cypress/psoc creator/3.3/psoc creator/import/gnu/arm/4.9.3/bin/../lib/gcc/arm-none-eabi/4.9.3/../../../../arm-none-eabi/lib/armv6-m\libc.a
LOAD c:/program files (x86)/cypress/psoc creator/3.3/psoc creator/import/gnu/arm/4.9.3/bin/../lib/gcc/arm-none-eabi/4.9.3/../../../../arm-none-eabi/lib/armv6-m\libnosys.a
END GROUP
                0x00000000                CY_APPL_ORIGIN = 0x0
                0x00000080                CY_FLASH_ROW_SIZE = 0x80
                0x00000001                CY_APPL_NUM = 0x1
                0x00000001                CY_APPL_MAX = 0x1
                0x00000040                CY_METADATA_SIZE = 0x40
                0x00000000                CY_APPL_LOADABLE = 0x0
                0x00000000                CY_CHECKSUM_EXCLUDE_SIZE = ALIGN (0x0, CY_FLASH_ROW_SIZE)
                0x00000000                CY_APP_FOR_STACK_AND_COPIER = 0x0
                0x20000200                PROVIDE (__cy_heap_start, _end)
                0x00000001                PROVIDE (__cy_region_num, ((__cy_regions_end - __cy_regions) / 0x10))
                0x20001000                PROVIDE (__cy_stack, (ORIGIN (ram) + 0x1000))
                0x20000c00                PROVIDE (__cy_heap_end, (__cy_stack - 0x400))

.cybootloader   0x00000000        0x0
 *(.cybootloader)
                0x00000000                appl1_start = CY_APPL_ORIGIN?CY_APPL_ORIGIN:ALIGN (CY_FLASH_ROW_SIZE)
                0x00003f80                appl2_start = (appl1_start + ALIGN ((((0x8000 - appl1_start) - (0x2 * CY_FLASH_ROW_SIZE)) / 0x2), CY_FLASH_ROW_SIZE))
                0x00000000                appl_start = (CY_APPL_NUM == 0x1)?appl1_start:appl2_start
                0x00000001                cy_project_type_bootloader = (appl_start == 0x0)?0x1:0x0
                0x00000000                cy_project_type_app_for_stack_and_copier = (CY_APP_FOR_STACK_AND_COPIER == 0x1)?0x1:0x0

.text           0x00000000     0x1d04
 CREATE_OBJECT_SYMBOLS
                0x00000000                PROVIDE (__cy_interrupt_vector, RomVectors)
 *(.romvectors)
 .romvectors    0x00000000       0x10 .\CortexM0\ARM_GCC_493\Debug\Cm0Start.o
                0x00000000                RomVectors
                0x00000001                ASSERT ((. != __cy_interrupt_vector), No interrupt vector)
                0x00000001                ASSERT (CY_APPL_ORIGIN?(SIZEOF (.cybootloader) <= CY_APPL_ORIGIN):0x1, Wrong image location)
                0x00000010                PROVIDE (__cy_reset, Reset)
 *(.text.Reset)
 .text.Reset    0x00000010        0x8 .\CortexM0\ARM_GCC_493\Debug\Cm0Start.o
                0x00000010                Reset
                0x00000001                ASSERT ((. != __cy_reset), No reset code)
 *(.psocinit)
 .psocinit      0x00000018      0x18c .\CortexM0\ARM_GCC_493\Debug\PSoC4Master.a(cyfitter_cfg.o)
                0x000000a8                cyfitter_cfg
                0x000001a4                . = MAX (., 0x100)
 *(.text .text.* .gnu.linkonce.t.*)
 .text          0x000001a4       0x60 c:/program files (x86)/cypress/psoc creator/3.3/psoc creator/import/gnu/arm/4.9.3/bin/../lib/gcc/arm-none-eabi/4.9.3/armv6-m/crtbegin.o
 .text.main     0x00000204       0x64 .\CortexM0\ARM_GCC_493\Debug\main.o
                0x00000204                main
 .text.isr_spi_rx
                0x00000268       0x50 .\CortexM0\ARM_GCC_493\Debug\spi.o
                0x00000268                isr_spi_rx
 .text.spi_init
                0x000002b8       0x1c .\CortexM0\ARM_GCC_493\Debug\spi.o
                0x000002b8                spi_init
 .text.spi_tx   0x000002d4       0x18 .\CortexM0\ARM_GCC_493\Debug\spi.o
                0x000002d4                spi_tx
 .text.i2c_init
                0x000002ec       0x28 .\CortexM0\ARM_GCC_493\Debug\i2c.o
                0x000002ec                i2c_init
 .text.i2c_tx   0x00000314       0x64 .\CortexM0\ARM_GCC_493\Debug\i2c.o
                0x00000314                i2c_tx
 .text.i2c_rx   0x00000378       0x78 .\CortexM0\ARM_GCC_493\Debug\i2c.o
                0x00000378                i2c_rx
 .text.setLed   0x000003f0       0x48 .\CortexM0\ARM_GCC_493\Debug\led.o
                0x000003f0                setLed
 .text.queueLed
                0x00000438       0x3c .\CortexM0\ARM_GCC_493\Debug\led.o
                0x00000438                queueLed
 .text.queue_init
                0x00000474       0x20 .\CortexM0\ARM_GCC_493\Debug\queue.o
                0x00000474                queue_init
 .text.frontQueue
                0x00000494       0x14 .\CortexM0\ARM_GCC_493\Debug\queue.o
                0x00000494                frontQueue
 .text.isEmptyQueue
                0x000004a8       0x14 .\CortexM0\ARM_GCC_493\Debug\queue.o
                0x000004a8                isEmptyQueue
 .text.headInsert
                0x000004bc       0x28 .\CortexM0\ARM_GCC_493\Debug\queue.o
                0x000004bc                headInsert
 .text.headRemove
                0x000004e4       0x14 .\CortexM0\ARM_GCC_493\Debug\queue.o
                0x000004e4                headRemove
 .text.popQueue
                0x000004f8       0x2c .\CortexM0\ARM_GCC_493\Debug\queue.o
                0x000004f8                popQueue
 .text.backInsert
                0x00000524       0x2c .\CortexM0\ARM_GCC_493\Debug\queue.o
                0x00000524                backInsert
 .text.pushQueue
                0x00000550       0x60 .\CortexM0\ARM_GCC_493\Debug\queue.o
                0x00000550                pushQueue
 .text.handler  0x000005b0      0x208 .\CortexM0\ARM_GCC_493\Debug\handler.o
                0x000005b0                handler
 .text.test     0x000007b8        0x4 .\CortexM0\ARM_GCC_493\Debug\test.o
                0x000007b8                test
 .text.IntDefaultHandler
                0x000007bc        0x4 .\CortexM0\ARM_GCC_493\Debug\Cm0Start.o
                0x000007bc                IntDefaultHandler
 .text._sbrk    0x000007c0       0x30 .\CortexM0\ARM_GCC_493\Debug\Cm0Start.o
                0x000007c0                _sbrk
 .text.Start_c  0x000007f0       0x48 .\CortexM0\ARM_GCC_493\Debug\Cm0Start.o
                0x000007f0                Start_c
 .text.initialize_psoc
                0x00000838       0x48 .\CortexM0\ARM_GCC_493\Debug\Cm0Start.o
                0x00000838                initialize_psoc
 .text.CYMEMZERO
                0x00000880        0xc .\CortexM0\ARM_GCC_493\Debug\PSoC4Master.a(cyfitter_cfg.o)
 .text.SPIS_ScbEnableIntr
                0x0000088c        0xc .\CortexM0\ARM_GCC_493\Debug\PSoC4Master.a(SPIS.o)
 .text.SPIS_ScbModePostEnable
                0x00000898        0x8 .\CortexM0\ARM_GCC_493\Debug\PSoC4Master.a(SPIS.o)
 .text.SPIS_Init
                0x000008a0        0x8 .\CortexM0\ARM_GCC_493\Debug\PSoC4Master.a(SPIS.o)
                0x000008a0                SPIS_Init
 .text.SPIS_Enable
                0x000008a8       0x1c .\CortexM0\ARM_GCC_493\Debug\PSoC4Master.a(SPIS.o)
                0x000008a8                SPIS_Enable
 .text.SPIS_Start
                0x000008c4       0x20 .\CortexM0\ARM_GCC_493\Debug\PSoC4Master.a(SPIS.o)
                0x000008c4                SPIS_Start
 .text.SPIS_SetCustomInterruptHandler
                0x000008e4        0xc .\CortexM0\ARM_GCC_493\Debug\PSoC4Master.a(SPIS.o)
                0x000008e4                SPIS_SetCustomInterruptHandler
 .text.SPIS_SpiUartReadRxData
                0x000008f0        0xc .\CortexM0\ARM_GCC_493\Debug\PSoC4Master.a(SPIS_SPI_UART.o)
                0x000008f0                SPIS_SpiUartReadRxData
 .text.SPIS_SpiUartGetRxBufferSize
                0x000008fc       0x10 .\CortexM0\ARM_GCC_493\Debug\PSoC4Master.a(SPIS_SPI_UART.o)
                0x000008fc                SPIS_SpiUartGetRxBufferSize
 .text.SPIS_SpiUartClearRxBuffer
                0x0000090c       0x20 .\CortexM0\ARM_GCC_493\Debug\PSoC4Master.a(SPIS_SPI_UART.o)
                0x0000090c                SPIS_SpiUartClearRxBuffer
 .text.SPIS_SpiUartWriteTxData
                0x0000092c       0x1c .\CortexM0\ARM_GCC_493\Debug\PSoC4Master.a(SPIS_SPI_UART.o)
                0x0000092c                SPIS_SpiUartWriteTxData
 .text.SPIS_SpiUartPutArray
                0x00000948       0x1c .\CortexM0\ARM_GCC_493\Debug\PSoC4Master.a(SPIS_SPI_UART.o)
                0x00000948                SPIS_SpiUartPutArray
 .text.SPIS_SpiUartClearTxBuffer
                0x00000964       0x20 .\CortexM0\ARM_GCC_493\Debug\PSoC4Master.a(SPIS_SPI_UART.o)
                0x00000964                SPIS_SpiUartClearTxBuffer
 .text.SPIS_SpiInit
                0x00000984       0x94 .\CortexM0\ARM_GCC_493\Debug\PSoC4Master.a(SPIS_SPI.o)
                0x00000984                SPIS_SpiInit
 .text.SPIS_SpiPostEnable
                0x00000a18        0x4 .\CortexM0\ARM_GCC_493\Debug\PSoC4Master.a(SPIS_SPI.o)
                0x00000a18                SPIS_SpiPostEnable
 .text.CyIntEnable
                0x00000a1c       0x14 .\CortexM0\ARM_GCC_493\Debug\PSoC4Master.a(CyLib.o)
                0x00000a1c                CyIntEnable
 .text.CyIntDisable
                0x00000a30       0x14 .\CortexM0\ARM_GCC_493\Debug\PSoC4Master.a(CyLib.o)
                0x00000a30                CyIntDisable
 .text.CyHalt   0x00000a44        0x4 .\CortexM0\ARM_GCC_493\Debug\PSoC4Master.a(CyLib.o)
                0x00000a44                CyHalt
 .text.CyIntSetVector
                0x00000a48       0x24 .\CortexM0\ARM_GCC_493\Debug\PSoC4Master.a(CyLib.o)
                0x00000a48                CyIntSetVector
 .text.CyIntSetPriority
                0x00000a6c       0x4c .\CortexM0\ARM_GCC_493\Debug\PSoC4Master.a(CyLib.o)
                0x00000a6c                CyIntSetPriority
 .text.CyDelay  0x00000ab8       0x30 .\CortexM0\ARM_GCC_493\Debug\PSoC4Master.a(CyLib.o)
                0x00000ab8                CyDelay
 .text.CyDelayUs
                0x00000ae8       0x14 .\CortexM0\ARM_GCC_493\Debug\PSoC4Master.a(CyLib.o)
                0x00000ae8                CyDelayUs
 .text.CySysClkWriteImoFreq
                0x00000afc      0x164 .\CortexM0\ARM_GCC_493\Debug\PSoC4Master.a(CyLib.o)
                0x00000afc                CySysClkWriteImoFreq
 .text.CySysWdtLocked
                0x00000c60       0x14 .\CortexM0\ARM_GCC_493\Debug\PSoC4Master.a(CyLFClk.o)
 .text.CySysWdtLock
                0x00000c74       0x1c .\CortexM0\ARM_GCC_493\Debug\PSoC4Master.a(CyLFClk.o)
                0x00000c74                CySysWdtLock
 .text.CySysWdtUnlock
                0x00000c90       0x30 .\CortexM0\ARM_GCC_493\Debug\PSoC4Master.a(CyLFClk.o)
                0x00000c90                CySysWdtUnlock
 .text.CySysWdtClearInterrupt
                0x00000cc0       0x4c .\CortexM0\ARM_GCC_493\Debug\PSoC4Master.a(CyLFClk.o)
                0x00000cc0                CySysWdtClearInterrupt
 .text.CySysWdtIsr
                0x00000d0c       0xa4 .\CortexM0\ARM_GCC_493\Debug\PSoC4Master.a(CyLFClk.o)
                0x00000d0c                CySysWdtIsr
 .text.LED_RED_Write
                0x00000db0       0x18 .\CortexM0\ARM_GCC_493\Debug\PSoC4Master.a(LED_RED.o)
                0x00000db0                LED_RED_Write
 .text.LED_GREEN_Write
                0x00000dc8       0x18 .\CortexM0\ARM_GCC_493\Debug\PSoC4Master.a(LED_GREEN.o)
                0x00000dc8                LED_GREEN_Write
 .text.LED_BLUE_Write
                0x00000de0       0x18 .\CortexM0\ARM_GCC_493\Debug\PSoC4Master.a(LED_BLUE.o)
                0x00000de0                LED_BLUE_Write
 .text.I2CM_ScbEnableIntr
                0x00000df8        0xc .\CortexM0\ARM_GCC_493\Debug\PSoC4Master.a(I2CM.o)
 .text.I2CM_Init
                0x00000e04        0x8 .\CortexM0\ARM_GCC_493\Debug\PSoC4Master.a(I2CM.o)
                0x00000e04                I2CM_Init
 .text.I2CM_Enable
                0x00000e0c       0x18 .\CortexM0\ARM_GCC_493\Debug\PSoC4Master.a(I2CM.o)
                0x00000e0c                I2CM_Enable
 .text.I2CM_Start
                0x00000e24       0x20 .\CortexM0\ARM_GCC_493\Debug\PSoC4Master.a(I2CM.o)
                0x00000e24                I2CM_Start
 .text.I2CM_I2CSlaveNackGeneration
                0x00000e44       0x3c .\CortexM0\ARM_GCC_493\Debug\PSoC4Master.a(I2CM.o)
                0x00000e44                I2CM_I2CSlaveNackGeneration
 .text.I2CM_I2CInit
                0x00000e80       0xf4 .\CortexM0\ARM_GCC_493\Debug\PSoC4Master.a(I2CM_I2C.o)
                0x00000e80                I2CM_I2CInit
 .text.I2CM_I2CMasterGetReadBufSize
                0x00000f74        0xc .\CortexM0\ARM_GCC_493\Debug\PSoC4Master.a(I2CM_I2C_MASTER.o)
                0x00000f74                I2CM_I2CMasterGetReadBufSize
 .text.I2CM_I2CMasterGetWriteBufSize
                0x00000f80        0xc .\CortexM0\ARM_GCC_493\Debug\PSoC4Master.a(I2CM_I2C_MASTER.o)
                0x00000f80                I2CM_I2CMasterGetWriteBufSize
 .text.I2CM_I2CMasterStatus
                0x00000f8c       0x30 .\CortexM0\ARM_GCC_493\Debug\PSoC4Master.a(I2CM_I2C_MASTER.o)
                0x00000f8c                I2CM_I2CMasterStatus
 .text.I2CM_I2CMasterClearStatus
                0x00000fbc       0x20 .\CortexM0\ARM_GCC_493\Debug\PSoC4Master.a(I2CM_I2C_MASTER.o)
                0x00000fbc                I2CM_I2CMasterClearStatus
 .text.I2CM_I2CReStartGeneration
                0x00000fdc       0x90 .\CortexM0\ARM_GCC_493\Debug\PSoC4Master.a(I2CM_I2C_MASTER.o)
                0x00000fdc                I2CM_I2CReStartGeneration
 .text.I2CM_I2CMasterWriteBuf
                0x0000106c       0xec .\CortexM0\ARM_GCC_493\Debug\PSoC4Master.a(I2CM_I2C_MASTER.o)
                0x0000106c                I2CM_I2CMasterWriteBuf
 .text.I2CM_I2CMasterReadBuf
                0x00001158       0xfc .\CortexM0\ARM_GCC_493\Debug\PSoC4Master.a(I2CM_I2C_MASTER.o)
                0x00001158                I2CM_I2CMasterReadBuf
 .text.I2CM_I2CSlaveClearWriteStatus
                0x00001254       0x28 .\CortexM0\ARM_GCC_493\Debug\PSoC4Master.a(I2CM_I2C_SLAVE.o)
                0x00001254                I2CM_I2CSlaveClearWriteStatus
 .text.I2CM_I2CSlaveInitWriteBuf
                0x0000127c       0x34 .\CortexM0\ARM_GCC_493\Debug\PSoC4Master.a(I2CM_I2C_SLAVE.o)
                0x0000127c                I2CM_I2CSlaveInitWriteBuf
 .text.I2CM_I2CSlaveClearWriteBuf
                0x000012b0        0xc .\CortexM0\ARM_GCC_493\Debug\PSoC4Master.a(I2CM_I2C_SLAVE.o)
                0x000012b0                I2CM_I2CSlaveClearWriteBuf
 .text.I2CM_sda_SetDriveMode
                0x000012bc       0x14 .\CortexM0\ARM_GCC_493\Debug\PSoC4Master.a(I2CM_sda.o)
                0x000012bc                I2CM_sda_SetDriveMode
 .text.I2CM_sda_Read
                0x000012d0       0x10 .\CortexM0\ARM_GCC_493\Debug\PSoC4Master.a(I2CM_sda.o)
                0x000012d0                I2CM_sda_Read
 .text.I2CM_scl_SetDriveMode
                0x000012e0       0x14 .\CortexM0\ARM_GCC_493\Debug\PSoC4Master.a(I2CM_scl.o)
                0x000012e0                I2CM_scl_SetDriveMode
 .text.I2CM_scl_Write
                0x000012f4       0x18 .\CortexM0\ARM_GCC_493\Debug\PSoC4Master.a(I2CM_scl.o)
                0x000012f4                I2CM_scl_Write
 .text.I2CM_scl_Read
                0x0000130c       0x10 .\CortexM0\ARM_GCC_493\Debug\PSoC4Master.a(I2CM_scl.o)
                0x0000130c                I2CM_scl_Read
 .text.SPIS_SPI_UART_ISR
                0x0000131c       0x14 .\CortexM0\ARM_GCC_493\Debug\PSoC4Master.a(SPIS_SPI_UART_INT.o)
                0x0000131c                SPIS_SPI_UART_ISR
 .text          0x00001330       0x28 .\CortexM0\ARM_GCC_493\Debug\PSoC4Master.a(CyBootAsmGnu.o)
                0x00001330                CyDelayCycles
                0x00001344                CyEnterCriticalSection
                0x0000134c                CyExitCriticalSection
 .text.I2CM_I2C_ISR
                0x00001358      0x7bc .\CortexM0\ARM_GCC_493\Debug\PSoC4Master.a(I2CM_I2C_INT.o)
                0x00001358                I2CM_I2C_ISR
 .text.__errno  0x00001b14        0xc c:/program files (x86)/cypress/psoc creator/3.3/psoc creator/import/gnu/arm/4.9.3/bin/../lib/gcc/arm-none-eabi/4.9.3/../../../../arm-none-eabi/lib/armv6-m\libg_nano.a(lib_a-errno.o)
                0x00001b14                __errno
 .text.__libc_init_array
                0x00001b20       0x4c c:/program files (x86)/cypress/psoc creator/3.3/psoc creator/import/gnu/arm/4.9.3/bin/../lib/gcc/arm-none-eabi/4.9.3/../../../../arm-none-eabi/lib/armv6-m\libg_nano.a(lib_a-init.o)
                0x00001b20                __libc_init_array
 .text.malloc   0x00001b6c       0x14 c:/program files (x86)/cypress/psoc creator/3.3/psoc creator/import/gnu/arm/4.9.3/bin/../lib/gcc/arm-none-eabi/4.9.3/../../../../arm-none-eabi/lib/armv6-m\libg_nano.a(lib_a-malloc.o)
                0x00001b6c                malloc
 .text.free     0x00001b80       0x14 c:/program files (x86)/cypress/psoc creator/3.3/psoc creator/import/gnu/arm/4.9.3/bin/../lib/gcc/arm-none-eabi/4.9.3/../../../../arm-none-eabi/lib/armv6-m\libg_nano.a(lib_a-malloc.o)
                0x00001b80                free
 .text.memset   0x00001b94       0x10 c:/program files (x86)/cypress/psoc creator/3.3/psoc creator/import/gnu/arm/4.9.3/bin/../lib/gcc/arm-none-eabi/4.9.3/../../../../arm-none-eabi/lib/armv6-m\libg_nano.a(lib_a-memset.o)
                0x00001b94                memset
 .text._free_r  0x00001ba4       0x8c c:/program files (x86)/cypress/psoc creator/3.3/psoc creator/import/gnu/arm/4.9.3/bin/../lib/gcc/arm-none-eabi/4.9.3/../../../../arm-none-eabi/lib/armv6-m\libg_nano.a(lib_a-nano-freer.o)
                0x00001ba4                _free_r
 .text._malloc_r
                0x00001c30       0xb0 c:/program files (x86)/cypress/psoc creator/3.3/psoc creator/import/gnu/arm/4.9.3/bin/../lib/gcc/arm-none-eabi/4.9.3/../../../../arm-none-eabi/lib/armv6-m\libg_nano.a(lib_a-nano-mallocr.o)
                0x00001c30                _malloc_r
 .text._sbrk_r  0x00001ce0       0x24 c:/program files (x86)/cypress/psoc creator/3.3/psoc creator/import/gnu/arm/4.9.3/bin/../lib/gcc/arm-none-eabi/4.9.3/../../../../arm-none-eabi/lib/armv6-m\libg_nano.a(lib_a-sbrkr.o)
                0x00001ce0                _sbrk_r
 *(.plt)
 *(.gnu.warning)
 *(.glue_7t)
 .glue_7t       0x00000000        0x0 linker stubs
 *(.glue_7)
 .glue_7        0x00000000        0x0 linker stubs
 *(.vfp11_veneer)
 .vfp11_veneer  0x00000000        0x0 linker stubs
 *(.bootloader)
 *(.ARM.extab* .gnu.linkonce.armextab.*)
 *(.gcc_except_table)

.v4_bx          0x00001d04        0x0
 .v4_bx         0x00000000        0x0 linker stubs

.iplt           0x00001d04        0x0
 .iplt          0x00000000        0x0 c:/program files (x86)/cypress/psoc creator/3.3/psoc creator/import/gnu/arm/4.9.3/bin/../lib/gcc/arm-none-eabi/4.9.3/armv6-m/crtbegin.o

.eh_frame_hdr
 *(.eh_frame_hdr)

.eh_frame       0x00001d04        0x4
 *(.eh_frame)
 .eh_frame      0x00001d04        0x0 c:/program files (x86)/cypress/psoc creator/3.3/psoc creator/import/gnu/arm/4.9.3/bin/../lib/gcc/arm-none-eabi/4.9.3/armv6-m/crtbegin.o
 .eh_frame      0x00001d04        0x4 c:/program files (x86)/cypress/psoc creator/3.3/psoc creator/import/gnu/arm/4.9.3/bin/../lib/gcc/arm-none-eabi/4.9.3/armv6-m/crtend.o
                0x00001d08                PROVIDE (__exidx_start, .)

.ARM.exidx
 *(.ARM.exidx* .gnu.linkonce.armexidx.*)
                0x00001d08                __exidx_end = .

.rodata         0x00001d08      0x2e0
 *(.rodata .rodata.* .gnu.linkonce.r.*)
 .rodata        0x00001d08      0x268 .\CortexM0\ARM_GCC_493\Debug\handler.o
 .rodata        0x00001f70        0xc .\CortexM0\ARM_GCC_493\Debug\PSoC4Master.a(cyfitter_cfg.o)
 .rodata        0x00001f7c       0x30 .\CortexM0\ARM_GCC_493\Debug\PSoC4Master.a(CyLib.o)
                0x00001f7c                cyImoFreqMhz2Reg
 .rodata.str1.1
                0x00001fac        0x2 c:/program files (x86)/cypress/psoc creator/3.3/psoc creator/import/gnu/arm/4.9.3/bin/../lib/gcc/arm-none-eabi/4.9.3/../../../../arm-none-eabi/lib/armv6-m\libg_nano.a(lib_a-impure.o)
                0x00001fb0                . = ALIGN (0x4)
 *fill*         0x00001fae        0x2 
 *(.init)
 .init          0x00001fb0        0x4 c:/program files (x86)/cypress/psoc creator/3.3/psoc creator/import/gnu/arm/4.9.3/bin/../lib/gcc/arm-none-eabi/4.9.3/armv6-m/crti.o
                0x00001fb0                _init
 .init          0x00001fb4        0x8 c:/program files (x86)/cypress/psoc creator/3.3/psoc creator/import/gnu/arm/4.9.3/bin/../lib/gcc/arm-none-eabi/4.9.3/armv6-m/crtn.o
                0x00001fbc                . = ALIGN (0x4)
                0x00001fbc                __preinit_array_start = .
 *(.preinit_array)
                0x00001fbc                __preinit_array_end = .
                0x00001fbc                . = ALIGN (0x4)
                0x00001fbc                __init_array_start = .
 *(SORT(.init_array.*))
 *(.init_array)
 .init_array    0x00001fbc        0x4 c:/program files (x86)/cypress/psoc creator/3.3/psoc creator/import/gnu/arm/4.9.3/bin/../lib/gcc/arm-none-eabi/4.9.3/armv6-m/crtbegin.o
 .init_array    0x00001fc0        0x4 .\CortexM0\ARM_GCC_493\Debug\Cm0Start.o
                0x00001fc4                __init_array_end = .
                0x00001fc4                . = ALIGN (0x4)
 *(.fini)
 .fini          0x00001fc4        0x4 c:/program files (x86)/cypress/psoc creator/3.3/psoc creator/import/gnu/arm/4.9.3/bin/../lib/gcc/arm-none-eabi/4.9.3/armv6-m/crti.o
                0x00001fc4                _fini
 .fini          0x00001fc8        0x8 c:/program files (x86)/cypress/psoc creator/3.3/psoc creator/import/gnu/arm/4.9.3/bin/../lib/gcc/arm-none-eabi/4.9.3/armv6-m/crtn.o
                0x00001fd0                . = ALIGN (0x4)
                0x00001fd0                __fini_array_start = .
 *(.fini_array)
 .fini_array    0x00001fd0        0x4 c:/program files (x86)/cypress/psoc creator/3.3/psoc creator/import/gnu/arm/4.9.3/bin/../lib/gcc/arm-none-eabi/4.9.3/armv6-m/crtbegin.o
 *(SORT(.fini_array.*))
                0x00001fd4                __fini_array_end = .
                0x00001fd4                . = ALIGN (0x4)
 *crtbegin.o(.ctors)
 *(EXCLUDE_FILE(*crtend.o) .ctors)
 *(SORT(.ctors.*))
 *crtend.o(.ctors)
                0x00001fd4                . = ALIGN (0x4)
 *crtbegin.o(.dtors)
 *(EXCLUDE_FILE(*crtend.o) .dtors)
 *(SORT(.dtors.*))
 *crtend.o(.dtors)
                0x00001fd4                . = ALIGN (0x4)
                0x00001fd4                __cy_regions = .
                0x00001fd4        0x4 LONG 0x1fe8 __cy_region_init_ram
                0x00001fd8        0x4 LONG 0x200000c8 __cy_region_start_data
                0x00001fdc        0x4 LONG 0x80 __cy_region_init_size_ram
                0x00001fe0        0x4 LONG 0xb8 __cy_region_zero_size_ram
                0x00001fe4                __cy_regions_end = .
                0x00001fe8                . = ALIGN (0x8)
 *fill*         0x00001fe4        0x4 
                0x00001fe8                _etext = .

.cy_checksum_exclude
                0x00001fe8        0x0
 *(.cy_checksum_exclude)

.ramvectors     0x20000000       0xc0
                0x20000000                __cy_region_start_ram = .
 *(.ramvectors)
 .ramvectors    0x20000000       0xc0 .\CortexM0\ARM_GCC_493\Debug\Cm0Start.o
                0x20000000                CyRamVectors

.noinit         0x200000c0        0x4
 *(.noinit)
 .noinit        0x200000c0        0x4 .\CortexM0\ARM_GCC_493\Debug\Cm0Start.o

.data           0x200000c8       0x80 load address 0x00001fe8
                0x200000c8                __cy_region_start_data = .
 *(.jcr)
 .jcr           0x200000c8        0x0 c:/program files (x86)/cypress/psoc creator/3.3/psoc creator/import/gnu/arm/4.9.3/bin/../lib/gcc/arm-none-eabi/4.9.3/armv6-m/crtbegin.o
 .jcr           0x200000c8        0x4 c:/program files (x86)/cypress/psoc creator/3.3/psoc creator/import/gnu/arm/4.9.3/bin/../lib/gcc/arm-none-eabi/4.9.3/armv6-m/crtend.o
 *(.got.plt)
 *(.got)
 *(.shdata)
 *(.data .data.* .gnu.linkonce.d.*)
 .data          0x200000cc        0x4 .\CortexM0\ARM_GCC_493\Debug\Cm0Start.o
 .data          0x200000d0       0x10 .\CortexM0\ARM_GCC_493\Debug\PSoC4Master.a(CyLib.o)
                0x200000d0                cydelay32kMs
                0x200000d4                cydelayFreqKhz
                0x200000d8                cydelayFreqMhz
                0x200000dc                cydelayFreqHz
 .data          0x200000e0        0x4 .\CortexM0\ARM_GCC_493\Debug\PSoC4Master.a(CyLFClk.o)
 .data.impure_data
                0x200000e4       0x60 c:/program files (x86)/cypress/psoc creator/3.3/psoc creator/import/gnu/arm/4.9.3/bin/../lib/gcc/arm-none-eabi/4.9.3/../../../../arm-none-eabi/lib/armv6-m\libg_nano.a(lib_a-impure.o)
 .data._impure_ptr
                0x20000144        0x4 c:/program files (x86)/cypress/psoc creator/3.3/psoc creator/import/gnu/arm/4.9.3/bin/../lib/gcc/arm-none-eabi/4.9.3/../../../../arm-none-eabi/lib/armv6-m\libg_nano.a(lib_a-impure.o)
                0x20000144                _impure_ptr
                0x20000148                . = ALIGN (0x8)
 *(.ram)
                0x20000148                _edata = .

.igot.plt       0x20000148        0x0 load address 0x00002068
 .igot.plt      0x00000000        0x0 c:/program files (x86)/cypress/psoc creator/3.3/psoc creator/import/gnu/arm/4.9.3/bin/../lib/gcc/arm-none-eabi/4.9.3/armv6-m/crtbegin.o

.bss            0x20000148       0xb8 load address 0x00002068
                0x20000148                PROVIDE (__bss_start__, .)
 *(.shbss)
 *(.bss .bss.* .gnu.linkonce.b.*)
 .bss           0x20000148       0x1c c:/program files (x86)/cypress/psoc creator/3.3/psoc creator/import/gnu/arm/4.9.3/bin/../lib/gcc/arm-none-eabi/4.9.3/armv6-m/crtbegin.o
 .bss           0x20000164        0x6 .\CortexM0\ARM_GCC_493\Debug\handler.o
                0x20000164                xPos
                0x20000165                yPos
                0x20000166                zPos
                0x20000167                xMax
                0x20000168                yMax
                0x20000169                zMax
 *fill*         0x2000016a        0x2 
 .bss           0x2000016c        0x8 .\CortexM0\ARM_GCC_493\Debug\PSoC4Master.a(SPIS.o)
                0x2000016c                SPIS_initVar
                0x20000170                SPIS_customIntrHandler
 .bss           0x20000174       0x1c .\CortexM0\ARM_GCC_493\Debug\PSoC4Master.a(CyLFClk.o)
 .bss           0x20000190        0x8 .\CortexM0\ARM_GCC_493\Debug\PSoC4Master.a(I2CM.o)
                0x20000190                I2CM_initVar
                0x20000194                I2CM_customIntrHandler
 .bss.__malloc_sbrk_start
                0x20000198        0x4 c:/program files (x86)/cypress/psoc creator/3.3/psoc creator/import/gnu/arm/4.9.3/bin/../lib/gcc/arm-none-eabi/4.9.3/../../../../arm-none-eabi/lib/armv6-m\libg_nano.a(lib_a-nano-mallocr.o)
                0x20000198                __malloc_sbrk_start
 .bss.__malloc_free_list
                0x2000019c        0x4 c:/program files (x86)/cypress/psoc creator/3.3/psoc creator/import/gnu/arm/4.9.3/bin/../lib/gcc/arm-none-eabi/4.9.3/../../../../arm-none-eabi/lib/armv6-m\libg_nano.a(lib_a-nano-mallocr.o)
                0x2000019c                __malloc_free_list
 *(COMMON)
 COMMON         0x200001a0        0x8 .\CortexM0\ARM_GCC_493\Debug\main.o
                0x200001a0                frontOfQueuePtr
                0x200001a4                backOfQueuePtr
 COMMON         0x200001a8        0x4 .\CortexM0\ARM_GCC_493\Debug\i2c.o
                0x200001a8                i2c_slaveBuffer
 COMMON         0x200001ac        0x1 .\CortexM0\ARM_GCC_493\Debug\queue.o
                0x200001ac                queueCount
 COMMON         0x200001ad        0x1 .\CortexM0\ARM_GCC_493\Debug\PSoC4Master.a(I2CM_I2C.o)
                0x200001ad                I2CM_state
 *fill*         0x200001ae        0x2 
 COMMON         0x200001b0       0x24 .\CortexM0\ARM_GCC_493\Debug\PSoC4Master.a(I2CM_I2C_MASTER.o)
                0x200001b0                I2CM_mstrRdBufPtr
                0x200001b4                I2CM_mstrWrBufPtr
                0x200001b8                I2CM_mstrRdBufIndex
                0x200001bc                I2CM_mstrStatus
                0x200001c0                I2CM_mstrWrBufIndex
                0x200001c4                I2CM_mstrControl
                0x200001c8                I2CM_mstrWrBufIndexTmp
                0x200001cc                I2CM_mstrRdBufSize
                0x200001d0                I2CM_mstrWrBufSize
 COMMON         0x200001d4       0x21 .\CortexM0\ARM_GCC_493\Debug\PSoC4Master.a(I2CM_I2C_SLAVE.o)
                0x200001d4                I2CM_slRdBufIndex
                0x200001d8                I2CM_slStatus
                0x200001dc                I2CM_slWrBufIndex
                0x200001e0                I2CM_slRdBufSize
                0x200001e4                I2CM_slRdBufPtr
                0x200001e8                I2CM_slRdBufIndexTmp
                0x200001ec                I2CM_slWrBufSize
                0x200001f0                I2CM_slWrBufPtr
                0x200001f4                I2CM_slOverFlowCount
 *fill*         0x200001f5        0x3 
 COMMON         0x200001f8        0x4 c:/program files (x86)/cypress/psoc creator/3.3/psoc creator/import/gnu/arm/4.9.3/bin/../lib/gcc/arm-none-eabi/4.9.3/../../../../arm-none-eabi/lib/armv6-m\libg_nano.a(lib_a-reent.o)
                0x200001f8                errno
                0x20000200                . = ALIGN (0x8)
 *fill*         0x200001fc        0x4 
 *(.ram.b)
                0x20000200                _end = .
                0x20000200                __end = .
                0x20000200                PROVIDE (end, .)
                0x20000200                PROVIDE (__bss_end__, .)
                0x00001fe8                __cy_region_init_ram = LOADADDR (.data)
                0x00000080                __cy_region_init_size_ram = (_edata - ADDR (.data))
                0x000000b8                __cy_region_zero_size_ram = (_end - _edata)

.heap           0x20000200       0x80 load address 0x00002068
                0x20000200                . = _end
                0x20000280                . = (. + 0x80)
 *fill*         0x20000200       0x80 
                0x20000280                __cy_heap_limit = .

.stack          0x20000c00      0x400
                0x20000c00                __cy_stack_limit = .
                0x20001000                . = (. + 0x400)
 *fill*         0x20000c00      0x400 
                0x00000001                ASSERT ((__cy_stack_limit >= __cy_heap_limit), region RAM overflowed with stack)
                0x00000000                cy_checksum_exclude_size = (CY_APPL_LOADABLE == 0x1)?SIZEOF (.cy_checksum_exclude):0x0
                0x00000001                ASSERT ((cy_checksum_exclude_size <= CY_CHECKSUM_EXCLUDE_SIZE), CY_BOOT: Section .cy_checksum_exclude size exceedes specified limit.)
                0x00007fc0                cyloadermeta_start = (cy_project_type_bootloader || cy_project_type_app_for_stack_and_copier)?(0x8000 - CY_METADATA_SIZE):0xf0000000

.cyloadermeta
 *(.cyloadermeta)
                0x00007fc0                cyloadablemeta_start = cy_project_type_app_for_stack_and_copier?((0x8000 - CY_FLASH_ROW_SIZE) - CY_METADATA_SIZE):((0x8000 - (CY_FLASH_ROW_SIZE * (CY_APPL_NUM - 0x1))) - CY_METADATA_SIZE)

.cyloadablemeta
 *(.cyloadablemeta)

.cyflashprotect
                0x90400000       0x20
 *(.cyflashprotect)
 .cyflashprotect
                0x90400000       0x20 .\CortexM0\ARM_GCC_493\Debug\cymetadata.o
                0x90400000                cy_meta_flashprotect

.cymeta         0x90500000        0xc
 *(.cymeta)
 .cymeta        0x90500000        0xc .\CortexM0\ARM_GCC_493\Debug\cymetadata.o
                0x90500000                cy_metadata

.cychipprotect  0x90600000        0x4
 *(.cychipprotect)
 .cychipprotect
                0x90600000        0x4 .\CortexM0\ARM_GCC_493\Debug\cymetadata.o
                0x90600000                cy_meta_chipprotect

.rel.dyn        0x00002068        0x0 load address 0x90600004
 .rel.iplt      0x00000000        0x0 c:/program files (x86)/cypress/psoc creator/3.3/psoc creator/import/gnu/arm/4.9.3/bin/../lib/gcc/arm-none-eabi/4.9.3/armv6-m/crtbegin.o

.stab
 *(.stab)

.stabstr
 *(.stabstr)

.debug
 *(.debug)

.line
 *(.line)

.debug_srcinfo
 *(.debug_srcinfo)

.debug_sfnames
 *(.debug_sfnames)

.debug_aranges  0x00000000      0x8d0
 *(.debug_aranges)
 .debug_aranges
                0x00000000       0x20 .\CortexM0\ARM_GCC_493\Debug\main.o
 .debug_aranges
                0x00000020       0x40 .\CortexM0\ARM_GCC_493\Debug\spi.o
 .debug_aranges
                0x00000060       0x38 .\CortexM0\ARM_GCC_493\Debug\i2c.o
 .debug_aranges
                0x00000098       0x28 .\CortexM0\ARM_GCC_493\Debug\led.o
 .debug_aranges
                0x000000c0       0x58 .\CortexM0\ARM_GCC_493\Debug\queue.o
 .debug_aranges
                0x00000118       0x20 .\CortexM0\ARM_GCC_493\Debug\handler.o
 .debug_aranges
                0x00000138       0x20 .\CortexM0\ARM_GCC_493\Debug\test.o
 .debug_aranges
                0x00000158       0x18 .\CortexM0\ARM_GCC_493\Debug\cymetadata.o
 .debug_aranges
                0x00000170       0x48 .\CortexM0\ARM_GCC_493\Debug\Cm0Start.o
 .debug_aranges
                0x000001b8       0x30 .\CortexM0\ARM_GCC_493\Debug\PSoC4Master.a(cyfitter_cfg.o)
 .debug_aranges
                0x000001e8       0x70 .\CortexM0\ARM_GCC_493\Debug\PSoC4Master.a(SPIS.o)
 .debug_aranges
                0x00000258       0x60 .\CortexM0\ARM_GCC_493\Debug\PSoC4Master.a(SPIS_SPI_UART.o)
 .debug_aranges
                0x000002b8       0x30 .\CortexM0\ARM_GCC_493\Debug\PSoC4Master.a(SPIS_SPI.o)
 .debug_aranges
                0x000002e8      0x178 .\CortexM0\ARM_GCC_493\Debug\PSoC4Master.a(CyLib.o)
 .debug_aranges
                0x00000460      0x120 .\CortexM0\ARM_GCC_493\Debug\PSoC4Master.a(CyLFClk.o)
 .debug_aranges
                0x00000580       0x48 .\CortexM0\ARM_GCC_493\Debug\PSoC4Master.a(LED_RED.o)
 .debug_aranges
                0x000005c8       0x48 .\CortexM0\ARM_GCC_493\Debug\PSoC4Master.a(LED_GREEN.o)
 .debug_aranges
                0x00000610       0x48 .\CortexM0\ARM_GCC_493\Debug\PSoC4Master.a(LED_BLUE.o)
 .debug_aranges
                0x00000658       0x68 .\CortexM0\ARM_GCC_493\Debug\PSoC4Master.a(I2CM.o)
 .debug_aranges
                0x000006c0       0x28 .\CortexM0\ARM_GCC_493\Debug\PSoC4Master.a(I2CM_I2C.o)
 .debug_aranges
                0x000006e8       0x88 .\CortexM0\ARM_GCC_493\Debug\PSoC4Master.a(I2CM_I2C_MASTER.o)
 .debug_aranges
                0x00000770       0x70 .\CortexM0\ARM_GCC_493\Debug\PSoC4Master.a(I2CM_I2C_SLAVE.o)
 .debug_aranges
                0x000007e0       0x48 .\CortexM0\ARM_GCC_493\Debug\PSoC4Master.a(I2CM_sda.o)
 .debug_aranges
                0x00000828       0x48 .\CortexM0\ARM_GCC_493\Debug\PSoC4Master.a(I2CM_scl.o)
 .debug_aranges
                0x00000870       0x20 .\CortexM0\ARM_GCC_493\Debug\PSoC4Master.a(SPIS_SPI_UART_INT.o)
 .debug_aranges
                0x00000890       0x20 .\CortexM0\ARM_GCC_493\Debug\PSoC4Master.a(CyBootAsmGnu.o)
 .debug_aranges
                0x000008b0       0x20 .\CortexM0\ARM_GCC_493\Debug\PSoC4Master.a(I2CM_I2C_INT.o)

.debug_pubnames
 *(.debug_pubnames)

.debug_info     0x00000000     0x5931
 *(.debug_info .gnu.linkonce.wi.*)
 .debug_info    0x00000000      0x320 .\CortexM0\ARM_GCC_493\Debug\main.o
 .debug_info    0x00000320      0x410 .\CortexM0\ARM_GCC_493\Debug\spi.o
 .debug_info    0x00000730      0x59c .\CortexM0\ARM_GCC_493\Debug\i2c.o
 .debug_info    0x00000ccc      0x30f .\CortexM0\ARM_GCC_493\Debug\led.o
 .debug_info    0x00000fdb      0x309 .\CortexM0\ARM_GCC_493\Debug\queue.o
 .debug_info    0x000012e4      0x677 .\CortexM0\ARM_GCC_493\Debug\handler.o
 .debug_info    0x0000195b      0x18f .\CortexM0\ARM_GCC_493\Debug\test.o
 .debug_info    0x00001aea       0xfe .\CortexM0\ARM_GCC_493\Debug\cymetadata.o
 .debug_info    0x00001be8      0x38e .\CortexM0\ARM_GCC_493\Debug\Cm0Start.o
 .debug_info    0x00001f76      0x293 .\CortexM0\ARM_GCC_493\Debug\PSoC4Master.a(cyfitter_cfg.o)
 .debug_info    0x00002209      0x2d9 .\CortexM0\ARM_GCC_493\Debug\PSoC4Master.a(SPIS.o)
 .debug_info    0x000024e2      0x217 .\CortexM0\ARM_GCC_493\Debug\PSoC4Master.a(SPIS_SPI_UART.o)
 .debug_info    0x000026f9      0x174 .\CortexM0\ARM_GCC_493\Debug\PSoC4Master.a(SPIS_SPI.o)
 .debug_info    0x0000286d      0xad1 .\CortexM0\ARM_GCC_493\Debug\PSoC4Master.a(CyLib.o)
 .debug_info    0x0000333e      0xc23 .\CortexM0\ARM_GCC_493\Debug\PSoC4Master.a(CyLFClk.o)
 .debug_info    0x00003f61      0x19d .\CortexM0\ARM_GCC_493\Debug\PSoC4Master.a(LED_RED.o)
 .debug_info    0x000040fe      0x19d .\CortexM0\ARM_GCC_493\Debug\PSoC4Master.a(LED_GREEN.o)
 .debug_info    0x0000429b      0x19d .\CortexM0\ARM_GCC_493\Debug\PSoC4Master.a(LED_BLUE.o)
 .debug_info    0x00004438      0x2a9 .\CortexM0\ARM_GCC_493\Debug\PSoC4Master.a(I2CM.o)
 .debug_info    0x000046e1      0x1d7 .\CortexM0\ARM_GCC_493\Debug\PSoC4Master.a(I2CM_I2C.o)
 .debug_info    0x000048b8      0x685 .\CortexM0\ARM_GCC_493\Debug\PSoC4Master.a(I2CM_I2C_MASTER.o)
 .debug_info    0x00004f3d      0x38b .\CortexM0\ARM_GCC_493\Debug\PSoC4Master.a(I2CM_I2C_SLAVE.o)
 .debug_info    0x000052c8      0x19d .\CortexM0\ARM_GCC_493\Debug\PSoC4Master.a(I2CM_sda.o)
 .debug_info    0x00005465      0x19b .\CortexM0\ARM_GCC_493\Debug\PSoC4Master.a(I2CM_scl.o)
 .debug_info    0x00005600       0xb7 .\CortexM0\ARM_GCC_493\Debug\PSoC4Master.a(SPIS_SPI_UART_INT.o)
 .debug_info    0x000056b7       0x79 .\CortexM0\ARM_GCC_493\Debug\PSoC4Master.a(CyBootAsmGnu.o)
 .debug_info    0x00005730      0x201 .\CortexM0\ARM_GCC_493\Debug\PSoC4Master.a(I2CM_I2C_INT.o)

.debug_abbrev   0x00000000     0x1e15
 *(.debug_abbrev)
 .debug_abbrev  0x00000000      0x11b .\CortexM0\ARM_GCC_493\Debug\main.o
 .debug_abbrev  0x0000011b      0x188 .\CortexM0\ARM_GCC_493\Debug\spi.o
 .debug_abbrev  0x000002a3      0x165 .\CortexM0\ARM_GCC_493\Debug\i2c.o
 .debug_abbrev  0x00000408      0x106 .\CortexM0\ARM_GCC_493\Debug\led.o
 .debug_abbrev  0x0000050e      0x177 .\CortexM0\ARM_GCC_493\Debug\queue.o
 .debug_abbrev  0x00000685      0x110 .\CortexM0\ARM_GCC_493\Debug\handler.o
 .debug_abbrev  0x00000795       0x98 .\CortexM0\ARM_GCC_493\Debug\test.o
 .debug_abbrev  0x0000082d       0x5d .\CortexM0\ARM_GCC_493\Debug\cymetadata.o
 .debug_abbrev  0x0000088a      0x1d5 .\CortexM0\ARM_GCC_493\Debug\Cm0Start.o
 .debug_abbrev  0x00000a5f      0x18c .\CortexM0\ARM_GCC_493\Debug\PSoC4Master.a(cyfitter_cfg.o)
 .debug_abbrev  0x00000beb      0x15b .\CortexM0\ARM_GCC_493\Debug\PSoC4Master.a(SPIS.o)
 .debug_abbrev  0x00000d46      0x169 .\CortexM0\ARM_GCC_493\Debug\PSoC4Master.a(SPIS_SPI_UART.o)
 .debug_abbrev  0x00000eaf       0xe9 .\CortexM0\ARM_GCC_493\Debug\PSoC4Master.a(SPIS_SPI.o)
 .debug_abbrev  0x00000f98      0x20d .\CortexM0\ARM_GCC_493\Debug\PSoC4Master.a(CyLib.o)
 .debug_abbrev  0x000011a5      0x226 .\CortexM0\ARM_GCC_493\Debug\PSoC4Master.a(CyLFClk.o)
 .debug_abbrev  0x000013cb       0xc8 .\CortexM0\ARM_GCC_493\Debug\PSoC4Master.a(LED_RED.o)
 .debug_abbrev  0x00001493       0xc8 .\CortexM0\ARM_GCC_493\Debug\PSoC4Master.a(LED_GREEN.o)
 .debug_abbrev  0x0000155b       0xc8 .\CortexM0\ARM_GCC_493\Debug\PSoC4Master.a(LED_BLUE.o)
 .debug_abbrev  0x00001623      0x15b .\CortexM0\ARM_GCC_493\Debug\PSoC4Master.a(I2CM.o)
 .debug_abbrev  0x0000177e       0xf3 .\CortexM0\ARM_GCC_493\Debug\PSoC4Master.a(I2CM_I2C.o)
 .debug_abbrev  0x00001871      0x17c .\CortexM0\ARM_GCC_493\Debug\PSoC4Master.a(I2CM_I2C_MASTER.o)
 .debug_abbrev  0x000019ed      0x170 .\CortexM0\ARM_GCC_493\Debug\PSoC4Master.a(I2CM_I2C_SLAVE.o)
 .debug_abbrev  0x00001b5d       0xc8 .\CortexM0\ARM_GCC_493\Debug\PSoC4Master.a(I2CM_sda.o)
 .debug_abbrev  0x00001c25       0xc8 .\CortexM0\ARM_GCC_493\Debug\PSoC4Master.a(I2CM_scl.o)
 .debug_abbrev  0x00001ced       0x70 .\CortexM0\ARM_GCC_493\Debug\PSoC4Master.a(SPIS_SPI_UART_INT.o)
 .debug_abbrev  0x00001d5d       0x14 .\CortexM0\ARM_GCC_493\Debug\PSoC4Master.a(CyBootAsmGnu.o)
 .debug_abbrev  0x00001d71       0xa4 .\CortexM0\ARM_GCC_493\Debug\PSoC4Master.a(I2CM_I2C_INT.o)

.debug_line     0x00000000     0x23dd
 *(.debug_line)
 .debug_line    0x00000000       0xa6 .\CortexM0\ARM_GCC_493\Debug\main.o
 .debug_line    0x000000a6      0x100 .\CortexM0\ARM_GCC_493\Debug\spi.o
 .debug_line    0x000001a6      0x123 .\CortexM0\ARM_GCC_493\Debug\i2c.o
 .debug_line    0x000002c9       0xf1 .\CortexM0\ARM_GCC_493\Debug\led.o
 .debug_line    0x000003ba      0x1f9 .\CortexM0\ARM_GCC_493\Debug\queue.o
 .debug_line    0x000005b3       0xee .\CortexM0\ARM_GCC_493\Debug\handler.o
 .debug_line    0x000006a1       0x79 .\CortexM0\ARM_GCC_493\Debug\test.o
 .debug_line    0x0000071a       0x53 .\CortexM0\ARM_GCC_493\Debug\cymetadata.o
 .debug_line    0x0000076d      0x248 .\CortexM0\ARM_GCC_493\Debug\Cm0Start.o
 .debug_line    0x000009b5      0x13d .\CortexM0\ARM_GCC_493\Debug\PSoC4Master.a(cyfitter_cfg.o)
 .debug_line    0x00000af2      0x176 .\CortexM0\ARM_GCC_493\Debug\PSoC4Master.a(SPIS.o)
 .debug_line    0x00000c68      0x133 .\CortexM0\ARM_GCC_493\Debug\PSoC4Master.a(SPIS_SPI_UART.o)
 .debug_line    0x00000d9b       0xbd .\CortexM0\ARM_GCC_493\Debug\PSoC4Master.a(SPIS_SPI.o)
 .debug_line    0x00000e58      0x44b .\CortexM0\ARM_GCC_493\Debug\PSoC4Master.a(CyLib.o)
 .debug_line    0x000012a3      0x3fe .\CortexM0\ARM_GCC_493\Debug\PSoC4Master.a(CyLFClk.o)
 .debug_line    0x000016a1       0xc1 .\CortexM0\ARM_GCC_493\Debug\PSoC4Master.a(LED_RED.o)
 .debug_line    0x00001762       0xc3 .\CortexM0\ARM_GCC_493\Debug\PSoC4Master.a(LED_GREEN.o)
 .debug_line    0x00001825       0xc2 .\CortexM0\ARM_GCC_493\Debug\PSoC4Master.a(LED_BLUE.o)
 .debug_line    0x000018e7      0x15e .\CortexM0\ARM_GCC_493\Debug\PSoC4Master.a(I2CM.o)
 .debug_line    0x00001a45       0xc1 .\CortexM0\ARM_GCC_493\Debug\PSoC4Master.a(I2CM_I2C.o)
 .debug_line    0x00001b06      0x2d5 .\CortexM0\ARM_GCC_493\Debug\PSoC4Master.a(I2CM_I2C_MASTER.o)
 .debug_line    0x00001ddb      0x156 .\CortexM0\ARM_GCC_493\Debug\PSoC4Master.a(I2CM_I2C_SLAVE.o)
 .debug_line    0x00001f31       0xc2 .\CortexM0\ARM_GCC_493\Debug\PSoC4Master.a(I2CM_sda.o)
 .debug_line    0x00001ff3       0xc1 .\CortexM0\ARM_GCC_493\Debug\PSoC4Master.a(I2CM_scl.o)
 .debug_line    0x000020b4       0x96 .\CortexM0\ARM_GCC_493\Debug\PSoC4Master.a(SPIS_SPI_UART_INT.o)
 .debug_line    0x0000214a       0x69 .\CortexM0\ARM_GCC_493\Debug\PSoC4Master.a(CyBootAsmGnu.o)
 .debug_line    0x000021b3      0x22a .\CortexM0\ARM_GCC_493\Debug\PSoC4Master.a(I2CM_I2C_INT.o)

.debug_frame    0x00000000     0x1518
 *(.debug_frame)
 .debug_frame   0x00000000       0x2c .\CortexM0\ARM_GCC_493\Debug\main.o
 .debug_frame   0x0000002c       0x9c .\CortexM0\ARM_GCC_493\Debug\spi.o
 .debug_frame   0x000000c8       0x84 .\CortexM0\ARM_GCC_493\Debug\i2c.o
 .debug_frame   0x0000014c       0x4c .\CortexM0\ARM_GCC_493\Debug\led.o
 .debug_frame   0x00000198       0xe4 .\CortexM0\ARM_GCC_493\Debug\queue.o
 .debug_frame   0x0000027c       0x30 .\CortexM0\ARM_GCC_493\Debug\handler.o
 .debug_frame   0x000002ac       0x20 .\CortexM0\ARM_GCC_493\Debug\test.o
 .debug_frame   0x000002cc       0xb0 .\CortexM0\ARM_GCC_493\Debug\Cm0Start.o
 .debug_frame   0x0000037c       0x68 .\CortexM0\ARM_GCC_493\Debug\PSoC4Master.a(cyfitter_cfg.o)
 .debug_frame   0x000003e4      0x114 .\CortexM0\ARM_GCC_493\Debug\PSoC4Master.a(SPIS.o)
 .debug_frame   0x000004f8       0xb0 .\CortexM0\ARM_GCC_493\Debug\PSoC4Master.a(SPIS_SPI_UART.o)
 .debug_frame   0x000005a8       0x4c .\CortexM0\ARM_GCC_493\Debug\PSoC4Master.a(SPIS_SPI.o)
 .debug_frame   0x000005f4      0x3d0 .\CortexM0\ARM_GCC_493\Debug\PSoC4Master.a(CyLib.o)
 .debug_frame   0x000009c4      0x368 .\CortexM0\ARM_GCC_493\Debug\PSoC4Master.a(CyLFClk.o)
 .debug_frame   0x00000d2c       0x70 .\CortexM0\ARM_GCC_493\Debug\PSoC4Master.a(LED_RED.o)
 .debug_frame   0x00000d9c       0x70 .\CortexM0\ARM_GCC_493\Debug\PSoC4Master.a(LED_GREEN.o)
 .debug_frame   0x00000e0c       0x70 .\CortexM0\ARM_GCC_493\Debug\PSoC4Master.a(LED_BLUE.o)
 .debug_frame   0x00000e7c       0xf8 .\CortexM0\ARM_GCC_493\Debug\PSoC4Master.a(I2CM.o)
 .debug_frame   0x00000f74       0x3c .\CortexM0\ARM_GCC_493\Debug\PSoC4Master.a(I2CM_I2C.o)
 .debug_frame   0x00000fb0      0x178 .\CortexM0\ARM_GCC_493\Debug\PSoC4Master.a(I2CM_I2C_MASTER.o)
 .debug_frame   0x00001128       0xf8 .\CortexM0\ARM_GCC_493\Debug\PSoC4Master.a(I2CM_I2C_SLAVE.o)
 .debug_frame   0x00001220       0x70 .\CortexM0\ARM_GCC_493\Debug\PSoC4Master.a(I2CM_sda.o)
 .debug_frame   0x00001290       0x70 .\CortexM0\ARM_GCC_493\Debug\PSoC4Master.a(I2CM_scl.o)
 .debug_frame   0x00001300       0x2c .\CortexM0\ARM_GCC_493\Debug\PSoC4Master.a(SPIS_SPI_UART_INT.o)
 .debug_frame   0x0000132c       0x2c .\CortexM0\ARM_GCC_493\Debug\PSoC4Master.a(I2CM_I2C_INT.o)
 .debug_frame   0x00001358       0x20 c:/program files (x86)/cypress/psoc creator/3.3/psoc creator/import/gnu/arm/4.9.3/bin/../lib/gcc/arm-none-eabi/4.9.3/armv6-m\libgcc.a(_udivsi3.o)
 .debug_frame   0x00001378       0x20 c:/program files (x86)/cypress/psoc creator/3.3/psoc creator/import/gnu/arm/4.9.3/bin/../lib/gcc/arm-none-eabi/4.9.3/../../../../arm-none-eabi/lib/armv6-m\libg_nano.a(lib_a-errno.o)
 .debug_frame   0x00001398       0x28 c:/program files (x86)/cypress/psoc creator/3.3/psoc creator/import/gnu/arm/4.9.3/bin/../lib/gcc/arm-none-eabi/4.9.3/../../../../arm-none-eabi/lib/armv6-m\libg_nano.a(lib_a-exit.o)
 .debug_frame   0x000013c0       0x2c c:/program files (x86)/cypress/psoc creator/3.3/psoc creator/import/gnu/arm/4.9.3/bin/../lib/gcc/arm-none-eabi/4.9.3/../../../../arm-none-eabi/lib/armv6-m\libg_nano.a(lib_a-init.o)
 .debug_frame   0x000013ec       0x40 c:/program files (x86)/cypress/psoc creator/3.3/psoc creator/import/gnu/arm/4.9.3/bin/../lib/gcc/arm-none-eabi/4.9.3/../../../../arm-none-eabi/lib/armv6-m\libg_nano.a(lib_a-malloc.o)
 .debug_frame   0x0000142c       0x20 c:/program files (x86)/cypress/psoc creator/3.3/psoc creator/import/gnu/arm/4.9.3/bin/../lib/gcc/arm-none-eabi/4.9.3/../../../../arm-none-eabi/lib/armv6-m\libg_nano.a(lib_a-memset.o)
 .debug_frame   0x0000144c       0x2c c:/program files (x86)/cypress/psoc creator/3.3/psoc creator/import/gnu/arm/4.9.3/bin/../lib/gcc/arm-none-eabi/4.9.3/../../../../arm-none-eabi/lib/armv6-m\libg_nano.a(lib_a-nano-freer.o)
 .debug_frame   0x00001478       0x2c c:/program files (x86)/cypress/psoc creator/3.3/psoc creator/import/gnu/arm/4.9.3/bin/../lib/gcc/arm-none-eabi/4.9.3/../../../../arm-none-eabi/lib/armv6-m\libg_nano.a(lib_a-nano-mallocr.o)
 .debug_frame   0x000014a4       0x2c c:/program files (x86)/cypress/psoc creator/3.3/psoc creator/import/gnu/arm/4.9.3/bin/../lib/gcc/arm-none-eabi/4.9.3/../../../../arm-none-eabi/lib/armv6-m\libg_nano.a(lib_a-sbrkr.o)
 .debug_frame   0x000014d0       0x48 c:/program files (x86)/cypress/psoc creator/3.3/psoc creator/import/gnu/arm/4.9.3/bin/../lib/gcc/arm-none-eabi/4.9.3/../../../../arm-none-eabi/lib/armv6-m\libg_nano.a(lib_a-reent.o)

.debug_str      0x00000000     0x1b35
 *(.debug_str)
 .debug_str     0x00000000      0x1e6 .\CortexM0\ARM_GCC_493\Debug\main.o
                                0x224 (size before relaxing)
 .debug_str     0x000001e6      0x11a .\CortexM0\ARM_GCC_493\Debug\spi.o
                                0x2e8 (size before relaxing)
 .debug_str     0x00000300      0x1ce .\CortexM0\ARM_GCC_493\Debug\i2c.o
                                0x3af (size before relaxing)
 .debug_str     0x000004ce       0x57 .\CortexM0\ARM_GCC_493\Debug\led.o
                                0x231 (size before relaxing)
 .debug_str     0x00000525       0x6d .\CortexM0\ARM_GCC_493\Debug\queue.o
                                0x243 (size before relaxing)
 .debug_str     0x00000592       0x1d .\CortexM0\ARM_GCC_493\Debug\handler.o
                                0x1fa (size before relaxing)
 .debug_str     0x000005af        0x9 .\CortexM0\ARM_GCC_493\Debug\test.o
                                0x1c7 (size before relaxing)
 .debug_str     0x000005b8       0x5b .\CortexM0\ARM_GCC_493\Debug\cymetadata.o
                                0x1b7 (size before relaxing)
 .debug_str     0x00000613      0x151 .\CortexM0\ARM_GCC_493\Debug\Cm0Start.o
                                0x2de (size before relaxing)
 .debug_str     0x00000764       0x96 .\CortexM0\ARM_GCC_493\Debug\PSoC4Master.a(cyfitter_cfg.o)
                                0x234 (size before relaxing)
 .debug_str     0x000007fa      0x150 .\CortexM0\ARM_GCC_493\Debug\PSoC4Master.a(SPIS.o)
                                0x2ef (size before relaxing)
 .debug_str     0x0000094a       0xbb .\CortexM0\ARM_GCC_493\Debug\PSoC4Master.a(SPIS_SPI_UART.o)
                                0x2ac (size before relaxing)
 .debug_str     0x00000a05       0x35 .\CortexM0\ARM_GCC_493\Debug\PSoC4Master.a(SPIS_SPI.o)
                                0x1f4 (size before relaxing)
 .debug_str     0x00000a3a      0x479 .\CortexM0\ARM_GCC_493\Debug\PSoC4Master.a(CyLib.o)
                                0x672 (size before relaxing)
 .debug_str     0x00000eb3      0x476 .\CortexM0\ARM_GCC_493\Debug\PSoC4Master.a(CyLFClk.o)
                                0x63c (size before relaxing)
 .debug_str     0x00001329       0xad .\CortexM0\ARM_GCC_493\Debug\PSoC4Master.a(LED_RED.o)
                                0x22d (size before relaxing)
 .debug_str     0x000013d6       0x95 .\CortexM0\ARM_GCC_493\Debug\PSoC4Master.a(LED_GREEN.o)
                                0x23b (size before relaxing)
 .debug_str     0x0000146b       0x8f .\CortexM0\ARM_GCC_493\Debug\PSoC4Master.a(LED_BLUE.o)
                                0x234 (size before relaxing)
 .debug_str     0x000014fa      0x105 .\CortexM0\ARM_GCC_493\Debug\PSoC4Master.a(I2CM.o)
                                0x2c5 (size before relaxing)
 .debug_str     0x000015ff       0xae .\CortexM0\ARM_GCC_493\Debug\PSoC4Master.a(I2CM_I2C.o)
                                0x272 (size before relaxing)
 .debug_str     0x000016ad      0x1d5 .\CortexM0\ARM_GCC_493\Debug\PSoC4Master.a(I2CM_I2C_MASTER.o)
                                0x44e (size before relaxing)
 .debug_str     0x00001882      0x144 .\CortexM0\ARM_GCC_493\Debug\PSoC4Master.a(I2CM_I2C_SLAVE.o)
                                0x3a6 (size before relaxing)
 .debug_str     0x000019c6       0x7a .\CortexM0\ARM_GCC_493\Debug\PSoC4Master.a(I2CM_sda.o)
                                0x234 (size before relaxing)
 .debug_str     0x00001a40       0x6b .\CortexM0\ARM_GCC_493\Debug\PSoC4Master.a(I2CM_scl.o)
                                0x234 (size before relaxing)
 .debug_str     0x00001aab       0x3f .\CortexM0\ARM_GCC_493\Debug\PSoC4Master.a(SPIS_SPI_UART_INT.o)
                                0x1b9 (size before relaxing)
 .debug_str     0x00001aea       0x4b .\CortexM0\ARM_GCC_493\Debug\PSoC4Master.a(I2CM_I2C_INT.o)
                                0x34e (size before relaxing)

.debug_loc      0x00000000     0x2755
 *(.debug_loc)
 .debug_loc     0x00000000       0x21 .\CortexM0\ARM_GCC_493\Debug\spi.o
 .debug_loc     0x00000021      0x11b .\CortexM0\ARM_GCC_493\Debug\i2c.o
 .debug_loc     0x0000013c      0x1b7 .\CortexM0\ARM_GCC_493\Debug\led.o
 .debug_loc     0x000002f3       0xbd .\CortexM0\ARM_GCC_493\Debug\queue.o
 .debug_loc     0x000003b0      0x3df .\CortexM0\ARM_GCC_493\Debug\handler.o
 .debug_loc     0x0000078f      0x14f .\CortexM0\ARM_GCC_493\Debug\Cm0Start.o
 .debug_loc     0x000008de       0xa9 .\CortexM0\ARM_GCC_493\Debug\PSoC4Master.a(cyfitter_cfg.o)
 .debug_loc     0x00000987       0x7e .\CortexM0\ARM_GCC_493\Debug\PSoC4Master.a(SPIS.o)
 .debug_loc     0x00000a05       0x96 .\CortexM0\ARM_GCC_493\Debug\PSoC4Master.a(SPIS_SPI_UART.o)
 .debug_loc     0x00000a9b      0x5b5 .\CortexM0\ARM_GCC_493\Debug\PSoC4Master.a(CyLib.o)
 .debug_loc     0x00001050      0x7df .\CortexM0\ARM_GCC_493\Debug\PSoC4Master.a(CyLFClk.o)
 .debug_loc     0x0000182f       0xa2 .\CortexM0\ARM_GCC_493\Debug\PSoC4Master.a(LED_RED.o)
 .debug_loc     0x000018d1       0xa2 .\CortexM0\ARM_GCC_493\Debug\PSoC4Master.a(LED_GREEN.o)
 .debug_loc     0x00001973       0xa2 .\CortexM0\ARM_GCC_493\Debug\PSoC4Master.a(LED_BLUE.o)
 .debug_loc     0x00001a15       0x7e .\CortexM0\ARM_GCC_493\Debug\PSoC4Master.a(I2CM.o)
 .debug_loc     0x00001a93      0x882 .\CortexM0\ARM_GCC_493\Debug\PSoC4Master.a(I2CM_I2C_MASTER.o)
 .debug_loc     0x00002315      0x175 .\CortexM0\ARM_GCC_493\Debug\PSoC4Master.a(I2CM_I2C_SLAVE.o)
 .debug_loc     0x0000248a       0xa2 .\CortexM0\ARM_GCC_493\Debug\PSoC4Master.a(I2CM_sda.o)
 .debug_loc     0x0000252c       0x81 .\CortexM0\ARM_GCC_493\Debug\PSoC4Master.a(I2CM_scl.o)
 .debug_loc     0x000025ad      0x1a8 .\CortexM0\ARM_GCC_493\Debug\PSoC4Master.a(I2CM_I2C_INT.o)

.debug_macinfo
 *(.debug_macinfo)

.debug_ranges   0x00000000      0x708
 *(.debug_ranges)
 .debug_ranges  0x00000000       0x10 .\CortexM0\ARM_GCC_493\Debug\main.o
 .debug_ranges  0x00000010       0x30 .\CortexM0\ARM_GCC_493\Debug\spi.o
 .debug_ranges  0x00000040       0x28 .\CortexM0\ARM_GCC_493\Debug\i2c.o
 .debug_ranges  0x00000068       0x18 .\CortexM0\ARM_GCC_493\Debug\led.o
 .debug_ranges  0x00000080       0x48 .\CortexM0\ARM_GCC_493\Debug\queue.o
 .debug_ranges  0x000000c8       0x10 .\CortexM0\ARM_GCC_493\Debug\handler.o
 .debug_ranges  0x000000d8       0x10 .\CortexM0\ARM_GCC_493\Debug\test.o
 .debug_ranges  0x000000e8       0x38 .\CortexM0\ARM_GCC_493\Debug\Cm0Start.o
 .debug_ranges  0x00000120       0x20 .\CortexM0\ARM_GCC_493\Debug\PSoC4Master.a(cyfitter_cfg.o)
 .debug_ranges  0x00000140       0x60 .\CortexM0\ARM_GCC_493\Debug\PSoC4Master.a(SPIS.o)
 .debug_ranges  0x000001a0       0x50 .\CortexM0\ARM_GCC_493\Debug\PSoC4Master.a(SPIS_SPI_UART.o)
 .debug_ranges  0x000001f0       0x20 .\CortexM0\ARM_GCC_493\Debug\PSoC4Master.a(SPIS_SPI.o)
 .debug_ranges  0x00000210      0x168 .\CortexM0\ARM_GCC_493\Debug\PSoC4Master.a(CyLib.o)
 .debug_ranges  0x00000378      0x110 .\CortexM0\ARM_GCC_493\Debug\PSoC4Master.a(CyLFClk.o)
 .debug_ranges  0x00000488       0x38 .\CortexM0\ARM_GCC_493\Debug\PSoC4Master.a(LED_RED.o)
 .debug_ranges  0x000004c0       0x38 .\CortexM0\ARM_GCC_493\Debug\PSoC4Master.a(LED_GREEN.o)
 .debug_ranges  0x000004f8       0x38 .\CortexM0\ARM_GCC_493\Debug\PSoC4Master.a(LED_BLUE.o)
 .debug_ranges  0x00000530       0x58 .\CortexM0\ARM_GCC_493\Debug\PSoC4Master.a(I2CM.o)
 .debug_ranges  0x00000588       0x18 .\CortexM0\ARM_GCC_493\Debug\PSoC4Master.a(I2CM_I2C.o)
 .debug_ranges  0x000005a0       0x78 .\CortexM0\ARM_GCC_493\Debug\PSoC4Master.a(I2CM_I2C_MASTER.o)
 .debug_ranges  0x00000618       0x60 .\CortexM0\ARM_GCC_493\Debug\PSoC4Master.a(I2CM_I2C_SLAVE.o)
 .debug_ranges  0x00000678       0x38 .\CortexM0\ARM_GCC_493\Debug\PSoC4Master.a(I2CM_sda.o)
 .debug_ranges  0x000006b0       0x38 .\CortexM0\ARM_GCC_493\Debug\PSoC4Master.a(I2CM_scl.o)
 .debug_ranges  0x000006e8       0x10 .\CortexM0\ARM_GCC_493\Debug\PSoC4Master.a(SPIS_SPI_UART_INT.o)
 .debug_ranges  0x000006f8       0x10 .\CortexM0\ARM_GCC_493\Debug\PSoC4Master.a(I2CM_I2C_INT.o)

.comment        0x00000000       0x70
 .comment       0x00000000       0x70 .\CortexM0\ARM_GCC_493\Debug\main.o
                                 0x71 (size before relaxing)
 .comment       0x00000000       0x71 .\CortexM0\ARM_GCC_493\Debug\spi.o
 .comment       0x00000000       0x71 .\CortexM0\ARM_GCC_493\Debug\i2c.o
 .comment       0x00000000       0x71 .\CortexM0\ARM_GCC_493\Debug\led.o
 .comment       0x00000000       0x71 .\CortexM0\ARM_GCC_493\Debug\queue.o
 .comment       0x00000000       0x71 .\CortexM0\ARM_GCC_493\Debug\handler.o
 .comment       0x00000000       0x71 .\CortexM0\ARM_GCC_493\Debug\test.o
 .comment       0x00000000       0x71 .\CortexM0\ARM_GCC_493\Debug\cymetadata.o
 .comment       0x00000000       0x71 .\CortexM0\ARM_GCC_493\Debug\Cm0Start.o
 .comment       0x00000000       0x71 .\CortexM0\ARM_GCC_493\Debug\PSoC4Master.a(cyfitter_cfg.o)
 .comment       0x00000000       0x71 .\CortexM0\ARM_GCC_493\Debug\PSoC4Master.a(SPIS.o)
 .comment       0x00000000       0x71 .\CortexM0\ARM_GCC_493\Debug\PSoC4Master.a(SPIS_SPI_UART.o)
 .comment       0x00000000       0x71 .\CortexM0\ARM_GCC_493\Debug\PSoC4Master.a(SPIS_SPI.o)
 .comment       0x00000000       0x71 .\CortexM0\ARM_GCC_493\Debug\PSoC4Master.a(CyLib.o)
 .comment       0x00000000       0x71 .\CortexM0\ARM_GCC_493\Debug\PSoC4Master.a(CyLFClk.o)
 .comment       0x00000000       0x71 .\CortexM0\ARM_GCC_493\Debug\PSoC4Master.a(LED_RED.o)
 .comment       0x00000000       0x71 .\CortexM0\ARM_GCC_493\Debug\PSoC4Master.a(LED_GREEN.o)
 .comment       0x00000000       0x71 .\CortexM0\ARM_GCC_493\Debug\PSoC4Master.a(LED_BLUE.o)
 .comment       0x00000000       0x71 .\CortexM0\ARM_GCC_493\Debug\PSoC4Master.a(I2CM.o)
 .comment       0x00000000       0x71 .\CortexM0\ARM_GCC_493\Debug\PSoC4Master.a(I2CM_I2C.o)
 .comment       0x00000000       0x71 .\CortexM0\ARM_GCC_493\Debug\PSoC4Master.a(I2CM_I2C_MASTER.o)
 .comment       0x00000000       0x71 .\CortexM0\ARM_GCC_493\Debug\PSoC4Master.a(I2CM_I2C_SLAVE.o)
 .comment       0x00000000       0x71 .\CortexM0\ARM_GCC_493\Debug\PSoC4Master.a(I2CM_sda.o)
 .comment       0x00000000       0x71 .\CortexM0\ARM_GCC_493\Debug\PSoC4Master.a(I2CM_scl.o)
 .comment       0x00000000       0x71 .\CortexM0\ARM_GCC_493\Debug\PSoC4Master.a(SPIS_SPI_UART_INT.o)
 .comment       0x00000000       0x71 .\CortexM0\ARM_GCC_493\Debug\PSoC4Master.a(I2CM_I2C_INT.o)

.debug_weaknames
 *(.debug_weaknames)

.debug_funcnames
 *(.debug_funcnames)

.debug_typenames
 *(.debug_typenames)

.debug_varnames
 *(.debug_varnames)

.note.gnu.arm.ident
 *(.note.gnu.arm.ident)

.ARM.attributes
                0x00000000       0x28
 *(.ARM.attributes)
 .ARM.attributes
                0x00000000       0x1e c:/program files (x86)/cypress/psoc creator/3.3/psoc creator/import/gnu/arm/4.9.3/bin/../lib/gcc/arm-none-eabi/4.9.3/armv6-m/crti.o
 .ARM.attributes
                0x0000001e       0x2c c:/program files (x86)/cypress/psoc creator/3.3/psoc creator/import/gnu/arm/4.9.3/bin/../lib/gcc/arm-none-eabi/4.9.3/armv6-m/crtbegin.o
 .ARM.attributes
                0x0000004a       0x1b c:/program files (x86)/cypress/psoc creator/3.3/psoc creator/import/gnu/arm/4.9.3/bin/../lib/gcc/arm-none-eabi/4.9.3/../../../../arm-none-eabi/lib/armv6-m/crt0.o
 .ARM.attributes
                0x00000065       0x31 .\CortexM0\ARM_GCC_493\Debug\main.o
 .ARM.attributes
                0x00000096       0x31 .\CortexM0\ARM_GCC_493\Debug\spi.o
 .ARM.attributes
                0x000000c7       0x31 .\CortexM0\ARM_GCC_493\Debug\i2c.o
 .ARM.attributes
                0x000000f8       0x31 .\CortexM0\ARM_GCC_493\Debug\led.o
 .ARM.attributes
                0x00000129       0x31 .\CortexM0\ARM_GCC_493\Debug\queue.o
 .ARM.attributes
                0x0000015a       0x31 .\CortexM0\ARM_GCC_493\Debug\handler.o
 .ARM.attributes
                0x0000018b       0x31 .\CortexM0\ARM_GCC_493\Debug\test.o
 .ARM.attributes
                0x000001bc       0x31 .\CortexM0\ARM_GCC_493\Debug\cymetadata.o
 .ARM.attributes
                0x000001ed       0x31 .\CortexM0\ARM_GCC_493\Debug\Cm0Start.o
 .ARM.attributes
                0x0000021e       0x31 .\CortexM0\ARM_GCC_493\Debug\PSoC4Master.a(cyfitter_cfg.o)
 .ARM.attributes
                0x0000024f       0x31 .\CortexM0\ARM_GCC_493\Debug\PSoC4Master.a(SPIS.o)
 .ARM.attributes
                0x00000280       0x31 .\CortexM0\ARM_GCC_493\Debug\PSoC4Master.a(SPIS_SPI_UART.o)
 .ARM.attributes
                0x000002b1       0x31 .\CortexM0\ARM_GCC_493\Debug\PSoC4Master.a(SPIS_SPI.o)
 .ARM.attributes
                0x000002e2       0x31 .\CortexM0\ARM_GCC_493\Debug\PSoC4Master.a(CyLib.o)
 .ARM.attributes
                0x00000313       0x31 .\CortexM0\ARM_GCC_493\Debug\PSoC4Master.a(CyLFClk.o)
 .ARM.attributes
                0x00000344       0x31 .\CortexM0\ARM_GCC_493\Debug\PSoC4Master.a(LED_RED.o)
 .ARM.attributes
                0x00000375       0x31 .\CortexM0\ARM_GCC_493\Debug\PSoC4Master.a(LED_GREEN.o)
 .ARM.attributes
                0x000003a6       0x31 .\CortexM0\ARM_GCC_493\Debug\PSoC4Master.a(LED_BLUE.o)
 .ARM.attributes
                0x000003d7       0x31 .\CortexM0\ARM_GCC_493\Debug\PSoC4Master.a(I2CM.o)
 .ARM.attributes
                0x00000408       0x31 .\CortexM0\ARM_GCC_493\Debug\PSoC4Master.a(I2CM_I2C.o)
 .ARM.attributes
                0x00000439       0x31 .\CortexM0\ARM_GCC_493\Debug\PSoC4Master.a(I2CM_I2C_MASTER.o)
 .ARM.attributes
                0x0000046a       0x31 .\CortexM0\ARM_GCC_493\Debug\PSoC4Master.a(I2CM_I2C_SLAVE.o)
 .ARM.attributes
                0x0000049b       0x31 .\CortexM0\ARM_GCC_493\Debug\PSoC4Master.a(I2CM_sda.o)
 .ARM.attributes
                0x000004cc       0x31 .\CortexM0\ARM_GCC_493\Debug\PSoC4Master.a(I2CM_scl.o)
 .ARM.attributes
                0x000004fd       0x31 .\CortexM0\ARM_GCC_493\Debug\PSoC4Master.a(SPIS_SPI_UART_INT.o)
 .ARM.attributes
                0x0000052e       0x21 .\CortexM0\ARM_GCC_493\Debug\PSoC4Master.a(CyBootAsmGnu.o)
 .ARM.attributes
                0x0000054f       0x31 .\CortexM0\ARM_GCC_493\Debug\PSoC4Master.a(I2CM_I2C_INT.o)
 .ARM.attributes
                0x00000580       0x1e c:/program files (x86)/cypress/psoc creator/3.3/psoc creator/import/gnu/arm/4.9.3/bin/../lib/gcc/arm-none-eabi/4.9.3/armv6-m\libgcc.a(_udivsi3.o)
 .ARM.attributes
                0x0000059e       0x1e c:/program files (x86)/cypress/psoc creator/3.3/psoc creator/import/gnu/arm/4.9.3/bin/../lib/gcc/arm-none-eabi/4.9.3/armv6-m\libgcc.a(_dvmd_tls.o)
 .ARM.attributes
                0x000005bc       0x2c c:/program files (x86)/cypress/psoc creator/3.3/psoc creator/import/gnu/arm/4.9.3/bin/../lib/gcc/arm-none-eabi/4.9.3/../../../../arm-none-eabi/lib/armv6-m\libg_nano.a(lib_a-errno.o)
 .ARM.attributes
                0x000005e8       0x2c c:/program files (x86)/cypress/psoc creator/3.3/psoc creator/import/gnu/arm/4.9.3/bin/../lib/gcc/arm-none-eabi/4.9.3/../../../../arm-none-eabi/lib/armv6-m\libg_nano.a(lib_a-exit.o)
 .ARM.attributes
                0x00000614       0x2c c:/program files (x86)/cypress/psoc creator/3.3/psoc creator/import/gnu/arm/4.9.3/bin/../lib/gcc/arm-none-eabi/4.9.3/../../../../arm-none-eabi/lib/armv6-m\libg_nano.a(lib_a-impure.o)
 .ARM.attributes
                0x00000640       0x2c c:/program files (x86)/cypress/psoc creator/3.3/psoc creator/import/gnu/arm/4.9.3/bin/../lib/gcc/arm-none-eabi/4.9.3/../../../../arm-none-eabi/lib/armv6-m\libg_nano.a(lib_a-init.o)
 .ARM.attributes
                0x0000066c       0x2c c:/program files (x86)/cypress/psoc creator/3.3/psoc creator/import/gnu/arm/4.9.3/bin/../lib/gcc/arm-none-eabi/4.9.3/../../../../arm-none-eabi/lib/armv6-m\libg_nano.a(lib_a-malloc.o)
 .ARM.attributes
                0x00000698       0x2c c:/program files (x86)/cypress/psoc creator/3.3/psoc creator/import/gnu/arm/4.9.3/bin/../lib/gcc/arm-none-eabi/4.9.3/../../../../arm-none-eabi/lib/armv6-m\libg_nano.a(lib_a-memset.o)
 .ARM.attributes
                0x000006c4       0x2c c:/program files (x86)/cypress/psoc creator/3.3/psoc creator/import/gnu/arm/4.9.3/bin/../lib/gcc/arm-none-eabi/4.9.3/../../../../arm-none-eabi/lib/armv6-m\libg_nano.a(lib_a-nano-freer.o)
 .ARM.attributes
                0x000006f0       0x2c c:/program files (x86)/cypress/psoc creator/3.3/psoc creator/import/gnu/arm/4.9.3/bin/../lib/gcc/arm-none-eabi/4.9.3/../../../../arm-none-eabi/lib/armv6-m\libg_nano.a(lib_a-nano-mallocr.o)
 .ARM.attributes
                0x0000071c       0x2c c:/program files (x86)/cypress/psoc creator/3.3/psoc creator/import/gnu/arm/4.9.3/bin/../lib/gcc/arm-none-eabi/4.9.3/../../../../arm-none-eabi/lib/armv6-m\libg_nano.a(lib_a-sbrkr.o)
 .ARM.attributes
                0x00000748       0x2c c:/program files (x86)/cypress/psoc creator/3.3/psoc creator/import/gnu/arm/4.9.3/bin/../lib/gcc/arm-none-eabi/4.9.3/../../../../arm-none-eabi/lib/armv6-m\libg_nano.a(lib_a-reent.o)
 .ARM.attributes
                0x00000774       0x2c c:/program files (x86)/cypress/psoc creator/3.3/psoc creator/import/gnu/arm/4.9.3/bin/../lib/gcc/arm-none-eabi/4.9.3/armv6-m/crtend.o
 .ARM.attributes
                0x000007a0       0x1e c:/program files (x86)/cypress/psoc creator/3.3/psoc creator/import/gnu/arm/4.9.3/bin/../lib/gcc/arm-none-eabi/4.9.3/armv6-m/crtn.o

/DISCARD/
 *(.note.GNU-stack)
OUTPUT(.\CortexM0\ARM_GCC_493\Debug\PSoC4Master.elf elf32-littlearm)
